// Validating benchmarks:
// ***** BenchmarkRunner: Start   *****
// ***** Found 2 benchmark(s) in total *****
// ***** Building 1 exe(s) in Parallel: Start   *****
// start dotnet  restore --nodeReuse:false /p:UseSharedCompilation=false /p:Deterministic=true /p:Optimize=true /p:ArtifactsPath="C:\Users\borde\Desktop\Programming\Backend\WPF\GasSimulation\GasSimulation.Benchmarks\bin\Release\net10.0-windows\GasSimulation.Benchmarks-1/" /p:OutDir="C:\Users\borde\Desktop\Programming\Backend\WPF\GasSimulation\GasSimulation.Benchmarks\bin\Release\net10.0-windows\GasSimulation.Benchmarks-1\bin\Release\net10.0-Windows7.0/" /p:OutputPath="C:\Users\borde\Desktop\Programming\Backend\WPF\GasSimulation\GasSimulation.Benchmarks\bin\Release\net10.0-windows\GasSimulation.Benchmarks-1\bin\Release\net10.0-Windows7.0/" /p:PublishDir="C:\Users\borde\Desktop\Programming\Backend\WPF\GasSimulation\GasSimulation.Benchmarks\bin\Release\net10.0-windows\GasSimulation.Benchmarks-1\publish/" in C:\Users\borde\Desktop\Programming\Backend\WPF\GasSimulation\GasSimulation.Benchmarks\bin\Release\net10.0-windows\GasSimulation.Benchmarks-1
// command took 1.27 sec and exited with 0
// start dotnet  build -c Release --no-restore --nodeReuse:false /p:UseSharedCompilation=false /p:Deterministic=true /p:Optimize=true /p:ArtifactsPath="C:\Users\borde\Desktop\Programming\Backend\WPF\GasSimulation\GasSimulation.Benchmarks\bin\Release\net10.0-windows\GasSimulation.Benchmarks-1/" /p:OutDir="C:\Users\borde\Desktop\Programming\Backend\WPF\GasSimulation\GasSimulation.Benchmarks\bin\Release\net10.0-windows\GasSimulation.Benchmarks-1\bin\Release\net10.0-Windows7.0/" /p:OutputPath="C:\Users\borde\Desktop\Programming\Backend\WPF\GasSimulation\GasSimulation.Benchmarks\bin\Release\net10.0-windows\GasSimulation.Benchmarks-1\bin\Release\net10.0-Windows7.0/" /p:PublishDir="C:\Users\borde\Desktop\Programming\Backend\WPF\GasSimulation\GasSimulation.Benchmarks\bin\Release\net10.0-windows\GasSimulation.Benchmarks-1\publish/" --output "C:\Users\borde\Desktop\Programming\Backend\WPF\GasSimulation\GasSimulation.Benchmarks\bin\Release\net10.0-windows\GasSimulation.Benchmarks-1\bin\Release\net10.0-Windows7.0/" in C:\Users\borde\Desktop\Programming\Backend\WPF\GasSimulation\GasSimulation.Benchmarks\bin\Release\net10.0-windows\GasSimulation.Benchmarks-1
// command took 10 sec and exited with 0
// ***** Done, took 00:00:11 (11.33 sec)   *****
// Found 2 benchmarks:
//   SimulationBenchmarks.CalculateIteration: DefaultJob [NumAtoms=500]
//   SimulationBenchmarks.CalculateIteration: DefaultJob [NumAtoms=1000]

Setup power plan (GUID: 8c5e7fda-e8bf-4a96-9a85-a6e23a8c635c FriendlyName: High performance)
// **************************
// Benchmark: SimulationBenchmarks.CalculateIteration: DefaultJob [NumAtoms=500]
// *** Execute ***
// Launch: 1 / 1
// Execute: dotnet GasSimulation.Benchmarks-1.dll --anonymousPipes 1424 1460 --benchmarkName "GasSimulation.Benchmarks.Benchmarks.SimulationBenchmarks.CalculateIteration(NumAtoms: 500)" --job Default --benchmarkId 0 in C:\Users\borde\Desktop\Programming\Backend\WPF\GasSimulation\GasSimulation.Benchmarks\bin\Release\net10.0-windows\GasSimulation.Benchmarks-1\bin\Release\net10.0-Windows7.0
// BeforeAnythingElse

// Benchmark Process Environment Information:
// BenchmarkDotNet v0.15.8
// Runtime=.NET 10.0.5 (10.0.5, 10.0.526.15411), X64 RyuJIT x86-64-v3
// GC=Concurrent Workstation
// HardwareIntrinsics=AVX2+BMI1+BMI2+F16C+FMA+LZCNT+MOVBE,AVX,SSE3+SSSE3+SSE4.1+SSE4.2+POPCNT,X86Base+SSE+SSE2,AES+PCLMUL VectorSize=256
// Job: DefaultJob

OverheadJitting  1: 1 op, 137400.00 ns, 137.4000 us/op
WorkloadJitting  1: 1 op, 174694200.00 ns, 174.6942 ms/op

WorkloadPilot    1: 2 op, 73236500.00 ns, 36.6183 ms/op
WorkloadPilot    2: 3 op, 82775800.00 ns, 27.5919 ms/op
WorkloadPilot    3: 4 op, 99451400.00 ns, 24.8629 ms/op
WorkloadPilot    4: 5 op, 80811800.00 ns, 16.1624 ms/op
WorkloadPilot    5: 6 op, 70687200.00 ns, 11.7812 ms/op
WorkloadPilot    6: 7 op, 51224500.00 ns, 7.3178 ms/op
WorkloadPilot    7: 8 op, 38952300.00 ns, 4.8690 ms/op
WorkloadPilot    8: 9 op, 27108000.00 ns, 3.0120 ms/op
WorkloadPilot    9: 10 op, 17330400.00 ns, 1.7330 ms/op
WorkloadPilot   10: 11 op, 14228900.00 ns, 1.2935 ms/op
WorkloadPilot   11: 12 op, 9961400.00 ns, 830.1167 us/op
WorkloadPilot   12: 13 op, 8260800.00 ns, 635.4462 us/op
WorkloadPilot   13: 14 op, 4252600.00 ns, 303.7571 us/op
WorkloadPilot   14: 15 op, 5781800.00 ns, 385.4533 us/op
WorkloadPilot   15: 16 op, 4736800.00 ns, 296.0500 us/op
WorkloadPilot   16: 32 op, 7423000.00 ns, 231.9688 us/op
WorkloadPilot   17: 64 op, 11861000.00 ns, 185.3281 us/op
WorkloadPilot   18: 128 op, 21116900.00 ns, 164.9758 us/op
WorkloadPilot   19: 256 op, 38213000.00 ns, 149.2695 us/op
WorkloadPilot   20: 512 op, 75414100.00 ns, 147.2932 us/op
WorkloadPilot   21: 1024 op, 145559300.00 ns, 142.1478 us/op
WorkloadPilot   22: 2048 op, 293942700.00 ns, 143.5267 us/op
WorkloadPilot   23: 4096 op, 575733900.00 ns, 140.5600 us/op

WorkloadWarmup   1: 4096 op, 589299700.00 ns, 143.8720 us/op
WorkloadWarmup   2: 4096 op, 586161300.00 ns, 143.1058 us/op
WorkloadWarmup   3: 4096 op, 575753600.00 ns, 140.5648 us/op
WorkloadWarmup   4: 4096 op, 576813900.00 ns, 140.8237 us/op
WorkloadWarmup   5: 4096 op, 591830200.00 ns, 144.4898 us/op
WorkloadWarmup   6: 4096 op, 595733700.00 ns, 145.4428 us/op
WorkloadWarmup   7: 4096 op, 587046400.00 ns, 143.3219 us/op
WorkloadWarmup   8: 4096 op, 575712700.00 ns, 140.5549 us/op
WorkloadWarmup   9: 4096 op, 572592600.00 ns, 139.7931 us/op
WorkloadWarmup  10: 4096 op, 580640900.00 ns, 141.7580 us/op
WorkloadWarmup  11: 4096 op, 586551600.00 ns, 143.2011 us/op
WorkloadWarmup  12: 4096 op, 577389700.00 ns, 140.9643 us/op

// BeforeActualRun
WorkloadActual   1: 4096 op, 577118700.00 ns, 140.8981 us/op
WorkloadActual   2: 4096 op, 571642200.00 ns, 139.5611 us/op
WorkloadActual   3: 4096 op, 572017200.00 ns, 139.6526 us/op
WorkloadActual   4: 4096 op, 576666400.00 ns, 140.7877 us/op
WorkloadActual   5: 4096 op, 570856500.00 ns, 139.3693 us/op
WorkloadActual   6: 4096 op, 585766500.00 ns, 143.0094 us/op
WorkloadActual   7: 4096 op, 582892100.00 ns, 142.3076 us/op
WorkloadActual   8: 4096 op, 571755400.00 ns, 139.5887 us/op
WorkloadActual   9: 4096 op, 570504900.00 ns, 139.2834 us/op
WorkloadActual  10: 4096 op, 572443300.00 ns, 139.7567 us/op
WorkloadActual  11: 4096 op, 584506200.00 ns, 142.7017 us/op
WorkloadActual  12: 4096 op, 580484600.00 ns, 141.7199 us/op
WorkloadActual  13: 4096 op, 579409500.00 ns, 141.4574 us/op
WorkloadActual  14: 4096 op, 577290000.00 ns, 140.9399 us/op
WorkloadActual  15: 4096 op, 576271200.00 ns, 140.6912 us/op

// AfterActualRun
WorkloadResult   1: 4096 op, 577118700.00 ns, 140.8981 us/op
WorkloadResult   2: 4096 op, 571642200.00 ns, 139.5611 us/op
WorkloadResult   3: 4096 op, 572017200.00 ns, 139.6526 us/op
WorkloadResult   4: 4096 op, 576666400.00 ns, 140.7877 us/op
WorkloadResult   5: 4096 op, 570856500.00 ns, 139.3693 us/op
WorkloadResult   6: 4096 op, 585766500.00 ns, 143.0094 us/op
WorkloadResult   7: 4096 op, 582892100.00 ns, 142.3076 us/op
WorkloadResult   8: 4096 op, 571755400.00 ns, 139.5887 us/op
WorkloadResult   9: 4096 op, 570504900.00 ns, 139.2834 us/op
WorkloadResult  10: 4096 op, 572443300.00 ns, 139.7567 us/op
WorkloadResult  11: 4096 op, 584506200.00 ns, 142.7017 us/op
WorkloadResult  12: 4096 op, 580484600.00 ns, 141.7199 us/op
WorkloadResult  13: 4096 op, 579409500.00 ns, 141.4574 us/op
WorkloadResult  14: 4096 op, 577290000.00 ns, 140.9399 us/op
WorkloadResult  15: 4096 op, 576271200.00 ns, 140.6912 us/op
// GC:  0 0 0 0 4096
// Threading:  0 0 4096

// AfterAll
// Benchmark Process 321244 has exited with code 0.

Mean = 140.782 μs, StdErr = 0.322 μs (0.23%), N = 15, StdDev = 1.249 μs
Min = 139.283 μs, Q1 = 139.621 μs, Median = 140.788 μs, Q3 = 141.589 μs, Max = 143.009 μs
IQR = 1.968 μs, LowerFence = 136.669 μs, UpperFence = 144.541 μs
ConfidenceInterval = [139.446 μs; 142.117 μs] (CI 99.9%), Margin = 1.335 μs (0.95% of Mean)
Skewness = 0.36, Kurtosis = 1.66, MValue = 2

// ** Remained 1 (50.0%) benchmark(s) to run. Estimated finish 2026-05-07 21:45 (0h 0m from now) **
Setup power plan (GUID: 8c5e7fda-e8bf-4a96-9a85-a6e23a8c635c FriendlyName: High performance)
// **************************
// Benchmark: SimulationBenchmarks.CalculateIteration: DefaultJob [NumAtoms=1000]
// *** Execute ***
// Launch: 1 / 1
// Execute: dotnet GasSimulation.Benchmarks-1.dll --anonymousPipes 1552 1544 --benchmarkName "GasSimulation.Benchmarks.Benchmarks.SimulationBenchmarks.CalculateIteration(NumAtoms: 1000)" --job Default --benchmarkId 1 in C:\Users\borde\Desktop\Programming\Backend\WPF\GasSimulation\GasSimulation.Benchmarks\bin\Release\net10.0-windows\GasSimulation.Benchmarks-1\bin\Release\net10.0-Windows7.0
// BeforeAnythingElse

// Benchmark Process Environment Information:
// BenchmarkDotNet v0.15.8
// Runtime=.NET 10.0.5 (10.0.5, 10.0.526.15411), X64 RyuJIT x86-64-v3
// GC=Concurrent Workstation
// HardwareIntrinsics=AVX2+BMI1+BMI2+F16C+FMA+LZCNT+MOVBE,AVX,SSE3+SSSE3+SSE4.1+SSE4.2+POPCNT,X86Base+SSE+SSE2,AES+PCLMUL VectorSize=256
// Job: DefaultJob

OverheadJitting  1: 1 op, 141900.00 ns, 141.9000 us/op
WorkloadJitting  1: 1 op, 1427037100.00 ns, 1.4270 s/op

OverheadJitting  2: 1 op, 500.00 ns, 500.0000 ns/op
WorkloadJitting  2: 1 op, 1103838700.00 ns, 1.1038 s/op

WorkloadWarmup   1: 1 op, 1020812200.00 ns, 1.0208 s/op
WorkloadWarmup   2: 1 op, 863098100.00 ns, 863.0981 ms/op
WorkloadWarmup   3: 1 op, 796636100.00 ns, 796.6361 ms/op
WorkloadWarmup   4: 1 op, 696838400.00 ns, 696.8384 ms/op
WorkloadWarmup   5: 1 op, 622156600.00 ns, 622.1566 ms/op
WorkloadWarmup   6: 1 op, 495964700.00 ns, 495.9647 ms/op
WorkloadWarmup   7: 1 op, 428471800.00 ns, 428.4718 ms/op
WorkloadWarmup   8: 1 op, 438144400.00 ns, 438.1444 ms/op
WorkloadWarmup   9: 1 op, 322803400.00 ns, 322.8034 ms/op
WorkloadWarmup  10: 1 op, 285297000.00 ns, 285.2970 ms/op
WorkloadWarmup  11: 1 op, 242861900.00 ns, 242.8619 ms/op
WorkloadWarmup  12: 1 op, 227828300.00 ns, 227.8283 ms/op
WorkloadWarmup  13: 1 op, 198857200.00 ns, 198.8572 ms/op
WorkloadWarmup  14: 1 op, 148634600.00 ns, 148.6346 ms/op
WorkloadWarmup  15: 1 op, 152784900.00 ns, 152.7849 ms/op
WorkloadWarmup  16: 1 op, 129127800.00 ns, 129.1278 ms/op

// BeforeActualRun
WorkloadActual   1: 1 op, 117756400.00 ns, 117.7564 ms/op
WorkloadActual   2: 1 op, 88457300.00 ns, 88.4573 ms/op
WorkloadActual   3: 1 op, 90186500.00 ns, 90.1865 ms/op
WorkloadActual   4: 1 op, 89372200.00 ns, 89.3722 ms/op
WorkloadActual   5: 1 op, 77216200.00 ns, 77.2162 ms/op
WorkloadActual   6: 1 op, 67562600.00 ns, 67.5626 ms/op
WorkloadActual   7: 1 op, 65873400.00 ns, 65.8734 ms/op
WorkloadActual   8: 1 op, 56261300.00 ns, 56.2613 ms/op
WorkloadActual   9: 1 op, 55873400.00 ns, 55.8734 ms/op
WorkloadActual  10: 1 op, 47725200.00 ns, 47.7252 ms/op
WorkloadActual  11: 1 op, 46219200.00 ns, 46.2192 ms/op
WorkloadActual  12: 1 op, 40961200.00 ns, 40.9612 ms/op
WorkloadActual  13: 1 op, 34737900.00 ns, 34.7379 ms/op
WorkloadActual  14: 1 op, 33020100.00 ns, 33.0201 ms/op
WorkloadActual  15: 1 op, 29640900.00 ns, 29.6409 ms/op
WorkloadActual  16: 1 op, 31656100.00 ns, 31.6561 ms/op
WorkloadActual  17: 1 op, 35029200.00 ns, 35.0292 ms/op
WorkloadActual  18: 1 op, 36406500.00 ns, 36.4065 ms/op
WorkloadActual  19: 1 op, 32319900.00 ns, 32.3199 ms/op
WorkloadActual  20: 1 op, 18688500.00 ns, 18.6885 ms/op
WorkloadActual  21: 1 op, 23329200.00 ns, 23.3292 ms/op
WorkloadActual  22: 1 op, 20653600.00 ns, 20.6536 ms/op
WorkloadActual  23: 1 op, 19495300.00 ns, 19.4953 ms/op
WorkloadActual  24: 1 op, 18510300.00 ns, 18.5103 ms/op
WorkloadActual  25: 1 op, 17225000.00 ns, 17.2250 ms/op
WorkloadActual  26: 1 op, 25360900.00 ns, 25.3609 ms/op
WorkloadActual  27: 1 op, 16623100.00 ns, 16.6231 ms/op
WorkloadActual  28: 1 op, 12866300.00 ns, 12.8663 ms/op
WorkloadActual  29: 1 op, 18292800.00 ns, 18.2928 ms/op
WorkloadActual  30: 1 op, 12013500.00 ns, 12.0135 ms/op
WorkloadActual  31: 1 op, 14078400.00 ns, 14.0784 ms/op
WorkloadActual  32: 1 op, 12703600.00 ns, 12.7036 ms/op
WorkloadActual  33: 1 op, 16266600.00 ns, 16.2666 ms/op
WorkloadActual  34: 1 op, 12920500.00 ns, 12.9205 ms/op
WorkloadActual  35: 1 op, 14026400.00 ns, 14.0264 ms/op
WorkloadActual  36: 1 op, 10995700.00 ns, 10.9957 ms/op
WorkloadActual  37: 1 op, 14387500.00 ns, 14.3875 ms/op
WorkloadActual  38: 1 op, 12206600.00 ns, 12.2066 ms/op
WorkloadActual  39: 1 op, 16864300.00 ns, 16.8643 ms/op
WorkloadActual  40: 1 op, 9736800.00 ns, 9.7368 ms/op
WorkloadActual  41: 1 op, 11285500.00 ns, 11.2855 ms/op
WorkloadActual  42: 1 op, 11240700.00 ns, 11.2407 ms/op
WorkloadActual  43: 1 op, 5514200.00 ns, 5.5142 ms/op
WorkloadActual  44: 1 op, 8904200.00 ns, 8.9042 ms/op
WorkloadActual  45: 1 op, 4811400.00 ns, 4.8114 ms/op
WorkloadActual  46: 1 op, 4220700.00 ns, 4.2207 ms/op
WorkloadActual  47: 1 op, 4786900.00 ns, 4.7869 ms/op
WorkloadActual  48: 1 op, 10453800.00 ns, 10.4538 ms/op
WorkloadActual  49: 1 op, 7416500.00 ns, 7.4165 ms/op
WorkloadActual  50: 1 op, 6756800.00 ns, 6.7568 ms/op
WorkloadActual  51: 1 op, 8040500.00 ns, 8.0405 ms/op
WorkloadActual  52: 1 op, 7917300.00 ns, 7.9173 ms/op
WorkloadActual  53: 1 op, 3445000.00 ns, 3.4450 ms/op
WorkloadActual  54: 1 op, 8756500.00 ns, 8.7565 ms/op
WorkloadActual  55: 1 op, 6685700.00 ns, 6.6857 ms/op
WorkloadActual  56: 1 op, 4198400.00 ns, 4.1984 ms/op
WorkloadActual  57: 1 op, 5674000.00 ns, 5.6740 ms/op
WorkloadActual  58: 1 op, 6851600.00 ns, 6.8516 ms/op
WorkloadActual  59: 1 op, 3443400.00 ns, 3.4434 ms/op
WorkloadActual  60: 1 op, 3058600.00 ns, 3.0586 ms/op
WorkloadActual  61: 1 op, 3216400.00 ns, 3.2164 ms/op
WorkloadActual  62: 1 op, 5405000.00 ns, 5.4050 ms/op
WorkloadActual  63: 1 op, 5881000.00 ns, 5.8810 ms/op
WorkloadActual  64: 1 op, 3940100.00 ns, 3.9401 ms/op
WorkloadActual  65: 1 op, 4016300.00 ns, 4.0163 ms/op
WorkloadActual  66: 1 op, 5880400.00 ns, 5.8804 ms/op
WorkloadActual  67: 1 op, 5813200.00 ns, 5.8132 ms/op
WorkloadActual  68: 1 op, 3299300.00 ns, 3.2993 ms/op
WorkloadActual  69: 1 op, 2601900.00 ns, 2.6019 ms/op
WorkloadActual  70: 1 op, 6032500.00 ns, 6.0325 ms/op
WorkloadActual  71: 1 op, 5826200.00 ns, 5.8262 ms/op
WorkloadActual  72: 1 op, 3884600.00 ns, 3.8846 ms/op
WorkloadActual  73: 1 op, 3358000.00 ns, 3.3580 ms/op
WorkloadActual  74: 1 op, 4555200.00 ns, 4.5552 ms/op
WorkloadActual  75: 1 op, 3242200.00 ns, 3.2422 ms/op
WorkloadActual  76: 1 op, 1960300.00 ns, 1.9603 ms/op
WorkloadActual  77: 1 op, 3878000.00 ns, 3.8780 ms/op
WorkloadActual  78: 1 op, 5037800.00 ns, 5.0378 ms/op
WorkloadActual  79: 1 op, 2322500.00 ns, 2.3225 ms/op
WorkloadActual  80: 1 op, 5185400.00 ns, 5.1854 ms/op
WorkloadActual  81: 1 op, 3232700.00 ns, 3.2327 ms/op
WorkloadActual  82: 1 op, 1920400.00 ns, 1.9204 ms/op
WorkloadActual  83: 1 op, 4710900.00 ns, 4.7109 ms/op
WorkloadActual  84: 1 op, 1828300.00 ns, 1.8283 ms/op
WorkloadActual  85: 1 op, 2676800.00 ns, 2.6768 ms/op
WorkloadActual  86: 1 op, 3224500.00 ns, 3.2245 ms/op
WorkloadActual  87: 1 op, 2621000.00 ns, 2.6210 ms/op
WorkloadActual  88: 1 op, 3729500.00 ns, 3.7295 ms/op
WorkloadActual  89: 1 op, 3277400.00 ns, 3.2774 ms/op
WorkloadActual  90: 1 op, 1923700.00 ns, 1.9237 ms/op
WorkloadActual  91: 1 op, 4464500.00 ns, 4.4645 ms/op
WorkloadActual  92: 1 op, 2203900.00 ns, 2.2039 ms/op
WorkloadActual  93: 1 op, 2617200.00 ns, 2.6172 ms/op
WorkloadActual  94: 1 op, 942800.00 ns, 942.8000 us/op
WorkloadActual  95: 1 op, 2737200.00 ns, 2.7372 ms/op
WorkloadActual  96: 1 op, 2574100.00 ns, 2.5741 ms/op
WorkloadActual  97: 1 op, 2043400.00 ns, 2.0434 ms/op
WorkloadActual  98: 1 op, 1868800.00 ns, 1.8688 ms/op
WorkloadActual  99: 1 op, 3776600.00 ns, 3.7766 ms/op
WorkloadActual  100: 1 op, 1691500.00 ns, 1.6915 ms/op

// AfterActualRun
WorkloadResult   1: 1 op, 34737900.00 ns, 34.7379 ms/op
WorkloadResult   2: 1 op, 33020100.00 ns, 33.0201 ms/op
WorkloadResult   3: 1 op, 29640900.00 ns, 29.6409 ms/op
WorkloadResult   4: 1 op, 31656100.00 ns, 31.6561 ms/op
WorkloadResult   5: 1 op, 35029200.00 ns, 35.0292 ms/op
WorkloadResult   6: 1 op, 36406500.00 ns, 36.4065 ms/op
WorkloadResult   7: 1 op, 32319900.00 ns, 32.3199 ms/op
WorkloadResult   8: 1 op, 18688500.00 ns, 18.6885 ms/op
WorkloadResult   9: 1 op, 23329200.00 ns, 23.3292 ms/op
WorkloadResult  10: 1 op, 20653600.00 ns, 20.6536 ms/op
WorkloadResult  11: 1 op, 19495300.00 ns, 19.4953 ms/op
WorkloadResult  12: 1 op, 18510300.00 ns, 18.5103 ms/op
WorkloadResult  13: 1 op, 17225000.00 ns, 17.2250 ms/op
WorkloadResult  14: 1 op, 25360900.00 ns, 25.3609 ms/op
WorkloadResult  15: 1 op, 16623100.00 ns, 16.6231 ms/op
WorkloadResult  16: 1 op, 12866300.00 ns, 12.8663 ms/op
WorkloadResult  17: 1 op, 18292800.00 ns, 18.2928 ms/op
WorkloadResult  18: 1 op, 12013500.00 ns, 12.0135 ms/op
WorkloadResult  19: 1 op, 14078400.00 ns, 14.0784 ms/op
WorkloadResult  20: 1 op, 12703600.00 ns, 12.7036 ms/op
WorkloadResult  21: 1 op, 16266600.00 ns, 16.2666 ms/op
WorkloadResult  22: 1 op, 12920500.00 ns, 12.9205 ms/op
WorkloadResult  23: 1 op, 14026400.00 ns, 14.0264 ms/op
WorkloadResult  24: 1 op, 10995700.00 ns, 10.9957 ms/op
WorkloadResult  25: 1 op, 14387500.00 ns, 14.3875 ms/op
WorkloadResult  26: 1 op, 12206600.00 ns, 12.2066 ms/op
WorkloadResult  27: 1 op, 16864300.00 ns, 16.8643 ms/op
WorkloadResult  28: 1 op, 9736800.00 ns, 9.7368 ms/op
WorkloadResult  29: 1 op, 11285500.00 ns, 11.2855 ms/op
WorkloadResult  30: 1 op, 11240700.00 ns, 11.2407 ms/op
WorkloadResult  31: 1 op, 5514200.00 ns, 5.5142 ms/op
WorkloadResult  32: 1 op, 8904200.00 ns, 8.9042 ms/op
WorkloadResult  33: 1 op, 4811400.00 ns, 4.8114 ms/op
WorkloadResult  34: 1 op, 4220700.00 ns, 4.2207 ms/op
WorkloadResult  35: 1 op, 4786900.00 ns, 4.7869 ms/op
WorkloadResult  36: 1 op, 10453800.00 ns, 10.4538 ms/op
WorkloadResult  37: 1 op, 7416500.00 ns, 7.4165 ms/op
WorkloadResult  38: 1 op, 6756800.00 ns, 6.7568 ms/op
WorkloadResult  39: 1 op, 8040500.00 ns, 8.0405 ms/op
WorkloadResult  40: 1 op, 7917300.00 ns, 7.9173 ms/op
WorkloadResult  41: 1 op, 3445000.00 ns, 3.4450 ms/op
WorkloadResult  42: 1 op, 8756500.00 ns, 8.7565 ms/op
WorkloadResult  43: 1 op, 6685700.00 ns, 6.6857 ms/op
WorkloadResult  44: 1 op, 4198400.00 ns, 4.1984 ms/op
WorkloadResult  45: 1 op, 5674000.00 ns, 5.6740 ms/op
WorkloadResult  46: 1 op, 6851600.00 ns, 6.8516 ms/op
WorkloadResult  47: 1 op, 3443400.00 ns, 3.4434 ms/op
WorkloadResult  48: 1 op, 3058600.00 ns, 3.0586 ms/op
WorkloadResult  49: 1 op, 3216400.00 ns, 3.2164 ms/op
WorkloadResult  50: 1 op, 5405000.00 ns, 5.4050 ms/op
WorkloadResult  51: 1 op, 5881000.00 ns, 5.8810 ms/op
WorkloadResult  52: 1 op, 3940100.00 ns, 3.9401 ms/op
WorkloadResult  53: 1 op, 4016300.00 ns, 4.0163 ms/op
WorkloadResult  54: 1 op, 5880400.00 ns, 5.8804 ms/op
WorkloadResult  55: 1 op, 5813200.00 ns, 5.8132 ms/op
WorkloadResult  56: 1 op, 3299300.00 ns, 3.2993 ms/op
WorkloadResult  57: 1 op, 2601900.00 ns, 2.6019 ms/op
WorkloadResult  58: 1 op, 6032500.00 ns, 6.0325 ms/op
WorkloadResult  59: 1 op, 5826200.00 ns, 5.8262 ms/op
WorkloadResult  60: 1 op, 3884600.00 ns, 3.8846 ms/op
WorkloadResult  61: 1 op, 3358000.00 ns, 3.3580 ms/op
WorkloadResult  62: 1 op, 4555200.00 ns, 4.5552 ms/op
WorkloadResult  63: 1 op, 3242200.00 ns, 3.2422 ms/op
WorkloadResult  64: 1 op, 1960300.00 ns, 1.9603 ms/op
WorkloadResult  65: 1 op, 3878000.00 ns, 3.8780 ms/op
WorkloadResult  66: 1 op, 5037800.00 ns, 5.0378 ms/op
WorkloadResult  67: 1 op, 2322500.00 ns, 2.3225 ms/op
WorkloadResult  68: 1 op, 5185400.00 ns, 5.1854 ms/op
WorkloadResult  69: 1 op, 3232700.00 ns, 3.2327 ms/op
WorkloadResult  70: 1 op, 1920400.00 ns, 1.9204 ms/op
WorkloadResult  71: 1 op, 4710900.00 ns, 4.7109 ms/op
WorkloadResult  72: 1 op, 1828300.00 ns, 1.8283 ms/op
WorkloadResult  73: 1 op, 2676800.00 ns, 2.6768 ms/op
WorkloadResult  74: 1 op, 3224500.00 ns, 3.2245 ms/op
WorkloadResult  75: 1 op, 2621000.00 ns, 2.6210 ms/op
WorkloadResult  76: 1 op, 3729500.00 ns, 3.7295 ms/op
WorkloadResult  77: 1 op, 3277400.00 ns, 3.2774 ms/op
WorkloadResult  78: 1 op, 1923700.00 ns, 1.9237 ms/op
WorkloadResult  79: 1 op, 4464500.00 ns, 4.4645 ms/op
WorkloadResult  80: 1 op, 2203900.00 ns, 2.2039 ms/op
WorkloadResult  81: 1 op, 2617200.00 ns, 2.6172 ms/op
WorkloadResult  82: 1 op, 942800.00 ns, 942.8000 us/op
WorkloadResult  83: 1 op, 2737200.00 ns, 2.7372 ms/op
WorkloadResult  84: 1 op, 2574100.00 ns, 2.5741 ms/op
WorkloadResult  85: 1 op, 2043400.00 ns, 2.0434 ms/op
WorkloadResult  86: 1 op, 1868800.00 ns, 1.8688 ms/op
WorkloadResult  87: 1 op, 3776600.00 ns, 3.7766 ms/op
WorkloadResult  88: 1 op, 1691500.00 ns, 1.6915 ms/op
// GC:  0 0 0 144 1
// Threading:  0 0 1

// AfterAll
// Benchmark Process 320856 has exited with code 0.

Mean = 9.579 ms, StdErr = 0.958 ms (10.00%), N = 88, StdDev = 8.985 ms
Min = 0.943 ms, Q1 = 3.294 ms, Median = 5.744 ms, Q3 = 12.880 ms, Max = 36.407 ms
IQR = 9.586 ms, LowerFence = -11.085 ms, UpperFence = 27.259 ms
ConfidenceInterval = [6.316 ms; 12.841 ms] (CI 99.9%), Margin = 3.262 ms (34.06% of Mean)
Skewness = 1.51, Kurtosis = 4.43, MValue = 2.9

// ** Remained 0 (0.0%) benchmark(s) to run. Estimated finish 2026-05-07 21:45 (0h 0m from now) **
Successfully reverted power plan (GUID: 8c5e7fda-e8bf-4a96-9a85-a6e23a8c635c FriendlyName: High performance)
// ***** BenchmarkRunner: Finish  *****

// * Export *
  BenchmarkDotNet.Artifacts\results\GasSimulation.Benchmarks.Benchmarks.SimulationBenchmarks-report.csv
  BenchmarkDotNet.Artifacts\results\GasSimulation.Benchmarks.Benchmarks.SimulationBenchmarks-report-github.md
  BenchmarkDotNet.Artifacts\results\GasSimulation.Benchmarks.Benchmarks.SimulationBenchmarks-report.html

// * Detailed results *
SimulationBenchmarks.CalculateIteration: DefaultJob [NumAtoms=500]
Runtime = .NET 10.0.5 (10.0.5, 10.0.526.15411), X64 RyuJIT x86-64-v3; GC = Concurrent Workstation
Mean = 140.782 μs, StdErr = 0.322 μs (0.23%), N = 15, StdDev = 1.249 μs
Min = 139.283 μs, Q1 = 139.621 μs, Median = 140.788 μs, Q3 = 141.589 μs, Max = 143.009 μs
IQR = 1.968 μs, LowerFence = 136.669 μs, UpperFence = 144.541 μs
ConfidenceInterval = [139.446 μs; 142.117 μs] (CI 99.9%), Margin = 1.335 μs (0.95% of Mean)
Skewness = 0.36, Kurtosis = 1.66, MValue = 2
-------------------- Histogram --------------------
[138.619 μs ; 143.674 μs) | @@@@@@@@@@@@@@@
---------------------------------------------------

SimulationBenchmarks.CalculateIteration: DefaultJob [NumAtoms=1000]
Runtime = .NET 10.0.5 (10.0.5, 10.0.526.15411), X64 RyuJIT x86-64-v3; GC = Concurrent Workstation
Mean = 9.579 ms, StdErr = 0.958 ms (10.00%), N = 88, StdDev = 8.985 ms
Min = 0.943 ms, Q1 = 3.294 ms, Median = 5.744 ms, Q3 = 12.880 ms, Max = 36.407 ms
IQR = 9.586 ms, LowerFence = -11.085 ms, UpperFence = 27.259 ms
ConfidenceInterval = [6.316 ms; 12.841 ms] (CI 99.9%), Margin = 3.262 ms (34.06% of Mean)
Skewness = 1.51, Kurtosis = 4.43, MValue = 2.9
-------------------- Histogram --------------------
[ 0.943 ms ;  1.620 ms) | @
[ 1.620 ms ;  7.767 ms) | @@@@@@@@@@@@@@@@@@@@@@@@@@@@@@@@@@@@@@@@@@@@@@@@@@@@
[ 7.767 ms ; 13.070 ms) | @@@@@@@@@@@@@@
[13.070 ms ; 19.009 ms) | @@@@@@@@@@
[19.009 ms ; 24.849 ms) | @@@
[24.849 ms ; 30.152 ms) | @@
[30.152 ms ; 36.683 ms) | @@@@@@
---------------------------------------------------

// * Summary *

BenchmarkDotNet v0.15.8, Windows 11 (10.0.26200.8246/25H2/2025Update/HudsonValley2)
AMD Ryzen 5 7535HS with Radeon Graphics 3.30GHz, 1 CPU, 12 logical and 6 physical cores
.NET SDK 10.0.300-preview.0.26177.108
  [Host]     : .NET 10.0.5 (10.0.5, 10.0.526.15411), X64 RyuJIT x86-64-v3
  DefaultJob : .NET 10.0.5 (10.0.5, 10.0.526.15411), X64 RyuJIT x86-64-v3


| Method             | NumAtoms | Mean       | Error       | StdDev      | Median     | Rank | Allocated |
|------------------- |--------- |-----------:|------------:|------------:|-----------:|-----:|----------:|
| CalculateIteration | 500      |   140.8 μs |     1.34 μs |     1.25 μs |   140.8 μs |    1 |         - |
| CalculateIteration | 1000     | 9,578.6 μs | 3,262.35 μs | 8,985.47 μs | 5,743.6 μs |    2 |     144 B |

// * Warnings *
MultimodalDistribution
  SimulationBenchmarks.CalculateIteration: Default -> It seems that the distribution can have several modes (mValue = 2.9)
MinIterationTime
  SimulationBenchmarks.CalculateIteration: Default -> The minimum observed iteration time is 942.8μs which is very small. It's recommended to increase it to at least 100ms using more operations.

// * Hints *
Outliers
  SimulationBenchmarks.CalculateIteration: Default -> 12 outliers were removed (40.96 ms..117.76 ms)

// * Legends *
  NumAtoms  : Value of the 'NumAtoms' parameter
  Mean      : Arithmetic mean of all measurements
  Error     : Half of 99.9% confidence interval
  StdDev    : Standard deviation of all measurements
  Median    : Value separating the higher half of all measurements (50th percentile)
  Rank      : Relative position of current benchmark mean among all benchmarks (Arabic style)
  Allocated : Allocated memory per single operation (managed only, inclusive, 1KB = 1024B)
  1 μs      : 1 Microsecond (0.000001 sec)

// * Diagnostic Output - MemoryDiagnoser *


// ***** BenchmarkRunner: End *****
Run time: 00:00:30 (30.58 sec), executed benchmarks: 2

Global total time: 00:00:42 (42.54 sec), executed benchmarks: 2
// * Artifacts cleanup *
Artifacts cleanup is finished
