// Validating benchmarks:
// ***** BenchmarkRunner: Start   *****
// ***** Found 2 benchmark(s) in total *****
// ***** Building 1 exe(s) in Parallel: Start   *****
// start dotnet  restore --nodeReuse:false /p:UseSharedCompilation=false /p:Deterministic=true /p:Optimize=true /p:ArtifactsPath="C:\Users\borde\Desktop\Programming\Backend\WPF\GasSimulation\GasSimulation.Benchmarks\bin\Release\net10.0-windows\GasSimulation.Benchmarks-1/" /p:OutDir="C:\Users\borde\Desktop\Programming\Backend\WPF\GasSimulation\GasSimulation.Benchmarks\bin\Release\net10.0-windows\GasSimulation.Benchmarks-1\bin\Release\net10.0-Windows7.0/" /p:OutputPath="C:\Users\borde\Desktop\Programming\Backend\WPF\GasSimulation\GasSimulation.Benchmarks\bin\Release\net10.0-windows\GasSimulation.Benchmarks-1\bin\Release\net10.0-Windows7.0/" /p:PublishDir="C:\Users\borde\Desktop\Programming\Backend\WPF\GasSimulation\GasSimulation.Benchmarks\bin\Release\net10.0-windows\GasSimulation.Benchmarks-1\publish/" in C:\Users\borde\Desktop\Programming\Backend\WPF\GasSimulation\GasSimulation.Benchmarks\bin\Release\net10.0-windows\GasSimulation.Benchmarks-1
// command took 2.54 sec and exited with 0
// start dotnet  build -c Release --no-restore --nodeReuse:false /p:UseSharedCompilation=false /p:Deterministic=true /p:Optimize=true /p:ArtifactsPath="C:\Users\borde\Desktop\Programming\Backend\WPF\GasSimulation\GasSimulation.Benchmarks\bin\Release\net10.0-windows\GasSimulation.Benchmarks-1/" /p:OutDir="C:\Users\borde\Desktop\Programming\Backend\WPF\GasSimulation\GasSimulation.Benchmarks\bin\Release\net10.0-windows\GasSimulation.Benchmarks-1\bin\Release\net10.0-Windows7.0/" /p:OutputPath="C:\Users\borde\Desktop\Programming\Backend\WPF\GasSimulation\GasSimulation.Benchmarks\bin\Release\net10.0-windows\GasSimulation.Benchmarks-1\bin\Release\net10.0-Windows7.0/" /p:PublishDir="C:\Users\borde\Desktop\Programming\Backend\WPF\GasSimulation\GasSimulation.Benchmarks\bin\Release\net10.0-windows\GasSimulation.Benchmarks-1\publish/" --output "C:\Users\borde\Desktop\Programming\Backend\WPF\GasSimulation\GasSimulation.Benchmarks\bin\Release\net10.0-windows\GasSimulation.Benchmarks-1\bin\Release\net10.0-Windows7.0/" in C:\Users\borde\Desktop\Programming\Backend\WPF\GasSimulation\GasSimulation.Benchmarks\bin\Release\net10.0-windows\GasSimulation.Benchmarks-1
// command took 10.7 sec and exited with 0
// ***** Done, took 00:00:13 (13.33 sec)   *****
// Found 2 benchmarks:
//   SimulationBenchmarks.CalculateIteration: DefaultJob [NumAtoms=500]
//   SimulationBenchmarks.CalculateIteration: DefaultJob [NumAtoms=1000]

Setup power plan (GUID: 8c5e7fda-e8bf-4a96-9a85-a6e23a8c635c FriendlyName: High performance)
// **************************
// Benchmark: SimulationBenchmarks.CalculateIteration: DefaultJob [NumAtoms=500]
// *** Execute ***
// Launch: 1 / 1
// Execute: dotnet GasSimulation.Benchmarks-1.dll --anonymousPipes 1428 1444 --benchmarkName "GasSimulation.Benchmarks.Benchmarks.SimulationBenchmarks.CalculateIteration(NumAtoms: 500)" --job Default --benchmarkId 0 in C:\Users\borde\Desktop\Programming\Backend\WPF\GasSimulation\GasSimulation.Benchmarks\bin\Release\net10.0-windows\GasSimulation.Benchmarks-1\bin\Release\net10.0-Windows7.0
// BeforeAnythingElse

// Benchmark Process Environment Information:
// BenchmarkDotNet v0.15.8
// Runtime=.NET 10.0.8 (10.0.8, 10.0.826.23019), X64 RyuJIT x86-64-v3
// GC=Concurrent Workstation
// HardwareIntrinsics=AVX2+BMI1+BMI2+F16C+FMA+LZCNT+MOVBE,AVX,SSE3+SSSE3+SSE4.1+SSE4.2+POPCNT,X86Base+SSE+SSE2,AES+PCLMUL VectorSize=256
// Job: DefaultJob

OverheadJitting  1: 1 op, 195800.00 ns, 195.8000 us/op
WorkloadJitting  1: 1 op, 228284200.00 ns, 228.2842 ms/op

WorkloadPilot    1: 2 op, 108546300.00 ns, 54.2732 ms/op
WorkloadPilot    2: 3 op, 120570600.00 ns, 40.1902 ms/op
WorkloadPilot    3: 4 op, 146837800.00 ns, 36.7095 ms/op
WorkloadPilot    4: 5 op, 135923700.00 ns, 27.1847 ms/op
WorkloadPilot    5: 6 op, 116094100.00 ns, 19.3490 ms/op
WorkloadPilot    6: 7 op, 80538100.00 ns, 11.5054 ms/op
WorkloadPilot    7: 8 op, 51817100.00 ns, 6.4771 ms/op
WorkloadPilot    8: 9 op, 39834000.00 ns, 4.4260 ms/op
WorkloadPilot    9: 10 op, 26640400.00 ns, 2.6640 ms/op
WorkloadPilot   10: 11 op, 16599900.00 ns, 1.5091 ms/op
WorkloadPilot   11: 12 op, 13850100.00 ns, 1.1542 ms/op
WorkloadPilot   12: 13 op, 11659200.00 ns, 896.8615 us/op
WorkloadPilot   13: 14 op, 11127400.00 ns, 794.8143 us/op
WorkloadPilot   14: 15 op, 7439000.00 ns, 495.9333 us/op
WorkloadPilot   15: 16 op, 6439800.00 ns, 402.4875 us/op
WorkloadPilot   16: 32 op, 11943500.00 ns, 373.2344 us/op
WorkloadPilot   17: 64 op, 19963900.00 ns, 311.9359 us/op
WorkloadPilot   18: 128 op, 31213500.00 ns, 243.8555 us/op
WorkloadPilot   19: 256 op, 59240600.00 ns, 231.4086 us/op
WorkloadPilot   20: 512 op, 113151000.00 ns, 220.9980 us/op
WorkloadPilot   21: 1024 op, 231471300.00 ns, 226.0462 us/op
WorkloadPilot   22: 2048 op, 446285500.00 ns, 217.9128 us/op
WorkloadPilot   23: 4096 op, 878986700.00 ns, 214.5964 us/op

WorkloadWarmup   1: 4096 op, 872485400.00 ns, 213.0091 us/op
WorkloadWarmup   2: 4096 op, 888778600.00 ns, 216.9870 us/op
WorkloadWarmup   3: 4096 op, 878505400.00 ns, 214.4789 us/op
WorkloadWarmup   4: 4096 op, 873791600.00 ns, 213.3280 us/op
WorkloadWarmup   5: 4096 op, 929971100.00 ns, 227.0437 us/op
WorkloadWarmup   6: 4096 op, 871275500.00 ns, 212.7137 us/op

// BeforeActualRun
WorkloadActual   1: 4096 op, 866818200.00 ns, 211.6255 us/op
WorkloadActual   2: 4096 op, 870743000.00 ns, 212.5837 us/op
WorkloadActual   3: 4096 op, 866557200.00 ns, 211.5618 us/op
WorkloadActual   4: 4096 op, 907864000.00 ns, 221.6465 us/op
WorkloadActual   5: 4096 op, 875052700.00 ns, 213.6359 us/op
WorkloadActual   6: 4096 op, 870745200.00 ns, 212.5843 us/op
WorkloadActual   7: 4096 op, 875585600.00 ns, 213.7660 us/op
WorkloadActual   8: 4096 op, 869619100.00 ns, 212.3094 us/op
WorkloadActual   9: 4096 op, 875808800.00 ns, 213.8205 us/op
WorkloadActual  10: 4096 op, 868304200.00 ns, 211.9883 us/op
WorkloadActual  11: 4096 op, 865059000.00 ns, 211.1960 us/op
WorkloadActual  12: 4096 op, 875313500.00 ns, 213.6996 us/op
WorkloadActual  13: 4096 op, 874804200.00 ns, 213.5752 us/op
WorkloadActual  14: 4096 op, 868885700.00 ns, 212.1303 us/op
WorkloadActual  15: 4096 op, 870430800.00 ns, 212.5075 us/op

// AfterActualRun
WorkloadResult   1: 4096 op, 866818200.00 ns, 211.6255 us/op
WorkloadResult   2: 4096 op, 870743000.00 ns, 212.5837 us/op
WorkloadResult   3: 4096 op, 866557200.00 ns, 211.5618 us/op
WorkloadResult   4: 4096 op, 875052700.00 ns, 213.6359 us/op
WorkloadResult   5: 4096 op, 870745200.00 ns, 212.5843 us/op
WorkloadResult   6: 4096 op, 875585600.00 ns, 213.7660 us/op
WorkloadResult   7: 4096 op, 869619100.00 ns, 212.3094 us/op
WorkloadResult   8: 4096 op, 875808800.00 ns, 213.8205 us/op
WorkloadResult   9: 4096 op, 868304200.00 ns, 211.9883 us/op
WorkloadResult  10: 4096 op, 865059000.00 ns, 211.1960 us/op
WorkloadResult  11: 4096 op, 875313500.00 ns, 213.6996 us/op
WorkloadResult  12: 4096 op, 874804200.00 ns, 213.5752 us/op
WorkloadResult  13: 4096 op, 868885700.00 ns, 212.1303 us/op
WorkloadResult  14: 4096 op, 870430800.00 ns, 212.5075 us/op
// GC:  0 0 0 0 4096
// Threading:  0 0 4096

// AfterAll
// Benchmark Process 324728 has exited with code 0.

Mean = 212.642 μs, StdErr = 0.243 μs (0.11%), N = 14, StdDev = 0.909 μs
Min = 211.196 μs, Q1 = 212.024 μs, Median = 212.546 μs, Q3 = 213.621 μs, Max = 213.821 μs
IQR = 1.597 μs, LowerFence = 209.628 μs, UpperFence = 216.016 μs
ConfidenceInterval = [211.616 μs; 213.667 μs] (CI 99.9%), Margin = 1.026 μs (0.48% of Mean)
Skewness = 0.02, Kurtosis = 1.42, MValue = 2

// ** Remained 1 (50.0%) benchmark(s) to run. Estimated finish 2026-05-17 18:45 (0h 0m from now) **
Setup power plan (GUID: 8c5e7fda-e8bf-4a96-9a85-a6e23a8c635c FriendlyName: High performance)
// **************************
// Benchmark: SimulationBenchmarks.CalculateIteration: DefaultJob [NumAtoms=1000]
// *** Execute ***
// Launch: 1 / 1
// Execute: dotnet GasSimulation.Benchmarks-1.dll --anonymousPipes 1540 1520 --benchmarkName "GasSimulation.Benchmarks.Benchmarks.SimulationBenchmarks.CalculateIteration(NumAtoms: 1000)" --job Default --benchmarkId 1 in C:\Users\borde\Desktop\Programming\Backend\WPF\GasSimulation\GasSimulation.Benchmarks\bin\Release\net10.0-windows\GasSimulation.Benchmarks-1\bin\Release\net10.0-Windows7.0
// BeforeAnythingElse

// Benchmark Process Environment Information:
// BenchmarkDotNet v0.15.8
// Runtime=.NET 10.0.8 (10.0.8, 10.0.826.23019), X64 RyuJIT x86-64-v3
// GC=Concurrent Workstation
// HardwareIntrinsics=AVX2+BMI1+BMI2+F16C+FMA+LZCNT+MOVBE,AVX,SSE3+SSSE3+SSE4.1+SSE4.2+POPCNT,X86Base+SSE+SSE2,AES+PCLMUL VectorSize=256
// Job: DefaultJob

OverheadJitting  1: 1 op, 174300.00 ns, 174.3000 us/op
WorkloadJitting  1: 1 op, 2095345600.00 ns, 2.0953 s/op

OverheadJitting  2: 1 op, 300.00 ns, 300.0000 ns/op
WorkloadJitting  2: 1 op, 1687381600.00 ns, 1.6874 s/op

WorkloadWarmup   1: 1 op, 1414731400.00 ns, 1.4147 s/op
WorkloadWarmup   2: 1 op, 1235153200.00 ns, 1.2352 s/op
WorkloadWarmup   3: 1 op, 1138751000.00 ns, 1.1388 s/op
WorkloadWarmup   4: 1 op, 997287800.00 ns, 997.2878 ms/op
WorkloadWarmup   5: 1 op, 850005800.00 ns, 850.0058 ms/op
WorkloadWarmup   6: 1 op, 841945500.00 ns, 841.9455 ms/op
WorkloadWarmup   7: 1 op, 609282100.00 ns, 609.2821 ms/op
WorkloadWarmup   8: 1 op, 532025400.00 ns, 532.0254 ms/op
WorkloadWarmup   9: 1 op, 472273900.00 ns, 472.2739 ms/op
WorkloadWarmup  10: 1 op, 391243900.00 ns, 391.2439 ms/op
WorkloadWarmup  11: 1 op, 339982900.00 ns, 339.9829 ms/op
WorkloadWarmup  12: 1 op, 284939100.00 ns, 284.9391 ms/op
WorkloadWarmup  13: 1 op, 257080500.00 ns, 257.0805 ms/op
WorkloadWarmup  14: 1 op, 237363900.00 ns, 237.3639 ms/op
WorkloadWarmup  15: 1 op, 229748100.00 ns, 229.7481 ms/op
WorkloadWarmup  16: 1 op, 167659000.00 ns, 167.6590 ms/op
WorkloadWarmup  17: 1 op, 157497000.00 ns, 157.4970 ms/op
WorkloadWarmup  18: 1 op, 133746100.00 ns, 133.7461 ms/op
WorkloadWarmup  19: 1 op, 131383000.00 ns, 131.3830 ms/op
WorkloadWarmup  20: 1 op, 127957000.00 ns, 127.9570 ms/op
WorkloadWarmup  21: 1 op, 132428500.00 ns, 132.4285 ms/op
WorkloadWarmup  22: 1 op, 99310300.00 ns, 99.3103 ms/op
WorkloadWarmup  23: 1 op, 85180500.00 ns, 85.1805 ms/op
WorkloadWarmup  24: 1 op, 92782100.00 ns, 92.7821 ms/op
WorkloadWarmup  25: 1 op, 74652500.00 ns, 74.6525 ms/op

// BeforeActualRun
WorkloadActual   1: 1 op, 106671000.00 ns, 106.6710 ms/op
WorkloadActual   2: 1 op, 56827300.00 ns, 56.8273 ms/op
WorkloadActual   3: 1 op, 52038600.00 ns, 52.0386 ms/op
WorkloadActual   4: 1 op, 52047000.00 ns, 52.0470 ms/op
WorkloadActual   5: 1 op, 65982800.00 ns, 65.9828 ms/op
WorkloadActual   6: 1 op, 45801700.00 ns, 45.8017 ms/op
WorkloadActual   7: 1 op, 50266300.00 ns, 50.2663 ms/op
WorkloadActual   8: 1 op, 61912900.00 ns, 61.9129 ms/op
WorkloadActual   9: 1 op, 40166300.00 ns, 40.1663 ms/op
WorkloadActual  10: 1 op, 32975800.00 ns, 32.9758 ms/op
WorkloadActual  11: 1 op, 37408800.00 ns, 37.4088 ms/op
WorkloadActual  12: 1 op, 29523500.00 ns, 29.5235 ms/op
WorkloadActual  13: 1 op, 25194300.00 ns, 25.1943 ms/op
WorkloadActual  14: 1 op, 22609900.00 ns, 22.6099 ms/op
WorkloadActual  15: 1 op, 24057600.00 ns, 24.0576 ms/op
WorkloadActual  16: 1 op, 29726300.00 ns, 29.7263 ms/op
WorkloadActual  17: 1 op, 19976500.00 ns, 19.9765 ms/op
WorkloadActual  18: 1 op, 29014400.00 ns, 29.0144 ms/op
WorkloadActual  19: 1 op, 29716300.00 ns, 29.7163 ms/op
WorkloadActual  20: 1 op, 23143000.00 ns, 23.1430 ms/op
WorkloadActual  21: 1 op, 34003700.00 ns, 34.0037 ms/op
WorkloadActual  22: 1 op, 16698400.00 ns, 16.6984 ms/op
WorkloadActual  23: 1 op, 21926200.00 ns, 21.9262 ms/op
WorkloadActual  24: 1 op, 20832300.00 ns, 20.8323 ms/op
WorkloadActual  25: 1 op, 21063300.00 ns, 21.0633 ms/op
WorkloadActual  26: 1 op, 10338100.00 ns, 10.3381 ms/op
WorkloadActual  27: 1 op, 21952700.00 ns, 21.9527 ms/op
WorkloadActual  28: 1 op, 20213100.00 ns, 20.2131 ms/op
WorkloadActual  29: 1 op, 19906500.00 ns, 19.9065 ms/op
WorkloadActual  30: 1 op, 15123900.00 ns, 15.1239 ms/op
WorkloadActual  31: 1 op, 9052100.00 ns, 9.0521 ms/op
WorkloadActual  32: 1 op, 11111100.00 ns, 11.1111 ms/op
WorkloadActual  33: 1 op, 18203400.00 ns, 18.2034 ms/op
WorkloadActual  34: 1 op, 11264400.00 ns, 11.2644 ms/op
WorkloadActual  35: 1 op, 15413300.00 ns, 15.4133 ms/op
WorkloadActual  36: 1 op, 14453400.00 ns, 14.4534 ms/op
WorkloadActual  37: 1 op, 16122600.00 ns, 16.1226 ms/op
WorkloadActual  38: 1 op, 9109700.00 ns, 9.1097 ms/op
WorkloadActual  39: 1 op, 5921600.00 ns, 5.9216 ms/op
WorkloadActual  40: 1 op, 14044200.00 ns, 14.0442 ms/op
WorkloadActual  41: 1 op, 10557100.00 ns, 10.5571 ms/op
WorkloadActual  42: 1 op, 9884000.00 ns, 9.8840 ms/op
WorkloadActual  43: 1 op, 3917600.00 ns, 3.9176 ms/op
WorkloadActual  44: 1 op, 6222800.00 ns, 6.2228 ms/op
WorkloadActual  45: 1 op, 11989100.00 ns, 11.9891 ms/op
WorkloadActual  46: 1 op, 7456400.00 ns, 7.4564 ms/op
WorkloadActual  47: 1 op, 4801700.00 ns, 4.8017 ms/op
WorkloadActual  48: 1 op, 9232200.00 ns, 9.2322 ms/op
WorkloadActual  49: 1 op, 9609400.00 ns, 9.6094 ms/op
WorkloadActual  50: 1 op, 8897500.00 ns, 8.8975 ms/op
WorkloadActual  51: 1 op, 9586400.00 ns, 9.5864 ms/op
WorkloadActual  52: 1 op, 7713500.00 ns, 7.7135 ms/op
WorkloadActual  53: 1 op, 4929100.00 ns, 4.9291 ms/op
WorkloadActual  54: 1 op, 5774500.00 ns, 5.7745 ms/op
WorkloadActual  55: 1 op, 6681400.00 ns, 6.6814 ms/op
WorkloadActual  56: 1 op, 5951700.00 ns, 5.9517 ms/op
WorkloadActual  57: 1 op, 6561100.00 ns, 6.5611 ms/op
WorkloadActual  58: 1 op, 5799600.00 ns, 5.7996 ms/op
WorkloadActual  59: 1 op, 5194000.00 ns, 5.1940 ms/op
WorkloadActual  60: 1 op, 4752600.00 ns, 4.7526 ms/op
WorkloadActual  61: 1 op, 4702100.00 ns, 4.7021 ms/op
WorkloadActual  62: 1 op, 2995600.00 ns, 2.9956 ms/op
WorkloadActual  63: 1 op, 2972000.00 ns, 2.9720 ms/op
WorkloadActual  64: 1 op, 6784400.00 ns, 6.7844 ms/op
WorkloadActual  65: 1 op, 5351800.00 ns, 5.3518 ms/op
WorkloadActual  66: 1 op, 3865100.00 ns, 3.8651 ms/op
WorkloadActual  67: 1 op, 2913200.00 ns, 2.9132 ms/op
WorkloadActual  68: 1 op, 4906700.00 ns, 4.9067 ms/op
WorkloadActual  69: 1 op, 3151700.00 ns, 3.1517 ms/op
WorkloadActual  70: 1 op, 9766300.00 ns, 9.7663 ms/op
WorkloadActual  71: 1 op, 6791100.00 ns, 6.7911 ms/op
WorkloadActual  72: 1 op, 5863600.00 ns, 5.8636 ms/op
WorkloadActual  73: 1 op, 7644100.00 ns, 7.6441 ms/op
WorkloadActual  74: 1 op, 2827600.00 ns, 2.8276 ms/op
WorkloadActual  75: 1 op, 2256500.00 ns, 2.2565 ms/op
WorkloadActual  76: 1 op, 6778800.00 ns, 6.7788 ms/op
WorkloadActual  77: 1 op, 8528800.00 ns, 8.5288 ms/op
WorkloadActual  78: 1 op, 2890900.00 ns, 2.8909 ms/op
WorkloadActual  79: 1 op, 1900500.00 ns, 1.9005 ms/op
WorkloadActual  80: 1 op, 4032600.00 ns, 4.0326 ms/op
WorkloadActual  81: 1 op, 3066300.00 ns, 3.0663 ms/op
WorkloadActual  82: 1 op, 3834900.00 ns, 3.8349 ms/op
WorkloadActual  83: 1 op, 3687100.00 ns, 3.6871 ms/op
WorkloadActual  84: 1 op, 3120900.00 ns, 3.1209 ms/op
WorkloadActual  85: 1 op, 3159000.00 ns, 3.1590 ms/op
WorkloadActual  86: 1 op, 2049500.00 ns, 2.0495 ms/op
WorkloadActual  87: 1 op, 4019300.00 ns, 4.0193 ms/op
WorkloadActual  88: 1 op, 2271000.00 ns, 2.2710 ms/op
WorkloadActual  89: 1 op, 3264800.00 ns, 3.2648 ms/op
WorkloadActual  90: 1 op, 2421600.00 ns, 2.4216 ms/op
WorkloadActual  91: 1 op, 2154300.00 ns, 2.1543 ms/op
WorkloadActual  92: 1 op, 1959500.00 ns, 1.9595 ms/op
WorkloadActual  93: 1 op, 5474700.00 ns, 5.4747 ms/op
WorkloadActual  94: 1 op, 1036200.00 ns, 1.0362 ms/op
WorkloadActual  95: 1 op, 6494300.00 ns, 6.4943 ms/op
WorkloadActual  96: 1 op, 1815600.00 ns, 1.8156 ms/op
WorkloadActual  97: 1 op, 2724200.00 ns, 2.7242 ms/op
WorkloadActual  98: 1 op, 1824900.00 ns, 1.8249 ms/op
WorkloadActual  99: 1 op, 3107900.00 ns, 3.1079 ms/op
WorkloadActual  100: 1 op, 4020100.00 ns, 4.0201 ms/op

// AfterActualRun
WorkloadResult   1: 1 op, 40166300.00 ns, 40.1663 ms/op
WorkloadResult   2: 1 op, 32975800.00 ns, 32.9758 ms/op
WorkloadResult   3: 1 op, 37408800.00 ns, 37.4088 ms/op
WorkloadResult   4: 1 op, 29523500.00 ns, 29.5235 ms/op
WorkloadResult   5: 1 op, 25194300.00 ns, 25.1943 ms/op
WorkloadResult   6: 1 op, 22609900.00 ns, 22.6099 ms/op
WorkloadResult   7: 1 op, 24057600.00 ns, 24.0576 ms/op
WorkloadResult   8: 1 op, 29726300.00 ns, 29.7263 ms/op
WorkloadResult   9: 1 op, 19976500.00 ns, 19.9765 ms/op
WorkloadResult  10: 1 op, 29014400.00 ns, 29.0144 ms/op
WorkloadResult  11: 1 op, 29716300.00 ns, 29.7163 ms/op
WorkloadResult  12: 1 op, 23143000.00 ns, 23.1430 ms/op
WorkloadResult  13: 1 op, 34003700.00 ns, 34.0037 ms/op
WorkloadResult  14: 1 op, 16698400.00 ns, 16.6984 ms/op
WorkloadResult  15: 1 op, 21926200.00 ns, 21.9262 ms/op
WorkloadResult  16: 1 op, 20832300.00 ns, 20.8323 ms/op
WorkloadResult  17: 1 op, 21063300.00 ns, 21.0633 ms/op
WorkloadResult  18: 1 op, 10338100.00 ns, 10.3381 ms/op
WorkloadResult  19: 1 op, 21952700.00 ns, 21.9527 ms/op
WorkloadResult  20: 1 op, 20213100.00 ns, 20.2131 ms/op
WorkloadResult  21: 1 op, 19906500.00 ns, 19.9065 ms/op
WorkloadResult  22: 1 op, 15123900.00 ns, 15.1239 ms/op
WorkloadResult  23: 1 op, 9052100.00 ns, 9.0521 ms/op
WorkloadResult  24: 1 op, 11111100.00 ns, 11.1111 ms/op
WorkloadResult  25: 1 op, 18203400.00 ns, 18.2034 ms/op
WorkloadResult  26: 1 op, 11264400.00 ns, 11.2644 ms/op
WorkloadResult  27: 1 op, 15413300.00 ns, 15.4133 ms/op
WorkloadResult  28: 1 op, 14453400.00 ns, 14.4534 ms/op
WorkloadResult  29: 1 op, 16122600.00 ns, 16.1226 ms/op
WorkloadResult  30: 1 op, 9109700.00 ns, 9.1097 ms/op
WorkloadResult  31: 1 op, 5921600.00 ns, 5.9216 ms/op
WorkloadResult  32: 1 op, 14044200.00 ns, 14.0442 ms/op
WorkloadResult  33: 1 op, 10557100.00 ns, 10.5571 ms/op
WorkloadResult  34: 1 op, 9884000.00 ns, 9.8840 ms/op
WorkloadResult  35: 1 op, 3917600.00 ns, 3.9176 ms/op
WorkloadResult  36: 1 op, 6222800.00 ns, 6.2228 ms/op
WorkloadResult  37: 1 op, 11989100.00 ns, 11.9891 ms/op
WorkloadResult  38: 1 op, 7456400.00 ns, 7.4564 ms/op
WorkloadResult  39: 1 op, 4801700.00 ns, 4.8017 ms/op
WorkloadResult  40: 1 op, 9232200.00 ns, 9.2322 ms/op
WorkloadResult  41: 1 op, 9609400.00 ns, 9.6094 ms/op
WorkloadResult  42: 1 op, 8897500.00 ns, 8.8975 ms/op
WorkloadResult  43: 1 op, 9586400.00 ns, 9.5864 ms/op
WorkloadResult  44: 1 op, 7713500.00 ns, 7.7135 ms/op
WorkloadResult  45: 1 op, 4929100.00 ns, 4.9291 ms/op
WorkloadResult  46: 1 op, 5774500.00 ns, 5.7745 ms/op
WorkloadResult  47: 1 op, 6681400.00 ns, 6.6814 ms/op
WorkloadResult  48: 1 op, 5951700.00 ns, 5.9517 ms/op
WorkloadResult  49: 1 op, 6561100.00 ns, 6.5611 ms/op
WorkloadResult  50: 1 op, 5799600.00 ns, 5.7996 ms/op
WorkloadResult  51: 1 op, 5194000.00 ns, 5.1940 ms/op
WorkloadResult  52: 1 op, 4752600.00 ns, 4.7526 ms/op
WorkloadResult  53: 1 op, 4702100.00 ns, 4.7021 ms/op
WorkloadResult  54: 1 op, 2995600.00 ns, 2.9956 ms/op
WorkloadResult  55: 1 op, 2972000.00 ns, 2.9720 ms/op
WorkloadResult  56: 1 op, 6784400.00 ns, 6.7844 ms/op
WorkloadResult  57: 1 op, 5351800.00 ns, 5.3518 ms/op
WorkloadResult  58: 1 op, 3865100.00 ns, 3.8651 ms/op
WorkloadResult  59: 1 op, 2913200.00 ns, 2.9132 ms/op
WorkloadResult  60: 1 op, 4906700.00 ns, 4.9067 ms/op
WorkloadResult  61: 1 op, 3151700.00 ns, 3.1517 ms/op
WorkloadResult  62: 1 op, 9766300.00 ns, 9.7663 ms/op
WorkloadResult  63: 1 op, 6791100.00 ns, 6.7911 ms/op
WorkloadResult  64: 1 op, 5863600.00 ns, 5.8636 ms/op
WorkloadResult  65: 1 op, 7644100.00 ns, 7.6441 ms/op
WorkloadResult  66: 1 op, 2827600.00 ns, 2.8276 ms/op
WorkloadResult  67: 1 op, 2256500.00 ns, 2.2565 ms/op
WorkloadResult  68: 1 op, 6778800.00 ns, 6.7788 ms/op
WorkloadResult  69: 1 op, 8528800.00 ns, 8.5288 ms/op
WorkloadResult  70: 1 op, 2890900.00 ns, 2.8909 ms/op
WorkloadResult  71: 1 op, 1900500.00 ns, 1.9005 ms/op
WorkloadResult  72: 1 op, 4032600.00 ns, 4.0326 ms/op
WorkloadResult  73: 1 op, 3066300.00 ns, 3.0663 ms/op
WorkloadResult  74: 1 op, 3834900.00 ns, 3.8349 ms/op
WorkloadResult  75: 1 op, 3687100.00 ns, 3.6871 ms/op
WorkloadResult  76: 1 op, 3120900.00 ns, 3.1209 ms/op
WorkloadResult  77: 1 op, 3159000.00 ns, 3.1590 ms/op
WorkloadResult  78: 1 op, 2049500.00 ns, 2.0495 ms/op
WorkloadResult  79: 1 op, 4019300.00 ns, 4.0193 ms/op
WorkloadResult  80: 1 op, 2271000.00 ns, 2.2710 ms/op
WorkloadResult  81: 1 op, 3264800.00 ns, 3.2648 ms/op
WorkloadResult  82: 1 op, 2421600.00 ns, 2.4216 ms/op
WorkloadResult  83: 1 op, 2154300.00 ns, 2.1543 ms/op
WorkloadResult  84: 1 op, 1959500.00 ns, 1.9595 ms/op
WorkloadResult  85: 1 op, 5474700.00 ns, 5.4747 ms/op
WorkloadResult  86: 1 op, 1036200.00 ns, 1.0362 ms/op
WorkloadResult  87: 1 op, 6494300.00 ns, 6.4943 ms/op
WorkloadResult  88: 1 op, 1815600.00 ns, 1.8156 ms/op
WorkloadResult  89: 1 op, 2724200.00 ns, 2.7242 ms/op
WorkloadResult  90: 1 op, 1824900.00 ns, 1.8249 ms/op
WorkloadResult  91: 1 op, 3107900.00 ns, 3.1079 ms/op
WorkloadResult  92: 1 op, 4020100.00 ns, 4.0201 ms/op
// GC:  0 0 0 288 1
// Threading:  0 0 1

// AfterAll
// Benchmark Process 325280 has exited with code 0.

Mean = 10.589 ms, StdErr = 0.976 ms (9.21%), N = 92, StdDev = 9.358 ms
Min = 1.036 ms, Q1 = 3.798 ms, Median = 6.730 ms, Q3 = 15.196 ms, Max = 40.166 ms
IQR = 11.398 ms, LowerFence = -13.300 ms, UpperFence = 32.294 ms
ConfidenceInterval = [7.271 ms; 13.907 ms] (CI 99.9%), Margin = 3.318 ms (31.33% of Mean)
Skewness = 1.3, Kurtosis = 3.8, MValue = 2.42

// ** Remained 0 (0.0%) benchmark(s) to run. Estimated finish 2026-05-17 18:45 (0h 0m from now) **
Successfully reverted power plan (GUID: 8c5e7fda-e8bf-4a96-9a85-a6e23a8c635c FriendlyName: High performance)
// ***** BenchmarkRunner: Finish  *****

// * Export *
  BenchmarkDotNet.Artifacts\results\GasSimulation.Benchmarks.Benchmarks.SimulationBenchmarks-report.csv
  BenchmarkDotNet.Artifacts\results\GasSimulation.Benchmarks.Benchmarks.SimulationBenchmarks-report-github.md
  BenchmarkDotNet.Artifacts\results\GasSimulation.Benchmarks.Benchmarks.SimulationBenchmarks-report.html

// * Detailed results *
SimulationBenchmarks.CalculateIteration: DefaultJob [NumAtoms=500]
Runtime = .NET 10.0.8 (10.0.8, 10.0.826.23019), X64 RyuJIT x86-64-v3; GC = Concurrent Workstation
Mean = 212.642 μs, StdErr = 0.243 μs (0.11%), N = 14, StdDev = 0.909 μs
Min = 211.196 μs, Q1 = 212.024 μs, Median = 212.546 μs, Q3 = 213.621 μs, Max = 213.821 μs
IQR = 1.597 μs, LowerFence = 209.628 μs, UpperFence = 216.016 μs
ConfidenceInterval = [211.616 μs; 213.667 μs] (CI 99.9%), Margin = 1.026 μs (0.48% of Mean)
Skewness = 0.02, Kurtosis = 1.42, MValue = 2
-------------------- Histogram --------------------
[210.701 μs ; 214.316 μs) | @@@@@@@@@@@@@@
---------------------------------------------------

SimulationBenchmarks.CalculateIteration: DefaultJob [NumAtoms=1000]
Runtime = .NET 10.0.8 (10.0.8, 10.0.826.23019), X64 RyuJIT x86-64-v3; GC = Concurrent Workstation
Mean = 10.589 ms, StdErr = 0.976 ms (9.21%), N = 92, StdDev = 9.358 ms
Min = 1.036 ms, Q1 = 3.798 ms, Median = 6.730 ms, Q3 = 15.196 ms, Max = 40.166 ms
IQR = 11.398 ms, LowerFence = -13.300 ms, UpperFence = 32.294 ms
ConfidenceInterval = [7.271 ms; 13.907 ms] (CI 99.9%), Margin = 3.318 ms (31.33% of Mean)
Skewness = 1.3, Kurtosis = 3.8, MValue = 2.42
-------------------- Histogram --------------------
[ 1.036 ms ;  1.582 ms) | @
[ 1.582 ms ;  7.024 ms) | @@@@@@@@@@@@@@@@@@@@@@@@@@@@@@@@@@@@@@@@@@@@@@@@
[ 7.024 ms ; 13.403 ms) | @@@@@@@@@@@@@@@@@
[13.403 ms ; 19.830 ms) | @@@@@@@
[19.830 ms ; 25.271 ms) | @@@@@@@@@@@
[25.271 ms ; 28.788 ms) | 
[28.788 ms ; 34.230 ms) | @@@@@@
[34.230 ms ; 36.067 ms) | 
[36.067 ms ; 41.508 ms) | @@
---------------------------------------------------

// * Summary *

BenchmarkDotNet v0.15.8, Windows 11 (10.0.26200.8457/25H2/2025Update/HudsonValley2)
AMD Ryzen 5 7535HS with Radeon Graphics 3.30GHz, 1 CPU, 12 logical and 6 physical cores
.NET SDK 10.0.300
  [Host]     : .NET 10.0.8 (10.0.8, 10.0.826.23019), X64 RyuJIT x86-64-v3
  DefaultJob : .NET 10.0.8 (10.0.8, 10.0.826.23019), X64 RyuJIT x86-64-v3


| Method             | NumAtoms | Mean        | Error       | StdDev      | Median     | Rank | Allocated |
|------------------- |--------- |------------:|------------:|------------:|-----------:|-----:|----------:|
| CalculateIteration | 500      |    212.6 μs |     1.03 μs |     0.91 μs |   212.5 μs |    1 |         - |
| CalculateIteration | 1000     | 10,589.2 μs | 3,318.01 μs | 9,358.49 μs | 6,730.1 μs |    2 |     288 B |

// * Warnings *
MinIterationTime
  SimulationBenchmarks.CalculateIteration: Default -> The minimum observed iteration time is 1.036ms which is very small. It's recommended to increase it to at least 100ms using more operations.

// * Hints *
Outliers
  SimulationBenchmarks.CalculateIteration: Default -> 1 outlier  was  removed (221.65 μs)
  SimulationBenchmarks.CalculateIteration: Default -> 8 outliers were removed (45.80 ms..106.67 ms)

// * Legends *
  NumAtoms  : Value of the 'NumAtoms' parameter
  Mean      : Arithmetic mean of all measurements
  Error     : Half of 99.9% confidence interval
  StdDev    : Standard deviation of all measurements
  Median    : Value separating the higher half of all measurements (50th percentile)
  Rank      : Relative position of current benchmark mean among all benchmarks (Arabic style)
  Allocated : Allocated memory per single operation (managed only, inclusive, 1KB = 1024B)
  1 μs      : 1 Microsecond (0.000001 sec)

// * Diagnostic Output - MemoryDiagnoser *


// ***** BenchmarkRunner: End *****
Run time: 00:00:39 (39.76 sec), executed benchmarks: 2

Global total time: 00:00:54 (54.51 sec), executed benchmarks: 2
// * Artifacts cleanup *
Artifacts cleanup is finished
