// Validating benchmarks:
// ***** BenchmarkRunner: Start   *****
// ***** Found 2 benchmark(s) in total *****
// ***** Building 1 exe(s) in Parallel: Start   *****
// start dotnet  restore --nodeReuse:false /p:UseSharedCompilation=false /p:Deterministic=true /p:Optimize=true /p:ArtifactsPath="C:\Users\borde\Desktop\Programming\Backend\WPF\GasSimulation\GasSimulation.Benchmarks\bin\Release\net10.0-windows\GasSimulation.Benchmarks-1/" /p:OutDir="C:\Users\borde\Desktop\Programming\Backend\WPF\GasSimulation\GasSimulation.Benchmarks\bin\Release\net10.0-windows\GasSimulation.Benchmarks-1\bin\Release\net10.0-Windows7.0/" /p:OutputPath="C:\Users\borde\Desktop\Programming\Backend\WPF\GasSimulation\GasSimulation.Benchmarks\bin\Release\net10.0-windows\GasSimulation.Benchmarks-1\bin\Release\net10.0-Windows7.0/" /p:PublishDir="C:\Users\borde\Desktop\Programming\Backend\WPF\GasSimulation\GasSimulation.Benchmarks\bin\Release\net10.0-windows\GasSimulation.Benchmarks-1\publish/" in C:\Users\borde\Desktop\Programming\Backend\WPF\GasSimulation\GasSimulation.Benchmarks\bin\Release\net10.0-windows\GasSimulation.Benchmarks-1
// command took 1.81 sec and exited with 0
// start dotnet  build -c Release --no-restore --nodeReuse:false /p:UseSharedCompilation=false /p:Deterministic=true /p:Optimize=true /p:ArtifactsPath="C:\Users\borde\Desktop\Programming\Backend\WPF\GasSimulation\GasSimulation.Benchmarks\bin\Release\net10.0-windows\GasSimulation.Benchmarks-1/" /p:OutDir="C:\Users\borde\Desktop\Programming\Backend\WPF\GasSimulation\GasSimulation.Benchmarks\bin\Release\net10.0-windows\GasSimulation.Benchmarks-1\bin\Release\net10.0-Windows7.0/" /p:OutputPath="C:\Users\borde\Desktop\Programming\Backend\WPF\GasSimulation\GasSimulation.Benchmarks\bin\Release\net10.0-windows\GasSimulation.Benchmarks-1\bin\Release\net10.0-Windows7.0/" /p:PublishDir="C:\Users\borde\Desktop\Programming\Backend\WPF\GasSimulation\GasSimulation.Benchmarks\bin\Release\net10.0-windows\GasSimulation.Benchmarks-1\publish/" --output "C:\Users\borde\Desktop\Programming\Backend\WPF\GasSimulation\GasSimulation.Benchmarks\bin\Release\net10.0-windows\GasSimulation.Benchmarks-1\bin\Release\net10.0-Windows7.0/" in C:\Users\borde\Desktop\Programming\Backend\WPF\GasSimulation\GasSimulation.Benchmarks\bin\Release\net10.0-windows\GasSimulation.Benchmarks-1
// command took 9.37 sec and exited with 0
// ***** Done, took 00:00:11 (11.24 sec)   *****
// Found 2 benchmarks:
//   SimulationBenchmarks.CalculateIteration: DefaultJob [NumAtoms=500]
//   SimulationBenchmarks.CalculateIteration: DefaultJob [NumAtoms=1000]

Setup power plan (GUID: 8c5e7fda-e8bf-4a96-9a85-a6e23a8c635c FriendlyName: High performance)
// **************************
// Benchmark: SimulationBenchmarks.CalculateIteration: DefaultJob [NumAtoms=500]
// *** Execute ***
// Launch: 1 / 1
// Execute: dotnet GasSimulation.Benchmarks-1.dll --anonymousPipes 1428 1456 --benchmarkName "GasSimulation.Benchmarks.Benchmarks.SimulationBenchmarks.CalculateIteration(NumAtoms: 500)" --job Default --benchmarkId 0 in C:\Users\borde\Desktop\Programming\Backend\WPF\GasSimulation\GasSimulation.Benchmarks\bin\Release\net10.0-windows\GasSimulation.Benchmarks-1\bin\Release\net10.0-Windows7.0
// BeforeAnythingElse

// Benchmark Process Environment Information:
// BenchmarkDotNet v0.15.8
// Runtime=.NET 10.0.5 (10.0.5, 10.0.526.15411), X64 RyuJIT x86-64-v3
// GC=Concurrent Workstation
// HardwareIntrinsics=AVX2+BMI1+BMI2+F16C+FMA+LZCNT+MOVBE,AVX,SSE3+SSSE3+SSE4.1+SSE4.2+POPCNT,X86Base+SSE+SSE2,AES+PCLMUL VectorSize=256
// Job: DefaultJob

OverheadJitting  1: 1 op, 146700.00 ns, 146.7000 us/op
WorkloadJitting  1: 1 op, 254018600.00 ns, 254.0186 ms/op

WorkloadPilot    1: 2 op, 72266700.00 ns, 36.1334 ms/op
WorkloadPilot    2: 3 op, 87836300.00 ns, 29.2788 ms/op
WorkloadPilot    3: 4 op, 106807200.00 ns, 26.7018 ms/op
WorkloadPilot    4: 5 op, 97260000.00 ns, 19.4520 ms/op
WorkloadPilot    5: 6 op, 83671700.00 ns, 13.9453 ms/op
WorkloadPilot    6: 7 op, 60143500.00 ns, 8.5919 ms/op
WorkloadPilot    7: 8 op, 41443800.00 ns, 5.1805 ms/op
WorkloadPilot    8: 9 op, 25071800.00 ns, 2.7858 ms/op
WorkloadPilot    9: 10 op, 21628000.00 ns, 2.1628 ms/op
WorkloadPilot   10: 11 op, 15693200.00 ns, 1.4267 ms/op
WorkloadPilot   11: 12 op, 8195500.00 ns, 682.9583 us/op
WorkloadPilot   12: 13 op, 5522000.00 ns, 424.7692 us/op
WorkloadPilot   13: 14 op, 5015000.00 ns, 358.2143 us/op
WorkloadPilot   14: 15 op, 4470400.00 ns, 298.0267 us/op
WorkloadPilot   15: 16 op, 3933100.00 ns, 245.8188 us/op
WorkloadPilot   16: 32 op, 7380100.00 ns, 230.6281 us/op
WorkloadPilot   17: 64 op, 10767700.00 ns, 168.2453 us/op
WorkloadPilot   18: 128 op, 19384900.00 ns, 151.4445 us/op
WorkloadPilot   19: 256 op, 34107300.00 ns, 133.2316 us/op
WorkloadPilot   20: 512 op, 66005600.00 ns, 128.9172 us/op
WorkloadPilot   21: 1024 op, 131177900.00 ns, 128.1034 us/op
WorkloadPilot   22: 2048 op, 250583300.00 ns, 122.3551 us/op
WorkloadPilot   23: 4096 op, 498012100.00 ns, 121.5850 us/op
WorkloadPilot   24: 8192 op, 1008162900.00 ns, 123.0668 us/op

WorkloadWarmup   1: 8192 op, 1160323100.00 ns, 141.6410 us/op
WorkloadWarmup   2: 8192 op, 1184135300.00 ns, 144.5478 us/op
WorkloadWarmup   3: 8192 op, 1182042600.00 ns, 144.2923 us/op
WorkloadWarmup   4: 8192 op, 1201848300.00 ns, 146.7100 us/op
WorkloadWarmup   5: 8192 op, 1175257800.00 ns, 143.4641 us/op
WorkloadWarmup   6: 8192 op, 1178693900.00 ns, 143.8835 us/op

// BeforeActualRun
WorkloadActual   1: 8192 op, 1215994700.00 ns, 148.4369 us/op
WorkloadActual   2: 8192 op, 1027381800.00 ns, 125.4128 us/op
WorkloadActual   3: 8192 op, 1012341800.00 ns, 123.5769 us/op
WorkloadActual   4: 8192 op, 1002925000.00 ns, 122.4274 us/op
WorkloadActual   5: 8192 op, 1007337100.00 ns, 122.9660 us/op
WorkloadActual   6: 8192 op, 1013617400.00 ns, 123.7326 us/op
WorkloadActual   7: 8192 op, 1010655300.00 ns, 123.3710 us/op
WorkloadActual   8: 8192 op, 1009051100.00 ns, 123.1752 us/op
WorkloadActual   9: 8192 op, 999575900.00 ns, 122.0185 us/op
WorkloadActual  10: 8192 op, 1008185000.00 ns, 123.0695 us/op
WorkloadActual  11: 8192 op, 1006551200.00 ns, 122.8700 us/op
WorkloadActual  12: 8192 op, 997753200.00 ns, 121.7960 us/op
WorkloadActual  13: 8192 op, 998937000.00 ns, 121.9406 us/op
WorkloadActual  14: 8192 op, 997567900.00 ns, 121.7734 us/op
WorkloadActual  15: 8192 op, 995919200.00 ns, 121.5722 us/op

// AfterActualRun
WorkloadResult   1: 8192 op, 1027381800.00 ns, 125.4128 us/op
WorkloadResult   2: 8192 op, 1012341800.00 ns, 123.5769 us/op
WorkloadResult   3: 8192 op, 1002925000.00 ns, 122.4274 us/op
WorkloadResult   4: 8192 op, 1007337100.00 ns, 122.9660 us/op
WorkloadResult   5: 8192 op, 1013617400.00 ns, 123.7326 us/op
WorkloadResult   6: 8192 op, 1010655300.00 ns, 123.3710 us/op
WorkloadResult   7: 8192 op, 1009051100.00 ns, 123.1752 us/op
WorkloadResult   8: 8192 op, 999575900.00 ns, 122.0185 us/op
WorkloadResult   9: 8192 op, 1008185000.00 ns, 123.0695 us/op
WorkloadResult  10: 8192 op, 1006551200.00 ns, 122.8700 us/op
WorkloadResult  11: 8192 op, 997753200.00 ns, 121.7960 us/op
WorkloadResult  12: 8192 op, 998937000.00 ns, 121.9406 us/op
WorkloadResult  13: 8192 op, 997567900.00 ns, 121.7734 us/op
WorkloadResult  14: 8192 op, 995919200.00 ns, 121.5722 us/op
// GC:  0 0 0 0 8192
// Threading:  0 0 8192

// AfterAll
// Benchmark Process 112160 has exited with code 0.

Mean = 122.836 μs, StdErr = 0.276 μs (0.23%), N = 14, StdDev = 1.034 μs
Min = 121.572 μs, Q1 = 121.960 μs, Median = 122.918 μs, Q3 = 123.322 μs, Max = 125.413 μs
IQR = 1.362 μs, LowerFence = 119.917 μs, UpperFence = 125.365 μs
ConfidenceInterval = [121.669 μs; 124.003 μs] (CI 99.9%), Margin = 1.167 μs (0.95% of Mean)
Skewness = 0.82, Kurtosis = 3.2, MValue = 2

// ** Remained 1 (50.0%) benchmark(s) to run. Estimated finish 2026-04-30 22:34 (0h 0m from now) **
Setup power plan (GUID: 8c5e7fda-e8bf-4a96-9a85-a6e23a8c635c FriendlyName: High performance)
// **************************
// Benchmark: SimulationBenchmarks.CalculateIteration: DefaultJob [NumAtoms=1000]
// *** Execute ***
// Launch: 1 / 1
// Execute: dotnet GasSimulation.Benchmarks-1.dll --anonymousPipes 640 1436 --benchmarkName "GasSimulation.Benchmarks.Benchmarks.SimulationBenchmarks.CalculateIteration(NumAtoms: 1000)" --job Default --benchmarkId 1 in C:\Users\borde\Desktop\Programming\Backend\WPF\GasSimulation\GasSimulation.Benchmarks\bin\Release\net10.0-windows\GasSimulation.Benchmarks-1\bin\Release\net10.0-Windows7.0
// BeforeAnythingElse

// Benchmark Process Environment Information:
// BenchmarkDotNet v0.15.8
// Runtime=.NET 10.0.5 (10.0.5, 10.0.526.15411), X64 RyuJIT x86-64-v3
// GC=Concurrent Workstation
// HardwareIntrinsics=AVX2+BMI1+BMI2+F16C+FMA+LZCNT+MOVBE,AVX,SSE3+SSSE3+SSE4.1+SSE4.2+POPCNT,X86Base+SSE+SSE2,AES+PCLMUL VectorSize=256
// Job: DefaultJob

OverheadJitting  1: 1 op, 141500.00 ns, 141.5000 us/op
WorkloadJitting  1: 1 op, 1446732700.00 ns, 1.4467 s/op

OverheadJitting  2: 1 op, 400.00 ns, 400.0000 ns/op
WorkloadJitting  2: 1 op, 1208075600.00 ns, 1.2081 s/op

WorkloadWarmup   1: 1 op, 976276400.00 ns, 976.2764 ms/op
WorkloadWarmup   2: 1 op, 862317500.00 ns, 862.3175 ms/op
WorkloadWarmup   3: 1 op, 750645100.00 ns, 750.6451 ms/op
WorkloadWarmup   4: 1 op, 610835000.00 ns, 610.8350 ms/op
WorkloadWarmup   5: 1 op, 562470900.00 ns, 562.4709 ms/op
WorkloadWarmup   6: 1 op, 420030600.00 ns, 420.0306 ms/op
WorkloadWarmup   7: 1 op, 429059400.00 ns, 429.0594 ms/op
WorkloadWarmup   8: 1 op, 405241000.00 ns, 405.2410 ms/op
WorkloadWarmup   9: 1 op, 324192200.00 ns, 324.1922 ms/op
WorkloadWarmup  10: 1 op, 295629300.00 ns, 295.6293 ms/op
WorkloadWarmup  11: 1 op, 279765600.00 ns, 279.7656 ms/op
WorkloadWarmup  12: 1 op, 220265600.00 ns, 220.2656 ms/op
WorkloadWarmup  13: 1 op, 181155200.00 ns, 181.1552 ms/op
WorkloadWarmup  14: 1 op, 168932700.00 ns, 168.9327 ms/op
WorkloadWarmup  15: 1 op, 150561800.00 ns, 150.5618 ms/op
WorkloadWarmup  16: 1 op, 126199100.00 ns, 126.1991 ms/op
WorkloadWarmup  17: 1 op, 128245400.00 ns, 128.2454 ms/op
WorkloadWarmup  18: 1 op, 115827800.00 ns, 115.8278 ms/op

// BeforeActualRun
WorkloadActual   1: 1 op, 125749600.00 ns, 125.7496 ms/op
WorkloadActual   2: 1 op, 113427700.00 ns, 113.4277 ms/op
WorkloadActual   3: 1 op, 86237400.00 ns, 86.2374 ms/op
WorkloadActual   4: 1 op, 74470900.00 ns, 74.4709 ms/op
WorkloadActual   5: 1 op, 79233900.00 ns, 79.2339 ms/op
WorkloadActual   6: 1 op, 64256900.00 ns, 64.2569 ms/op
WorkloadActual   7: 1 op, 63225000.00 ns, 63.2250 ms/op
WorkloadActual   8: 1 op, 44301900.00 ns, 44.3019 ms/op
WorkloadActual   9: 1 op, 55552700.00 ns, 55.5527 ms/op
WorkloadActual  10: 1 op, 41118000.00 ns, 41.1180 ms/op
WorkloadActual  11: 1 op, 57808500.00 ns, 57.8085 ms/op
WorkloadActual  12: 1 op, 30779500.00 ns, 30.7795 ms/op
WorkloadActual  13: 1 op, 40460900.00 ns, 40.4609 ms/op
WorkloadActual  14: 1 op, 39662300.00 ns, 39.6623 ms/op
WorkloadActual  15: 1 op, 29343200.00 ns, 29.3432 ms/op
WorkloadActual  16: 1 op, 28063400.00 ns, 28.0634 ms/op
WorkloadActual  17: 1 op, 26934300.00 ns, 26.9343 ms/op
WorkloadActual  18: 1 op, 32410900.00 ns, 32.4109 ms/op
WorkloadActual  19: 1 op, 18035400.00 ns, 18.0354 ms/op
WorkloadActual  20: 1 op, 26345500.00 ns, 26.3455 ms/op
WorkloadActual  21: 1 op, 21360500.00 ns, 21.3605 ms/op
WorkloadActual  22: 1 op, 26110300.00 ns, 26.1103 ms/op
WorkloadActual  23: 1 op, 19409400.00 ns, 19.4094 ms/op
WorkloadActual  24: 1 op, 14406100.00 ns, 14.4061 ms/op
WorkloadActual  25: 1 op, 22645500.00 ns, 22.6455 ms/op
WorkloadActual  26: 1 op, 13387100.00 ns, 13.3871 ms/op
WorkloadActual  27: 1 op, 19708200.00 ns, 19.7082 ms/op
WorkloadActual  28: 1 op, 14464700.00 ns, 14.4647 ms/op
WorkloadActual  29: 1 op, 10445500.00 ns, 10.4455 ms/op
WorkloadActual  30: 1 op, 10412200.00 ns, 10.4122 ms/op
WorkloadActual  31: 1 op, 12888700.00 ns, 12.8887 ms/op
WorkloadActual  32: 1 op, 14111400.00 ns, 14.1114 ms/op
WorkloadActual  33: 1 op, 12241700.00 ns, 12.2417 ms/op
WorkloadActual  34: 1 op, 7290600.00 ns, 7.2906 ms/op
WorkloadActual  35: 1 op, 14058900.00 ns, 14.0589 ms/op
WorkloadActual  36: 1 op, 9956400.00 ns, 9.9564 ms/op
WorkloadActual  37: 1 op, 9455000.00 ns, 9.4550 ms/op
WorkloadActual  38: 1 op, 12385100.00 ns, 12.3851 ms/op
WorkloadActual  39: 1 op, 9088900.00 ns, 9.0889 ms/op
WorkloadActual  40: 1 op, 10020300.00 ns, 10.0203 ms/op
WorkloadActual  41: 1 op, 11716000.00 ns, 11.7160 ms/op
WorkloadActual  42: 1 op, 9899900.00 ns, 9.8999 ms/op
WorkloadActual  43: 1 op, 9573000.00 ns, 9.5730 ms/op
WorkloadActual  44: 1 op, 8467900.00 ns, 8.4679 ms/op
WorkloadActual  45: 1 op, 6108300.00 ns, 6.1083 ms/op
WorkloadActual  46: 1 op, 10969500.00 ns, 10.9695 ms/op
WorkloadActual  47: 1 op, 8953300.00 ns, 8.9533 ms/op
WorkloadActual  48: 1 op, 7014700.00 ns, 7.0147 ms/op
WorkloadActual  49: 1 op, 5756900.00 ns, 5.7569 ms/op
WorkloadActual  50: 1 op, 3612700.00 ns, 3.6127 ms/op
WorkloadActual  51: 1 op, 3703800.00 ns, 3.7038 ms/op
WorkloadActual  52: 1 op, 2946400.00 ns, 2.9464 ms/op
WorkloadActual  53: 1 op, 2262100.00 ns, 2.2621 ms/op
WorkloadActual  54: 1 op, 5045100.00 ns, 5.0451 ms/op
WorkloadActual  55: 1 op, 9929000.00 ns, 9.9290 ms/op
WorkloadActual  56: 1 op, 4780900.00 ns, 4.7809 ms/op
WorkloadActual  57: 1 op, 3115100.00 ns, 3.1151 ms/op
WorkloadActual  58: 1 op, 4518100.00 ns, 4.5181 ms/op
WorkloadActual  59: 1 op, 3759900.00 ns, 3.7599 ms/op
WorkloadActual  60: 1 op, 4254300.00 ns, 4.2543 ms/op
WorkloadActual  61: 1 op, 3520000.00 ns, 3.5200 ms/op
WorkloadActual  62: 1 op, 8962500.00 ns, 8.9625 ms/op
WorkloadActual  63: 1 op, 3035000.00 ns, 3.0350 ms/op
WorkloadActual  64: 1 op, 6213300.00 ns, 6.2133 ms/op
WorkloadActual  65: 1 op, 4278000.00 ns, 4.2780 ms/op
WorkloadActual  66: 1 op, 2662700.00 ns, 2.6627 ms/op
WorkloadActual  67: 1 op, 5204600.00 ns, 5.2046 ms/op
WorkloadActual  68: 1 op, 3692200.00 ns, 3.6922 ms/op
WorkloadActual  69: 1 op, 3505800.00 ns, 3.5058 ms/op
WorkloadActual  70: 1 op, 4694800.00 ns, 4.6948 ms/op
WorkloadActual  71: 1 op, 6103800.00 ns, 6.1038 ms/op
WorkloadActual  72: 1 op, 4317300.00 ns, 4.3173 ms/op
WorkloadActual  73: 1 op, 617500.00 ns, 617.5000 us/op
WorkloadActual  74: 1 op, 4148600.00 ns, 4.1486 ms/op
WorkloadActual  75: 1 op, 3820500.00 ns, 3.8205 ms/op
WorkloadActual  76: 1 op, 3032800.00 ns, 3.0328 ms/op
WorkloadActual  77: 1 op, 2619200.00 ns, 2.6192 ms/op
WorkloadActual  78: 1 op, 3389300.00 ns, 3.3893 ms/op
WorkloadActual  79: 1 op, 2378600.00 ns, 2.3786 ms/op
WorkloadActual  80: 1 op, 595400.00 ns, 595.4000 us/op
WorkloadActual  81: 1 op, 2570500.00 ns, 2.5705 ms/op
WorkloadActual  82: 1 op, 1212900.00 ns, 1.2129 ms/op
WorkloadActual  83: 1 op, 615500.00 ns, 615.5000 us/op
WorkloadActual  84: 1 op, 2332400.00 ns, 2.3324 ms/op
WorkloadActual  85: 1 op, 2444500.00 ns, 2.4445 ms/op
WorkloadActual  86: 1 op, 1849400.00 ns, 1.8494 ms/op
WorkloadActual  87: 1 op, 1445100.00 ns, 1.4451 ms/op
WorkloadActual  88: 1 op, 1303000.00 ns, 1.3030 ms/op
WorkloadActual  89: 1 op, 1181800.00 ns, 1.1818 ms/op
WorkloadActual  90: 1 op, 1598800.00 ns, 1.5988 ms/op
WorkloadActual  91: 1 op, 2800300.00 ns, 2.8003 ms/op
WorkloadActual  92: 1 op, 1202300.00 ns, 1.2023 ms/op
WorkloadActual  93: 1 op, 2983500.00 ns, 2.9835 ms/op
WorkloadActual  94: 1 op, 574800.00 ns, 574.8000 us/op
WorkloadActual  95: 1 op, 1188300.00 ns, 1.1883 ms/op
WorkloadActual  96: 1 op, 3243900.00 ns, 3.2439 ms/op
WorkloadActual  97: 1 op, 2954400.00 ns, 2.9544 ms/op
WorkloadActual  98: 1 op, 2330700.00 ns, 2.3307 ms/op
WorkloadActual  99: 1 op, 2125500.00 ns, 2.1255 ms/op
WorkloadActual  100: 1 op, 567800.00 ns, 567.8000 us/op

// AfterActualRun
WorkloadResult   1: 1 op, 30779500.00 ns, 30.7795 ms/op
WorkloadResult   2: 1 op, 29343200.00 ns, 29.3432 ms/op
WorkloadResult   3: 1 op, 28063400.00 ns, 28.0634 ms/op
WorkloadResult   4: 1 op, 26934300.00 ns, 26.9343 ms/op
WorkloadResult   5: 1 op, 32410900.00 ns, 32.4109 ms/op
WorkloadResult   6: 1 op, 18035400.00 ns, 18.0354 ms/op
WorkloadResult   7: 1 op, 26345500.00 ns, 26.3455 ms/op
WorkloadResult   8: 1 op, 21360500.00 ns, 21.3605 ms/op
WorkloadResult   9: 1 op, 26110300.00 ns, 26.1103 ms/op
WorkloadResult  10: 1 op, 19409400.00 ns, 19.4094 ms/op
WorkloadResult  11: 1 op, 14406100.00 ns, 14.4061 ms/op
WorkloadResult  12: 1 op, 22645500.00 ns, 22.6455 ms/op
WorkloadResult  13: 1 op, 13387100.00 ns, 13.3871 ms/op
WorkloadResult  14: 1 op, 19708200.00 ns, 19.7082 ms/op
WorkloadResult  15: 1 op, 14464700.00 ns, 14.4647 ms/op
WorkloadResult  16: 1 op, 10445500.00 ns, 10.4455 ms/op
WorkloadResult  17: 1 op, 10412200.00 ns, 10.4122 ms/op
WorkloadResult  18: 1 op, 12888700.00 ns, 12.8887 ms/op
WorkloadResult  19: 1 op, 14111400.00 ns, 14.1114 ms/op
WorkloadResult  20: 1 op, 12241700.00 ns, 12.2417 ms/op
WorkloadResult  21: 1 op, 7290600.00 ns, 7.2906 ms/op
WorkloadResult  22: 1 op, 14058900.00 ns, 14.0589 ms/op
WorkloadResult  23: 1 op, 9956400.00 ns, 9.9564 ms/op
WorkloadResult  24: 1 op, 9455000.00 ns, 9.4550 ms/op
WorkloadResult  25: 1 op, 12385100.00 ns, 12.3851 ms/op
WorkloadResult  26: 1 op, 9088900.00 ns, 9.0889 ms/op
WorkloadResult  27: 1 op, 10020300.00 ns, 10.0203 ms/op
WorkloadResult  28: 1 op, 11716000.00 ns, 11.7160 ms/op
WorkloadResult  29: 1 op, 9899900.00 ns, 9.8999 ms/op
WorkloadResult  30: 1 op, 9573000.00 ns, 9.5730 ms/op
WorkloadResult  31: 1 op, 8467900.00 ns, 8.4679 ms/op
WorkloadResult  32: 1 op, 6108300.00 ns, 6.1083 ms/op
WorkloadResult  33: 1 op, 10969500.00 ns, 10.9695 ms/op
WorkloadResult  34: 1 op, 8953300.00 ns, 8.9533 ms/op
WorkloadResult  35: 1 op, 7014700.00 ns, 7.0147 ms/op
WorkloadResult  36: 1 op, 5756900.00 ns, 5.7569 ms/op
WorkloadResult  37: 1 op, 3612700.00 ns, 3.6127 ms/op
WorkloadResult  38: 1 op, 3703800.00 ns, 3.7038 ms/op
WorkloadResult  39: 1 op, 2946400.00 ns, 2.9464 ms/op
WorkloadResult  40: 1 op, 2262100.00 ns, 2.2621 ms/op
WorkloadResult  41: 1 op, 5045100.00 ns, 5.0451 ms/op
WorkloadResult  42: 1 op, 9929000.00 ns, 9.9290 ms/op
WorkloadResult  43: 1 op, 4780900.00 ns, 4.7809 ms/op
WorkloadResult  44: 1 op, 3115100.00 ns, 3.1151 ms/op
WorkloadResult  45: 1 op, 4518100.00 ns, 4.5181 ms/op
WorkloadResult  46: 1 op, 3759900.00 ns, 3.7599 ms/op
WorkloadResult  47: 1 op, 4254300.00 ns, 4.2543 ms/op
WorkloadResult  48: 1 op, 3520000.00 ns, 3.5200 ms/op
WorkloadResult  49: 1 op, 8962500.00 ns, 8.9625 ms/op
WorkloadResult  50: 1 op, 3035000.00 ns, 3.0350 ms/op
WorkloadResult  51: 1 op, 6213300.00 ns, 6.2133 ms/op
WorkloadResult  52: 1 op, 4278000.00 ns, 4.2780 ms/op
WorkloadResult  53: 1 op, 2662700.00 ns, 2.6627 ms/op
WorkloadResult  54: 1 op, 5204600.00 ns, 5.2046 ms/op
WorkloadResult  55: 1 op, 3692200.00 ns, 3.6922 ms/op
WorkloadResult  56: 1 op, 3505800.00 ns, 3.5058 ms/op
WorkloadResult  57: 1 op, 4694800.00 ns, 4.6948 ms/op
WorkloadResult  58: 1 op, 6103800.00 ns, 6.1038 ms/op
WorkloadResult  59: 1 op, 4317300.00 ns, 4.3173 ms/op
WorkloadResult  60: 1 op, 617500.00 ns, 617.5000 us/op
WorkloadResult  61: 1 op, 4148600.00 ns, 4.1486 ms/op
WorkloadResult  62: 1 op, 3820500.00 ns, 3.8205 ms/op
WorkloadResult  63: 1 op, 3032800.00 ns, 3.0328 ms/op
WorkloadResult  64: 1 op, 2619200.00 ns, 2.6192 ms/op
WorkloadResult  65: 1 op, 3389300.00 ns, 3.3893 ms/op
WorkloadResult  66: 1 op, 2378600.00 ns, 2.3786 ms/op
WorkloadResult  67: 1 op, 595400.00 ns, 595.4000 us/op
WorkloadResult  68: 1 op, 2570500.00 ns, 2.5705 ms/op
WorkloadResult  69: 1 op, 1212900.00 ns, 1.2129 ms/op
WorkloadResult  70: 1 op, 615500.00 ns, 615.5000 us/op
WorkloadResult  71: 1 op, 2332400.00 ns, 2.3324 ms/op
WorkloadResult  72: 1 op, 2444500.00 ns, 2.4445 ms/op
WorkloadResult  73: 1 op, 1849400.00 ns, 1.8494 ms/op
WorkloadResult  74: 1 op, 1445100.00 ns, 1.4451 ms/op
WorkloadResult  75: 1 op, 1303000.00 ns, 1.3030 ms/op
WorkloadResult  76: 1 op, 1181800.00 ns, 1.1818 ms/op
WorkloadResult  77: 1 op, 1598800.00 ns, 1.5988 ms/op
WorkloadResult  78: 1 op, 2800300.00 ns, 2.8003 ms/op
WorkloadResult  79: 1 op, 1202300.00 ns, 1.2023 ms/op
WorkloadResult  80: 1 op, 2983500.00 ns, 2.9835 ms/op
WorkloadResult  81: 1 op, 574800.00 ns, 574.8000 us/op
WorkloadResult  82: 1 op, 1188300.00 ns, 1.1883 ms/op
WorkloadResult  83: 1 op, 3243900.00 ns, 3.2439 ms/op
WorkloadResult  84: 1 op, 2954400.00 ns, 2.9544 ms/op
WorkloadResult  85: 1 op, 2330700.00 ns, 2.3307 ms/op
WorkloadResult  86: 1 op, 2125500.00 ns, 2.1255 ms/op
WorkloadResult  87: 1 op, 567800.00 ns, 567.8000 us/op
// GC:  0 0 0 0 1
// Threading:  0 0 1

// AfterAll
// Benchmark Process 116712 has exited with code 0.

Mean = 8.224 ms, StdErr = 0.853 ms (10.37%), N = 87, StdDev = 7.953 ms
Min = 0.568 ms, Q1 = 2.732 ms, Median = 4.695 ms, Q3 = 10.707 ms, Max = 32.411 ms
IQR = 7.976 ms, LowerFence = -9.232 ms, UpperFence = 22.672 ms
ConfidenceInterval = [5.318 ms; 11.129 ms] (CI 99.9%), Margin = 2.905 ms (35.33% of Mean)
Skewness = 1.43, Kurtosis = 4.21, MValue = 2.95

// ** Remained 0 (0.0%) benchmark(s) to run. Estimated finish 2026-04-30 22:33 (0h 0m from now) **
Successfully reverted power plan (GUID: 8c5e7fda-e8bf-4a96-9a85-a6e23a8c635c FriendlyName: High performance)
// ***** BenchmarkRunner: Finish  *****

// * Export *
  BenchmarkDotNet.Artifacts\results\GasSimulation.Benchmarks.Benchmarks.SimulationBenchmarks-report.csv
  BenchmarkDotNet.Artifacts\results\GasSimulation.Benchmarks.Benchmarks.SimulationBenchmarks-report-github.md
  BenchmarkDotNet.Artifacts\results\GasSimulation.Benchmarks.Benchmarks.SimulationBenchmarks-report.html

// * Detailed results *
SimulationBenchmarks.CalculateIteration: DefaultJob [NumAtoms=500]
Runtime = .NET 10.0.5 (10.0.5, 10.0.526.15411), X64 RyuJIT x86-64-v3; GC = Concurrent Workstation
Mean = 122.836 μs, StdErr = 0.276 μs (0.23%), N = 14, StdDev = 1.034 μs
Min = 121.572 μs, Q1 = 121.960 μs, Median = 122.918 μs, Q3 = 123.322 μs, Max = 125.413 μs
IQR = 1.362 μs, LowerFence = 119.917 μs, UpperFence = 125.365 μs
ConfidenceInterval = [121.669 μs; 124.003 μs] (CI 99.9%), Margin = 1.167 μs (0.95% of Mean)
Skewness = 0.82, Kurtosis = 3.2, MValue = 2
-------------------- Histogram --------------------
[121.009 μs ; 125.976 μs) | @@@@@@@@@@@@@@
---------------------------------------------------

SimulationBenchmarks.CalculateIteration: DefaultJob [NumAtoms=1000]
Runtime = .NET 10.0.5 (10.0.5, 10.0.526.15411), X64 RyuJIT x86-64-v3; GC = Concurrent Workstation
Mean = 8.224 ms, StdErr = 0.853 ms (10.37%), N = 87, StdDev = 7.953 ms
Min = 0.568 ms, Q1 = 2.732 ms, Median = 4.695 ms, Q3 = 10.707 ms, Max = 32.411 ms
IQR = 7.976 ms, LowerFence = -9.232 ms, UpperFence = 22.672 ms
ConfidenceInterval = [5.318 ms; 11.129 ms] (CI 99.9%), Margin = 2.905 ms (35.33% of Mean)
Skewness = 1.43, Kurtosis = 4.21, MValue = 2.95
-------------------- Histogram --------------------
[ 0.530 ms ;  5.242 ms) | @@@@@@@@@@@@@@@@@@@@@@@@@@@@@@@@@@@@@@@@@@@@@@@
[ 5.242 ms ; 10.457 ms) | @@@@@@@@@@@@@@@@@@
[10.457 ms ; 15.073 ms) | @@@@@@@@@@
[15.073 ms ; 17.985 ms) | 
[17.985 ms ; 22.696 ms) | @@@@@
[22.696 ms ; 26.089 ms) | 
[26.089 ms ; 30.801 ms) | @@@@@@
[30.801 ms ; 34.767 ms) | @
---------------------------------------------------

// * Summary *

BenchmarkDotNet v0.15.8, Windows 11 (10.0.26200.8246/25H2/2025Update/HudsonValley2)
AMD Ryzen 5 7535HS with Radeon Graphics 3.30GHz, 1 CPU, 12 logical and 6 physical cores
.NET SDK 10.0.300-preview.0.26177.108
  [Host]     : .NET 10.0.5 (10.0.5, 10.0.526.15411), X64 RyuJIT x86-64-v3
  DefaultJob : .NET 10.0.5 (10.0.5, 10.0.526.15411), X64 RyuJIT x86-64-v3


| Method             | NumAtoms | Mean       | Error       | StdDev      | Median     | Rank | Allocated |
|------------------- |--------- |-----------:|------------:|------------:|-----------:|-----:|----------:|
| CalculateIteration | 500      |   122.8 μs |     1.17 μs |     1.03 μs |   122.9 μs |    1 |         - |
| CalculateIteration | 1000     | 8,223.7 μs | 2,905.22 μs | 7,952.98 μs | 4,694.8 μs |    2 |         - |

// * Warnings *
MultimodalDistribution
  SimulationBenchmarks.CalculateIteration: Default -> It seems that the distribution can have several modes (mValue = 2.95)
MinIterationTime
  SimulationBenchmarks.CalculateIteration: Default -> The minimum observed iteration time is 567.8μs which is very small. It's recommended to increase it to at least 100ms using more operations.

// * Hints *
Outliers
  SimulationBenchmarks.CalculateIteration: Default -> 1 outlier  was  removed (148.44 μs)
  SimulationBenchmarks.CalculateIteration: Default -> 13 outliers were removed (39.66 ms..125.75 ms)

// * Legends *
  NumAtoms  : Value of the 'NumAtoms' parameter
  Mean      : Arithmetic mean of all measurements
  Error     : Half of 99.9% confidence interval
  StdDev    : Standard deviation of all measurements
  Median    : Value separating the higher half of all measurements (50th percentile)
  Rank      : Relative position of current benchmark mean among all benchmarks (Arabic style)
  Allocated : Allocated memory per single operation (managed only, inclusive, 1KB = 1024B)
  1 μs      : 1 Microsecond (0.000001 sec)

// * Diagnostic Output - MemoryDiagnoser *


// ***** BenchmarkRunner: End *****
Run time: 00:00:38 (38.81 sec), executed benchmarks: 2

Global total time: 00:00:50 (50.96 sec), executed benchmarks: 2
// * Artifacts cleanup *
Artifacts cleanup is finished
