// Validating benchmarks:
// ***** BenchmarkRunner: Start   *****
// ***** Found 2 benchmark(s) in total *****
// ***** Building 1 exe(s) in Parallel: Start   *****
// start dotnet  restore --nodeReuse:false /p:UseSharedCompilation=false /p:Deterministic=true /p:Optimize=true /p:ArtifactsPath="C:\Users\borde\Desktop\Programming\Backend\WPF\GasSimulation\GasSimulation.Benchmarks\bin\Release\net10.0-windows\GasSimulation.Benchmarks-1/" /p:OutDir="C:\Users\borde\Desktop\Programming\Backend\WPF\GasSimulation\GasSimulation.Benchmarks\bin\Release\net10.0-windows\GasSimulation.Benchmarks-1\bin\Release\net10.0-Windows7.0/" /p:OutputPath="C:\Users\borde\Desktop\Programming\Backend\WPF\GasSimulation\GasSimulation.Benchmarks\bin\Release\net10.0-windows\GasSimulation.Benchmarks-1\bin\Release\net10.0-Windows7.0/" /p:PublishDir="C:\Users\borde\Desktop\Programming\Backend\WPF\GasSimulation\GasSimulation.Benchmarks\bin\Release\net10.0-windows\GasSimulation.Benchmarks-1\publish/" in C:\Users\borde\Desktop\Programming\Backend\WPF\GasSimulation\GasSimulation.Benchmarks\bin\Release\net10.0-windows\GasSimulation.Benchmarks-1
// command took 2.28 sec and exited with 0
// start dotnet  build -c Release --no-restore --nodeReuse:false /p:UseSharedCompilation=false /p:Deterministic=true /p:Optimize=true /p:ArtifactsPath="C:\Users\borde\Desktop\Programming\Backend\WPF\GasSimulation\GasSimulation.Benchmarks\bin\Release\net10.0-windows\GasSimulation.Benchmarks-1/" /p:OutDir="C:\Users\borde\Desktop\Programming\Backend\WPF\GasSimulation\GasSimulation.Benchmarks\bin\Release\net10.0-windows\GasSimulation.Benchmarks-1\bin\Release\net10.0-Windows7.0/" /p:OutputPath="C:\Users\borde\Desktop\Programming\Backend\WPF\GasSimulation\GasSimulation.Benchmarks\bin\Release\net10.0-windows\GasSimulation.Benchmarks-1\bin\Release\net10.0-Windows7.0/" /p:PublishDir="C:\Users\borde\Desktop\Programming\Backend\WPF\GasSimulation\GasSimulation.Benchmarks\bin\Release\net10.0-windows\GasSimulation.Benchmarks-1\publish/" --output "C:\Users\borde\Desktop\Programming\Backend\WPF\GasSimulation\GasSimulation.Benchmarks\bin\Release\net10.0-windows\GasSimulation.Benchmarks-1\bin\Release\net10.0-Windows7.0/" in C:\Users\borde\Desktop\Programming\Backend\WPF\GasSimulation\GasSimulation.Benchmarks\bin\Release\net10.0-windows\GasSimulation.Benchmarks-1
// command took 14.4 sec and exited with 0
// ***** Done, took 00:00:16 (16.81 sec)   *****
// Found 2 benchmarks:
//   SimulationBenchmarks.CalculateIteration: DefaultJob [NumAtoms=500]
//   SimulationBenchmarks.CalculateIteration: DefaultJob [NumAtoms=1000]

Setup power plan (GUID: 8c5e7fda-e8bf-4a96-9a85-a6e23a8c635c FriendlyName: High performance)
// **************************
// Benchmark: SimulationBenchmarks.CalculateIteration: DefaultJob [NumAtoms=500]
// *** Execute ***
// Launch: 1 / 1
// Execute: dotnet GasSimulation.Benchmarks-1.dll --anonymousPipes 1532 1476 --benchmarkName "GasSimulation.Benchmarks.Benchmarks.SimulationBenchmarks.CalculateIteration(NumAtoms: 500)" --job Default --benchmarkId 0 in C:\Users\borde\Desktop\Programming\Backend\WPF\GasSimulation\GasSimulation.Benchmarks\bin\Release\net10.0-windows\GasSimulation.Benchmarks-1\bin\Release\net10.0-Windows7.0
// BeforeAnythingElse

// Benchmark Process Environment Information:
// BenchmarkDotNet v0.15.8
// Runtime=.NET 10.0.5 (10.0.5, 10.0.526.15411), X64 RyuJIT x86-64-v3
// GC=Concurrent Workstation
// HardwareIntrinsics=AVX2+BMI1+BMI2+F16C+FMA+LZCNT+MOVBE,AVX,SSE3+SSSE3+SSE4.1+SSE4.2+POPCNT,X86Base+SSE+SSE2,AES+PCLMUL VectorSize=256
// Job: DefaultJob

OverheadJitting  1: 1 op, 133600.00 ns, 133.6000 us/op
WorkloadJitting  1: 1 op, 186034600.00 ns, 186.0346 ms/op

WorkloadPilot    1: 2 op, 73040400.00 ns, 36.5202 ms/op
WorkloadPilot    2: 3 op, 93790000.00 ns, 31.2633 ms/op
WorkloadPilot    3: 4 op, 93707100.00 ns, 23.4268 ms/op
WorkloadPilot    4: 5 op, 90007100.00 ns, 18.0014 ms/op
WorkloadPilot    5: 6 op, 68480100.00 ns, 11.4134 ms/op
WorkloadPilot    6: 7 op, 60780600.00 ns, 8.6829 ms/op
WorkloadPilot    7: 8 op, 38940300.00 ns, 4.8675 ms/op
WorkloadPilot    8: 9 op, 27798700.00 ns, 3.0887 ms/op
WorkloadPilot    9: 10 op, 22328200.00 ns, 2.2328 ms/op
WorkloadPilot   10: 11 op, 16230000.00 ns, 1.4755 ms/op
WorkloadPilot   11: 12 op, 10685000.00 ns, 890.4167 us/op
WorkloadPilot   12: 13 op, 9945700.00 ns, 765.0538 us/op
WorkloadPilot   13: 14 op, 6676300.00 ns, 476.8786 us/op
WorkloadPilot   14: 15 op, 4458800.00 ns, 297.2533 us/op
WorkloadPilot   15: 16 op, 3384600.00 ns, 211.5375 us/op
WorkloadPilot   16: 32 op, 8711700.00 ns, 272.2406 us/op
WorkloadPilot   17: 64 op, 12671900.00 ns, 197.9984 us/op
WorkloadPilot   18: 128 op, 21788100.00 ns, 170.2195 us/op
WorkloadPilot   19: 256 op, 40971200.00 ns, 160.0438 us/op
WorkloadPilot   20: 512 op, 78368100.00 ns, 153.0627 us/op
WorkloadPilot   21: 1024 op, 149801600.00 ns, 146.2906 us/op
WorkloadPilot   22: 2048 op, 301924000.00 ns, 147.4238 us/op
WorkloadPilot   23: 4096 op, 608229400.00 ns, 148.4935 us/op

WorkloadWarmup   1: 4096 op, 597677800.00 ns, 145.9174 us/op
WorkloadWarmup   2: 4096 op, 598588100.00 ns, 146.1397 us/op
WorkloadWarmup   3: 4096 op, 602300500.00 ns, 147.0460 us/op
WorkloadWarmup   4: 4096 op, 588646000.00 ns, 143.7124 us/op
WorkloadWarmup   5: 4096 op, 588398800.00 ns, 143.6521 us/op
WorkloadWarmup   6: 4096 op, 594566400.00 ns, 145.1578 us/op
WorkloadWarmup   7: 4096 op, 608538800.00 ns, 148.5690 us/op
WorkloadWarmup   8: 4096 op, 588206700.00 ns, 143.6052 us/op

// BeforeActualRun
WorkloadActual   1: 4096 op, 599871200.00 ns, 146.4529 us/op
WorkloadActual   2: 4096 op, 600020900.00 ns, 146.4895 us/op
WorkloadActual   3: 4096 op, 608607600.00 ns, 148.5858 us/op
WorkloadActual   4: 4096 op, 596590700.00 ns, 145.6520 us/op
WorkloadActual   5: 4096 op, 595851600.00 ns, 145.4716 us/op
WorkloadActual   6: 4096 op, 598463400.00 ns, 146.1092 us/op
WorkloadActual   7: 4096 op, 591675500.00 ns, 144.4520 us/op
WorkloadActual   8: 4096 op, 590142500.00 ns, 144.0778 us/op
WorkloadActual   9: 4096 op, 591055700.00 ns, 144.3007 us/op
WorkloadActual  10: 4096 op, 588054900.00 ns, 143.5681 us/op
WorkloadActual  11: 4096 op, 585879700.00 ns, 143.0370 us/op
WorkloadActual  12: 4096 op, 589207000.00 ns, 143.8494 us/op
WorkloadActual  13: 4096 op, 585103200.00 ns, 142.8475 us/op
WorkloadActual  14: 4096 op, 608892600.00 ns, 148.6554 us/op
WorkloadActual  15: 4096 op, 592293800.00 ns, 144.6030 us/op

// AfterActualRun
WorkloadResult   1: 4096 op, 599871200.00 ns, 146.4529 us/op
WorkloadResult   2: 4096 op, 600020900.00 ns, 146.4895 us/op
WorkloadResult   3: 4096 op, 608607600.00 ns, 148.5858 us/op
WorkloadResult   4: 4096 op, 596590700.00 ns, 145.6520 us/op
WorkloadResult   5: 4096 op, 595851600.00 ns, 145.4716 us/op
WorkloadResult   6: 4096 op, 598463400.00 ns, 146.1092 us/op
WorkloadResult   7: 4096 op, 591675500.00 ns, 144.4520 us/op
WorkloadResult   8: 4096 op, 590142500.00 ns, 144.0778 us/op
WorkloadResult   9: 4096 op, 591055700.00 ns, 144.3007 us/op
WorkloadResult  10: 4096 op, 588054900.00 ns, 143.5681 us/op
WorkloadResult  11: 4096 op, 585879700.00 ns, 143.0370 us/op
WorkloadResult  12: 4096 op, 589207000.00 ns, 143.8494 us/op
WorkloadResult  13: 4096 op, 585103200.00 ns, 142.8475 us/op
WorkloadResult  14: 4096 op, 608892600.00 ns, 148.6554 us/op
WorkloadResult  15: 4096 op, 592293800.00 ns, 144.6030 us/op
// GC:  0 0 0 0 4096
// Threading:  0 0 4096

// AfterAll
// Benchmark Process 359892 has exited with code 0.

Mean = 145.210 μs, StdErr = 0.465 μs (0.32%), N = 15, StdDev = 1.801 μs
Min = 142.847 μs, Q1 = 143.964 μs, Median = 144.603 μs, Q3 = 146.281 μs, Max = 148.655 μs
IQR = 2.318 μs, LowerFence = 140.487 μs, UpperFence = 149.757 μs
ConfidenceInterval = [143.284 μs; 147.136 μs] (CI 99.9%), Margin = 1.926 μs (1.33% of Mean)
Skewness = 0.58, Kurtosis = 2.18, MValue = 2

// ** Remained 1 (50.0%) benchmark(s) to run. Estimated finish 2026-05-08 14:55 (0h 0m from now) **
Setup power plan (GUID: 8c5e7fda-e8bf-4a96-9a85-a6e23a8c635c FriendlyName: High performance)
// **************************
// Benchmark: SimulationBenchmarks.CalculateIteration: DefaultJob [NumAtoms=1000]
// *** Execute ***
// Launch: 1 / 1
// Execute: dotnet GasSimulation.Benchmarks-1.dll --anonymousPipes 1540 1180 --benchmarkName "GasSimulation.Benchmarks.Benchmarks.SimulationBenchmarks.CalculateIteration(NumAtoms: 1000)" --job Default --benchmarkId 1 in C:\Users\borde\Desktop\Programming\Backend\WPF\GasSimulation\GasSimulation.Benchmarks\bin\Release\net10.0-windows\GasSimulation.Benchmarks-1\bin\Release\net10.0-Windows7.0
// BeforeAnythingElse

// Benchmark Process Environment Information:
// BenchmarkDotNet v0.15.8
// Runtime=.NET 10.0.5 (10.0.5, 10.0.526.15411), X64 RyuJIT x86-64-v3
// GC=Concurrent Workstation
// HardwareIntrinsics=AVX2+BMI1+BMI2+F16C+FMA+LZCNT+MOVBE,AVX,SSE3+SSSE3+SSE4.1+SSE4.2+POPCNT,X86Base+SSE+SSE2,AES+PCLMUL VectorSize=256
// Job: DefaultJob

OverheadJitting  1: 1 op, 135300.00 ns, 135.3000 us/op
WorkloadJitting  1: 1 op, 1593390800.00 ns, 1.5934 s/op

OverheadJitting  2: 1 op, 500.00 ns, 500.0000 ns/op
WorkloadJitting  2: 1 op, 1211610100.00 ns, 1.2116 s/op

WorkloadWarmup   1: 1 op, 1071996400.00 ns, 1.0720 s/op
WorkloadWarmup   2: 1 op, 894677300.00 ns, 894.6773 ms/op
WorkloadWarmup   3: 1 op, 879707200.00 ns, 879.7072 ms/op
WorkloadWarmup   4: 1 op, 710586600.00 ns, 710.5866 ms/op
WorkloadWarmup   5: 1 op, 650702000.00 ns, 650.7020 ms/op
WorkloadWarmup   6: 1 op, 554207300.00 ns, 554.2073 ms/op
WorkloadWarmup   7: 1 op, 484583400.00 ns, 484.5834 ms/op
WorkloadWarmup   8: 1 op, 413251300.00 ns, 413.2513 ms/op
WorkloadWarmup   9: 1 op, 344885600.00 ns, 344.8856 ms/op
WorkloadWarmup  10: 1 op, 323672100.00 ns, 323.6721 ms/op
WorkloadWarmup  11: 1 op, 246688700.00 ns, 246.6887 ms/op
WorkloadWarmup  12: 1 op, 228055700.00 ns, 228.0557 ms/op
WorkloadWarmup  13: 1 op, 198613600.00 ns, 198.6136 ms/op
WorkloadWarmup  14: 1 op, 177040800.00 ns, 177.0408 ms/op
WorkloadWarmup  15: 1 op, 150918800.00 ns, 150.9188 ms/op
WorkloadWarmup  16: 1 op, 137071600.00 ns, 137.0716 ms/op
WorkloadWarmup  17: 1 op, 121888000.00 ns, 121.8880 ms/op
WorkloadWarmup  18: 1 op, 132170300.00 ns, 132.1703 ms/op
WorkloadWarmup  19: 1 op, 94692000.00 ns, 94.6920 ms/op
WorkloadWarmup  20: 1 op, 85239800.00 ns, 85.2398 ms/op
WorkloadWarmup  21: 1 op, 60108000.00 ns, 60.1080 ms/op
WorkloadWarmup  22: 1 op, 70761700.00 ns, 70.7617 ms/op
WorkloadWarmup  23: 1 op, 76263900.00 ns, 76.2639 ms/op
WorkloadWarmup  24: 1 op, 54236000.00 ns, 54.2360 ms/op

// BeforeActualRun
WorkloadActual   1: 1 op, 65252700.00 ns, 65.2527 ms/op
WorkloadActual   2: 1 op, 38110300.00 ns, 38.1103 ms/op
WorkloadActual   3: 1 op, 44957600.00 ns, 44.9576 ms/op
WorkloadActual   4: 1 op, 38540600.00 ns, 38.5406 ms/op
WorkloadActual   5: 1 op, 39978900.00 ns, 39.9789 ms/op
WorkloadActual   6: 1 op, 43029000.00 ns, 43.0290 ms/op
WorkloadActual   7: 1 op, 44560200.00 ns, 44.5602 ms/op
WorkloadActual   8: 1 op, 23843200.00 ns, 23.8432 ms/op
WorkloadActual   9: 1 op, 37019100.00 ns, 37.0191 ms/op
WorkloadActual  10: 1 op, 26936800.00 ns, 26.9368 ms/op
WorkloadActual  11: 1 op, 23080100.00 ns, 23.0801 ms/op
WorkloadActual  12: 1 op, 21353200.00 ns, 21.3532 ms/op
WorkloadActual  13: 1 op, 27156800.00 ns, 27.1568 ms/op
WorkloadActual  14: 1 op, 22030900.00 ns, 22.0309 ms/op
WorkloadActual  15: 1 op, 20083900.00 ns, 20.0839 ms/op
WorkloadActual  16: 1 op, 16003000.00 ns, 16.0030 ms/op
WorkloadActual  17: 1 op, 21547700.00 ns, 21.5477 ms/op
WorkloadActual  18: 1 op, 19506400.00 ns, 19.5064 ms/op
WorkloadActual  19: 1 op, 17737200.00 ns, 17.7372 ms/op
WorkloadActual  20: 1 op, 18640700.00 ns, 18.6407 ms/op
WorkloadActual  21: 1 op, 16741400.00 ns, 16.7414 ms/op
WorkloadActual  22: 1 op, 12992100.00 ns, 12.9921 ms/op
WorkloadActual  23: 1 op, 15363800.00 ns, 15.3638 ms/op
WorkloadActual  24: 1 op, 13096000.00 ns, 13.0960 ms/op
WorkloadActual  25: 1 op, 17696600.00 ns, 17.6966 ms/op
WorkloadActual  26: 1 op, 13891100.00 ns, 13.8911 ms/op
WorkloadActual  27: 1 op, 18979700.00 ns, 18.9797 ms/op
WorkloadActual  28: 1 op, 7640100.00 ns, 7.6401 ms/op
WorkloadActual  29: 1 op, 12210100.00 ns, 12.2101 ms/op
WorkloadActual  30: 1 op, 7657800.00 ns, 7.6578 ms/op
WorkloadActual  31: 1 op, 10837000.00 ns, 10.8370 ms/op
WorkloadActual  32: 1 op, 6942400.00 ns, 6.9424 ms/op
WorkloadActual  33: 1 op, 12437800.00 ns, 12.4378 ms/op
WorkloadActual  34: 1 op, 9924300.00 ns, 9.9243 ms/op
WorkloadActual  35: 1 op, 7628000.00 ns, 7.6280 ms/op
WorkloadActual  36: 1 op, 7296100.00 ns, 7.2961 ms/op
WorkloadActual  37: 1 op, 10662800.00 ns, 10.6628 ms/op
WorkloadActual  38: 1 op, 9907700.00 ns, 9.9077 ms/op
WorkloadActual  39: 1 op, 9352200.00 ns, 9.3522 ms/op
WorkloadActual  40: 1 op, 6214400.00 ns, 6.2144 ms/op
WorkloadActual  41: 1 op, 8313200.00 ns, 8.3132 ms/op
WorkloadActual  42: 1 op, 7464600.00 ns, 7.4646 ms/op
WorkloadActual  43: 1 op, 3434800.00 ns, 3.4348 ms/op
WorkloadActual  44: 1 op, 6738400.00 ns, 6.7384 ms/op
WorkloadActual  45: 1 op, 2976300.00 ns, 2.9763 ms/op
WorkloadActual  46: 1 op, 5191100.00 ns, 5.1911 ms/op
WorkloadActual  47: 1 op, 6260400.00 ns, 6.2604 ms/op
WorkloadActual  48: 1 op, 7459100.00 ns, 7.4591 ms/op
WorkloadActual  49: 1 op, 7386200.00 ns, 7.3862 ms/op
WorkloadActual  50: 1 op, 5167900.00 ns, 5.1679 ms/op
WorkloadActual  51: 1 op, 8501300.00 ns, 8.5013 ms/op
WorkloadActual  52: 1 op, 2765100.00 ns, 2.7651 ms/op
WorkloadActual  53: 1 op, 2952500.00 ns, 2.9525 ms/op
WorkloadActual  54: 1 op, 5277200.00 ns, 5.2772 ms/op
WorkloadActual  55: 1 op, 5286300.00 ns, 5.2863 ms/op
WorkloadActual  56: 1 op, 7800600.00 ns, 7.8006 ms/op
WorkloadActual  57: 1 op, 4424400.00 ns, 4.4244 ms/op
WorkloadActual  58: 1 op, 5885300.00 ns, 5.8853 ms/op
WorkloadActual  59: 1 op, 2200500.00 ns, 2.2005 ms/op
WorkloadActual  60: 1 op, 5785900.00 ns, 5.7859 ms/op
WorkloadActual  61: 1 op, 5571900.00 ns, 5.5719 ms/op
WorkloadActual  62: 1 op, 6870100.00 ns, 6.8701 ms/op
WorkloadActual  63: 1 op, 3123600.00 ns, 3.1236 ms/op
WorkloadActual  64: 1 op, 4802900.00 ns, 4.8029 ms/op
WorkloadActual  65: 1 op, 3704100.00 ns, 3.7041 ms/op
WorkloadActual  66: 1 op, 4040900.00 ns, 4.0409 ms/op
WorkloadActual  67: 1 op, 9068700.00 ns, 9.0687 ms/op
WorkloadActual  68: 1 op, 2606700.00 ns, 2.6067 ms/op
WorkloadActual  69: 1 op, 1942700.00 ns, 1.9427 ms/op
WorkloadActual  70: 1 op, 1309100.00 ns, 1.3091 ms/op
WorkloadActual  71: 1 op, 1304300.00 ns, 1.3043 ms/op
WorkloadActual  72: 1 op, 1962700.00 ns, 1.9627 ms/op
WorkloadActual  73: 1 op, 3019400.00 ns, 3.0194 ms/op
WorkloadActual  74: 1 op, 3996500.00 ns, 3.9965 ms/op
WorkloadActual  75: 1 op, 4887300.00 ns, 4.8873 ms/op
WorkloadActual  76: 1 op, 1937000.00 ns, 1.9370 ms/op
WorkloadActual  77: 1 op, 964200.00 ns, 964.2000 us/op
WorkloadActual  78: 1 op, 3383900.00 ns, 3.3839 ms/op
WorkloadActual  79: 1 op, 1910000.00 ns, 1.9100 ms/op
WorkloadActual  80: 1 op, 1269900.00 ns, 1.2699 ms/op
WorkloadActual  81: 1 op, 4686200.00 ns, 4.6862 ms/op
WorkloadActual  82: 1 op, 1928600.00 ns, 1.9286 ms/op
WorkloadActual  83: 1 op, 1932100.00 ns, 1.9321 ms/op
WorkloadActual  84: 1 op, 2326400.00 ns, 2.3264 ms/op
WorkloadActual  85: 1 op, 1265500.00 ns, 1.2655 ms/op
WorkloadActual  86: 1 op, 1698500.00 ns, 1.6985 ms/op
WorkloadActual  87: 1 op, 1414000.00 ns, 1.4140 ms/op
WorkloadActual  88: 1 op, 2557700.00 ns, 2.5577 ms/op
WorkloadActual  89: 1 op, 2853800.00 ns, 2.8538 ms/op
WorkloadActual  90: 1 op, 1256100.00 ns, 1.2561 ms/op
WorkloadActual  91: 1 op, 1798700.00 ns, 1.7987 ms/op
WorkloadActual  92: 1 op, 3187800.00 ns, 3.1878 ms/op
WorkloadActual  93: 1 op, 2345900.00 ns, 2.3459 ms/op
WorkloadActual  94: 1 op, 631900.00 ns, 631.9000 us/op
WorkloadActual  95: 1 op, 1646700.00 ns, 1.6467 ms/op
WorkloadActual  96: 1 op, 1739900.00 ns, 1.7399 ms/op
WorkloadActual  97: 1 op, 1893000.00 ns, 1.8930 ms/op
WorkloadActual  98: 1 op, 3002800.00 ns, 3.0028 ms/op
WorkloadActual  99: 1 op, 4042900.00 ns, 4.0429 ms/op
WorkloadActual  100: 1 op, 846400.00 ns, 846.4000 us/op

// AfterActualRun
WorkloadResult   1: 1 op, 23843200.00 ns, 23.8432 ms/op
WorkloadResult   2: 1 op, 26936800.00 ns, 26.9368 ms/op
WorkloadResult   3: 1 op, 23080100.00 ns, 23.0801 ms/op
WorkloadResult   4: 1 op, 21353200.00 ns, 21.3532 ms/op
WorkloadResult   5: 1 op, 27156800.00 ns, 27.1568 ms/op
WorkloadResult   6: 1 op, 22030900.00 ns, 22.0309 ms/op
WorkloadResult   7: 1 op, 20083900.00 ns, 20.0839 ms/op
WorkloadResult   8: 1 op, 16003000.00 ns, 16.0030 ms/op
WorkloadResult   9: 1 op, 21547700.00 ns, 21.5477 ms/op
WorkloadResult  10: 1 op, 19506400.00 ns, 19.5064 ms/op
WorkloadResult  11: 1 op, 17737200.00 ns, 17.7372 ms/op
WorkloadResult  12: 1 op, 18640700.00 ns, 18.6407 ms/op
WorkloadResult  13: 1 op, 16741400.00 ns, 16.7414 ms/op
WorkloadResult  14: 1 op, 12992100.00 ns, 12.9921 ms/op
WorkloadResult  15: 1 op, 15363800.00 ns, 15.3638 ms/op
WorkloadResult  16: 1 op, 13096000.00 ns, 13.0960 ms/op
WorkloadResult  17: 1 op, 17696600.00 ns, 17.6966 ms/op
WorkloadResult  18: 1 op, 13891100.00 ns, 13.8911 ms/op
WorkloadResult  19: 1 op, 18979700.00 ns, 18.9797 ms/op
WorkloadResult  20: 1 op, 7640100.00 ns, 7.6401 ms/op
WorkloadResult  21: 1 op, 12210100.00 ns, 12.2101 ms/op
WorkloadResult  22: 1 op, 7657800.00 ns, 7.6578 ms/op
WorkloadResult  23: 1 op, 10837000.00 ns, 10.8370 ms/op
WorkloadResult  24: 1 op, 6942400.00 ns, 6.9424 ms/op
WorkloadResult  25: 1 op, 12437800.00 ns, 12.4378 ms/op
WorkloadResult  26: 1 op, 9924300.00 ns, 9.9243 ms/op
WorkloadResult  27: 1 op, 7628000.00 ns, 7.6280 ms/op
WorkloadResult  28: 1 op, 7296100.00 ns, 7.2961 ms/op
WorkloadResult  29: 1 op, 10662800.00 ns, 10.6628 ms/op
WorkloadResult  30: 1 op, 9907700.00 ns, 9.9077 ms/op
WorkloadResult  31: 1 op, 9352200.00 ns, 9.3522 ms/op
WorkloadResult  32: 1 op, 6214400.00 ns, 6.2144 ms/op
WorkloadResult  33: 1 op, 8313200.00 ns, 8.3132 ms/op
WorkloadResult  34: 1 op, 7464600.00 ns, 7.4646 ms/op
WorkloadResult  35: 1 op, 3434800.00 ns, 3.4348 ms/op
WorkloadResult  36: 1 op, 6738400.00 ns, 6.7384 ms/op
WorkloadResult  37: 1 op, 2976300.00 ns, 2.9763 ms/op
WorkloadResult  38: 1 op, 5191100.00 ns, 5.1911 ms/op
WorkloadResult  39: 1 op, 6260400.00 ns, 6.2604 ms/op
WorkloadResult  40: 1 op, 7459100.00 ns, 7.4591 ms/op
WorkloadResult  41: 1 op, 7386200.00 ns, 7.3862 ms/op
WorkloadResult  42: 1 op, 5167900.00 ns, 5.1679 ms/op
WorkloadResult  43: 1 op, 8501300.00 ns, 8.5013 ms/op
WorkloadResult  44: 1 op, 2765100.00 ns, 2.7651 ms/op
WorkloadResult  45: 1 op, 2952500.00 ns, 2.9525 ms/op
WorkloadResult  46: 1 op, 5277200.00 ns, 5.2772 ms/op
WorkloadResult  47: 1 op, 5286300.00 ns, 5.2863 ms/op
WorkloadResult  48: 1 op, 7800600.00 ns, 7.8006 ms/op
WorkloadResult  49: 1 op, 4424400.00 ns, 4.4244 ms/op
WorkloadResult  50: 1 op, 5885300.00 ns, 5.8853 ms/op
WorkloadResult  51: 1 op, 2200500.00 ns, 2.2005 ms/op
WorkloadResult  52: 1 op, 5785900.00 ns, 5.7859 ms/op
WorkloadResult  53: 1 op, 5571900.00 ns, 5.5719 ms/op
WorkloadResult  54: 1 op, 6870100.00 ns, 6.8701 ms/op
WorkloadResult  55: 1 op, 3123600.00 ns, 3.1236 ms/op
WorkloadResult  56: 1 op, 4802900.00 ns, 4.8029 ms/op
WorkloadResult  57: 1 op, 3704100.00 ns, 3.7041 ms/op
WorkloadResult  58: 1 op, 4040900.00 ns, 4.0409 ms/op
WorkloadResult  59: 1 op, 9068700.00 ns, 9.0687 ms/op
WorkloadResult  60: 1 op, 2606700.00 ns, 2.6067 ms/op
WorkloadResult  61: 1 op, 1942700.00 ns, 1.9427 ms/op
WorkloadResult  62: 1 op, 1309100.00 ns, 1.3091 ms/op
WorkloadResult  63: 1 op, 1304300.00 ns, 1.3043 ms/op
WorkloadResult  64: 1 op, 1962700.00 ns, 1.9627 ms/op
WorkloadResult  65: 1 op, 3019400.00 ns, 3.0194 ms/op
WorkloadResult  66: 1 op, 3996500.00 ns, 3.9965 ms/op
WorkloadResult  67: 1 op, 4887300.00 ns, 4.8873 ms/op
WorkloadResult  68: 1 op, 1937000.00 ns, 1.9370 ms/op
WorkloadResult  69: 1 op, 964200.00 ns, 964.2000 us/op
WorkloadResult  70: 1 op, 3383900.00 ns, 3.3839 ms/op
WorkloadResult  71: 1 op, 1910000.00 ns, 1.9100 ms/op
WorkloadResult  72: 1 op, 1269900.00 ns, 1.2699 ms/op
WorkloadResult  73: 1 op, 4686200.00 ns, 4.6862 ms/op
WorkloadResult  74: 1 op, 1928600.00 ns, 1.9286 ms/op
WorkloadResult  75: 1 op, 1932100.00 ns, 1.9321 ms/op
WorkloadResult  76: 1 op, 2326400.00 ns, 2.3264 ms/op
WorkloadResult  77: 1 op, 1265500.00 ns, 1.2655 ms/op
WorkloadResult  78: 1 op, 1698500.00 ns, 1.6985 ms/op
WorkloadResult  79: 1 op, 1414000.00 ns, 1.4140 ms/op
WorkloadResult  80: 1 op, 2557700.00 ns, 2.5577 ms/op
WorkloadResult  81: 1 op, 2853800.00 ns, 2.8538 ms/op
WorkloadResult  82: 1 op, 1256100.00 ns, 1.2561 ms/op
WorkloadResult  83: 1 op, 1798700.00 ns, 1.7987 ms/op
WorkloadResult  84: 1 op, 3187800.00 ns, 3.1878 ms/op
WorkloadResult  85: 1 op, 2345900.00 ns, 2.3459 ms/op
WorkloadResult  86: 1 op, 631900.00 ns, 631.9000 us/op
WorkloadResult  87: 1 op, 1646700.00 ns, 1.6467 ms/op
WorkloadResult  88: 1 op, 1739900.00 ns, 1.7399 ms/op
WorkloadResult  89: 1 op, 1893000.00 ns, 1.8930 ms/op
WorkloadResult  90: 1 op, 3002800.00 ns, 3.0028 ms/op
WorkloadResult  91: 1 op, 4042900.00 ns, 4.0429 ms/op
WorkloadResult  92: 1 op, 846400.00 ns, 846.4000 us/op
// GC:  0 0 0 48 1
// Threading:  0 0 1

// AfterAll
// Benchmark Process 357192 has exited with code 0.

Mean = 7.689 ms, StdErr = 0.709 ms (9.22%), N = 92, StdDev = 6.798 ms
Min = 0.632 ms, Q1 = 2.505 ms, Median = 5.282 ms, Q3 = 10.109 ms, Max = 27.157 ms
IQR = 7.604 ms, LowerFence = -8.902 ms, UpperFence = 21.515 ms
ConfidenceInterval = [5.279 ms; 10.099 ms] (CI 99.9%), Margin = 2.410 ms (31.35% of Mean)
Skewness = 1.2, Kurtosis = 3.42, MValue = 2.22

// ** Remained 0 (0.0%) benchmark(s) to run. Estimated finish 2026-05-08 14:55 (0h 0m from now) **
Successfully reverted power plan (GUID: 8c5e7fda-e8bf-4a96-9a85-a6e23a8c635c FriendlyName: High performance)
// ***** BenchmarkRunner: Finish  *****

// * Export *
  BenchmarkDotNet.Artifacts\results\GasSimulation.Benchmarks.Benchmarks.SimulationBenchmarks-report.csv
  BenchmarkDotNet.Artifacts\results\GasSimulation.Benchmarks.Benchmarks.SimulationBenchmarks-report-github.md
  BenchmarkDotNet.Artifacts\results\GasSimulation.Benchmarks.Benchmarks.SimulationBenchmarks-report.html

// * Detailed results *
SimulationBenchmarks.CalculateIteration: DefaultJob [NumAtoms=500]
Runtime = .NET 10.0.5 (10.0.5, 10.0.526.15411), X64 RyuJIT x86-64-v3; GC = Concurrent Workstation
Mean = 145.210 μs, StdErr = 0.465 μs (0.32%), N = 15, StdDev = 1.801 μs
Min = 142.847 μs, Q1 = 143.964 μs, Median = 144.603 μs, Q3 = 146.281 μs, Max = 148.655 μs
IQR = 2.318 μs, LowerFence = 140.487 μs, UpperFence = 149.757 μs
ConfidenceInterval = [143.284 μs; 147.136 μs] (CI 99.9%), Margin = 1.926 μs (1.33% of Mean)
Skewness = 0.58, Kurtosis = 2.18, MValue = 2
-------------------- Histogram --------------------
[142.288 μs ; 149.614 μs) | @@@@@@@@@@@@@@@
---------------------------------------------------

SimulationBenchmarks.CalculateIteration: DefaultJob [NumAtoms=1000]
Runtime = .NET 10.0.5 (10.0.5, 10.0.526.15411), X64 RyuJIT x86-64-v3; GC = Concurrent Workstation
Mean = 7.689 ms, StdErr = 0.709 ms (9.22%), N = 92, StdDev = 6.798 ms
Min = 0.632 ms, Q1 = 2.505 ms, Median = 5.282 ms, Q3 = 10.109 ms, Max = 27.157 ms
IQR = 7.604 ms, LowerFence = -8.902 ms, UpperFence = 21.515 ms
ConfidenceInterval = [5.279 ms; 10.099 ms] (CI 99.9%), Margin = 2.410 ms (31.35% of Mean)
Skewness = 1.2, Kurtosis = 3.42, MValue = 2.22
-------------------- Histogram --------------------
[ 0.632 ms ;  1.247 ms) | @@@
[ 1.247 ms ;  5.200 ms) | @@@@@@@@@@@@@@@@@@@@@@@@@@@@@@@@@@@@@@@@@@
[ 5.200 ms ;  9.149 ms) | @@@@@@@@@@@@@@@@@@@@@
[ 9.149 ms ; 13.201 ms) | @@@@@@@@@
[13.201 ms ; 17.646 ms) | @@@@
[17.646 ms ; 21.599 ms) | @@@@@@@@
[21.599 ms ; 24.914 ms) | @@@
[24.914 ms ; 29.133 ms) | @@
---------------------------------------------------

// * Summary *

BenchmarkDotNet v0.15.8, Windows 11 (10.0.26200.8246/25H2/2025Update/HudsonValley2)
AMD Ryzen 5 7535HS with Radeon Graphics 3.30GHz, 1 CPU, 12 logical and 6 physical cores
.NET SDK 10.0.300-preview.0.26177.108
  [Host]     : .NET 10.0.5 (10.0.5, 10.0.526.15411), X64 RyuJIT x86-64-v3
  DefaultJob : .NET 10.0.5 (10.0.5, 10.0.526.15411), X64 RyuJIT x86-64-v3


| Method             | NumAtoms | Mean       | Error       | StdDev      | Median     | Rank | Allocated |
|------------------- |--------- |-----------:|------------:|------------:|-----------:|-----:|----------:|
| CalculateIteration | 500      |   145.2 μs |     1.93 μs |     1.80 μs |   144.6 μs |    1 |         - |
| CalculateIteration | 1000     | 7,689.1 μs | 2,410.26 μs | 6,798.19 μs | 5,281.8 μs |    2 |      48 B |

// * Warnings *
MinIterationTime
  SimulationBenchmarks.CalculateIteration: Default -> The minimum observed iteration time is 631.9μs which is very small. It's recommended to increase it to at least 100ms using more operations.

// * Hints *
Outliers
  SimulationBenchmarks.CalculateIteration: Default -> 8 outliers were removed (37.02 ms..65.25 ms)

// * Legends *
  NumAtoms  : Value of the 'NumAtoms' parameter
  Mean      : Arithmetic mean of all measurements
  Error     : Half of 99.9% confidence interval
  StdDev    : Standard deviation of all measurements
  Median    : Value separating the higher half of all measurements (50th percentile)
  Rank      : Relative position of current benchmark mean among all benchmarks (Arabic style)
  Allocated : Allocated memory per single operation (managed only, inclusive, 1KB = 1024B)
  1 μs      : 1 Microsecond (0.000001 sec)

// * Diagnostic Output - MemoryDiagnoser *


// ***** BenchmarkRunner: End *****
Run time: 00:00:29 (29.51 sec), executed benchmarks: 2

Global total time: 00:00:47 (47.75 sec), executed benchmarks: 2
// * Artifacts cleanup *
Artifacts cleanup is finished
