// Validating benchmarks:
// ***** BenchmarkRunner: Start   *****
// ***** Found 2 benchmark(s) in total *****
// ***** Building 1 exe(s) in Parallel: Start   *****
// start dotnet  restore --nodeReuse:false /p:UseSharedCompilation=false /p:Deterministic=true /p:Optimize=true /p:ArtifactsPath="C:\Users\borde\Desktop\Programming\Backend\WPF\GasSimulation\GasSimulation.Benchmarks\bin\Release\net10.0-windows\GasSimulation.Benchmarks-1/" /p:OutDir="C:\Users\borde\Desktop\Programming\Backend\WPF\GasSimulation\GasSimulation.Benchmarks\bin\Release\net10.0-windows\GasSimulation.Benchmarks-1\bin\Release\net10.0-Windows7.0/" /p:OutputPath="C:\Users\borde\Desktop\Programming\Backend\WPF\GasSimulation\GasSimulation.Benchmarks\bin\Release\net10.0-windows\GasSimulation.Benchmarks-1\bin\Release\net10.0-Windows7.0/" /p:PublishDir="C:\Users\borde\Desktop\Programming\Backend\WPF\GasSimulation\GasSimulation.Benchmarks\bin\Release\net10.0-windows\GasSimulation.Benchmarks-1\publish/" in C:\Users\borde\Desktop\Programming\Backend\WPF\GasSimulation\GasSimulation.Benchmarks\bin\Release\net10.0-windows\GasSimulation.Benchmarks-1
// command took 1.99 sec and exited with 0
// start dotnet  build -c Release --no-restore --nodeReuse:false /p:UseSharedCompilation=false /p:Deterministic=true /p:Optimize=true /p:ArtifactsPath="C:\Users\borde\Desktop\Programming\Backend\WPF\GasSimulation\GasSimulation.Benchmarks\bin\Release\net10.0-windows\GasSimulation.Benchmarks-1/" /p:OutDir="C:\Users\borde\Desktop\Programming\Backend\WPF\GasSimulation\GasSimulation.Benchmarks\bin\Release\net10.0-windows\GasSimulation.Benchmarks-1\bin\Release\net10.0-Windows7.0/" /p:OutputPath="C:\Users\borde\Desktop\Programming\Backend\WPF\GasSimulation\GasSimulation.Benchmarks\bin\Release\net10.0-windows\GasSimulation.Benchmarks-1\bin\Release\net10.0-Windows7.0/" /p:PublishDir="C:\Users\borde\Desktop\Programming\Backend\WPF\GasSimulation\GasSimulation.Benchmarks\bin\Release\net10.0-windows\GasSimulation.Benchmarks-1\publish/" --output "C:\Users\borde\Desktop\Programming\Backend\WPF\GasSimulation\GasSimulation.Benchmarks\bin\Release\net10.0-windows\GasSimulation.Benchmarks-1\bin\Release\net10.0-Windows7.0/" in C:\Users\borde\Desktop\Programming\Backend\WPF\GasSimulation\GasSimulation.Benchmarks\bin\Release\net10.0-windows\GasSimulation.Benchmarks-1
// command took 10.82 sec and exited with 0
// ***** Done, took 00:00:12 (12.89 sec)   *****
// Found 2 benchmarks:
//   SimulationBenchmarks.CalculateIteration: DefaultJob [NumAtoms=100]
//   SimulationBenchmarks.CalculateIteration: DefaultJob [NumAtoms=200]

Setup power plan (GUID: 8c5e7fda-e8bf-4a96-9a85-a6e23a8c635c FriendlyName: High performance)
// **************************
// Benchmark: SimulationBenchmarks.CalculateIteration: DefaultJob [NumAtoms=100]
// *** Execute ***
// Launch: 1 / 1
// Execute: dotnet GasSimulation.Benchmarks-1.dll --anonymousPipes 1456 1416 --benchmarkName "GasSimulation.Benchmarks.Benchmarks.SimulationBenchmarks.CalculateIteration(NumAtoms: 100)" --job Default --benchmarkId 0 in C:\Users\borde\Desktop\Programming\Backend\WPF\GasSimulation\GasSimulation.Benchmarks\bin\Release\net10.0-windows\GasSimulation.Benchmarks-1\bin\Release\net10.0-Windows7.0
// BeforeAnythingElse

// Benchmark Process Environment Information:
// BenchmarkDotNet v0.15.8
// Runtime=.NET 10.0.5 (10.0.5, 10.0.526.15411), X64 RyuJIT x86-64-v3
// GC=Concurrent Workstation
// HardwareIntrinsics=AVX2+BMI1+BMI2+F16C+FMA+LZCNT+MOVBE,AVX,SSE3+SSSE3+SSE4.1+SSE4.2+POPCNT,X86Base+SSE+SSE2,AES+PCLMUL VectorSize=256
// Job: DefaultJob

OverheadJitting  1: 1 op, 157000.00 ns, 157.0000 us/op
WorkloadJitting  1: 1 op, 2747800.00 ns, 2.7478 ms/op

OverheadJitting  2: 16 op, 180700.00 ns, 11.2938 us/op
WorkloadJitting  2: 16 op, 12115100.00 ns, 757.1938 us/op

WorkloadPilot    1: 16 op, 5652500.00 ns, 353.2813 us/op
WorkloadPilot    2: 32 op, 6990300.00 ns, 218.4469 us/op
WorkloadPilot    3: 64 op, 9278800.00 ns, 144.9813 us/op
WorkloadPilot    4: 128 op, 15043000.00 ns, 117.5234 us/op
WorkloadPilot    5: 256 op, 29238300.00 ns, 114.2121 us/op
WorkloadPilot    6: 512 op, 57244700.00 ns, 111.8061 us/op
WorkloadPilot    7: 1024 op, 18017300.00 ns, 17.5950 us/op
WorkloadPilot    8: 2048 op, 10907400.00 ns, 5.3259 us/op
WorkloadPilot    9: 4096 op, 22148200.00 ns, 5.4073 us/op
WorkloadPilot   10: 8192 op, 43327200.00 ns, 5.2890 us/op
WorkloadPilot   11: 16384 op, 86682800.00 ns, 5.2907 us/op
WorkloadPilot   12: 32768 op, 171317600.00 ns, 5.2282 us/op
WorkloadPilot   13: 65536 op, 341173100.00 ns, 5.2059 us/op
WorkloadPilot   14: 131072 op, 684599700.00 ns, 5.2231 us/op

OverheadWarmup   1: 131072 op, 222900.00 ns, 1.7006 ns/op
OverheadWarmup   2: 131072 op, 279000.00 ns, 2.1286 ns/op
OverheadWarmup   3: 131072 op, 219900.00 ns, 1.6777 ns/op
OverheadWarmup   4: 131072 op, 219700.00 ns, 1.6762 ns/op
OverheadWarmup   5: 131072 op, 219700.00 ns, 1.6762 ns/op
OverheadWarmup   6: 131072 op, 219700.00 ns, 1.6762 ns/op

OverheadActual   1: 131072 op, 218500.00 ns, 1.6670 ns/op
OverheadActual   2: 131072 op, 219800.00 ns, 1.6769 ns/op
OverheadActual   3: 131072 op, 218800.00 ns, 1.6693 ns/op
OverheadActual   4: 131072 op, 327700.00 ns, 2.5002 ns/op
OverheadActual   5: 131072 op, 218500.00 ns, 1.6670 ns/op
OverheadActual   6: 131072 op, 231200.00 ns, 1.7639 ns/op
OverheadActual   7: 131072 op, 327700.00 ns, 2.5002 ns/op
OverheadActual   8: 131072 op, 218500.00 ns, 1.6670 ns/op
OverheadActual   9: 131072 op, 218500.00 ns, 1.6670 ns/op
OverheadActual  10: 131072 op, 218500.00 ns, 1.6670 ns/op
OverheadActual  11: 131072 op, 218600.00 ns, 1.6678 ns/op
OverheadActual  12: 131072 op, 218400.00 ns, 1.6663 ns/op
OverheadActual  13: 131072 op, 327700.00 ns, 2.5002 ns/op
OverheadActual  14: 131072 op, 218500.00 ns, 1.6670 ns/op
OverheadActual  15: 131072 op, 218400.00 ns, 1.6663 ns/op

WorkloadWarmup   1: 131072 op, 688845400.00 ns, 5.2555 us/op
WorkloadWarmup   2: 131072 op, 675702800.00 ns, 5.1552 us/op
WorkloadWarmup   3: 131072 op, 673653500.00 ns, 5.1396 us/op
WorkloadWarmup   4: 131072 op, 676427900.00 ns, 5.1607 us/op
WorkloadWarmup   5: 131072 op, 678059000.00 ns, 5.1732 us/op
WorkloadWarmup   6: 131072 op, 679460000.00 ns, 5.1839 us/op
WorkloadWarmup   7: 131072 op, 674326500.00 ns, 5.1447 us/op
WorkloadWarmup   8: 131072 op, 699190700.00 ns, 5.3344 us/op
WorkloadWarmup   9: 131072 op, 676812900.00 ns, 5.1637 us/op

// BeforeActualRun
WorkloadActual   1: 131072 op, 673582100.00 ns, 5.1390 us/op
WorkloadActual   2: 131072 op, 683996400.00 ns, 5.2185 us/op
WorkloadActual   3: 131072 op, 679857300.00 ns, 5.1869 us/op
WorkloadActual   4: 131072 op, 682619200.00 ns, 5.2080 us/op
WorkloadActual   5: 131072 op, 683323000.00 ns, 5.2133 us/op
WorkloadActual   6: 131072 op, 676381500.00 ns, 5.1604 us/op
WorkloadActual   7: 131072 op, 674480100.00 ns, 5.1459 us/op
WorkloadActual   8: 131072 op, 676180600.00 ns, 5.1588 us/op
WorkloadActual   9: 131072 op, 673994400.00 ns, 5.1422 us/op
WorkloadActual  10: 131072 op, 674137900.00 ns, 5.1433 us/op
WorkloadActual  11: 131072 op, 679358400.00 ns, 5.1831 us/op
WorkloadActual  12: 131072 op, 672289900.00 ns, 5.1292 us/op
WorkloadActual  13: 131072 op, 671645800.00 ns, 5.1243 us/op
WorkloadActual  14: 131072 op, 673210500.00 ns, 5.1362 us/op
WorkloadActual  15: 131072 op, 679131900.00 ns, 5.1814 us/op

// AfterActualRun
WorkloadResult   1: 131072 op, 673363600.00 ns, 5.1374 us/op
WorkloadResult   2: 131072 op, 683777900.00 ns, 5.2168 us/op
WorkloadResult   3: 131072 op, 679638800.00 ns, 5.1852 us/op
WorkloadResult   4: 131072 op, 682400700.00 ns, 5.2063 us/op
WorkloadResult   5: 131072 op, 683104500.00 ns, 5.2117 us/op
WorkloadResult   6: 131072 op, 676163000.00 ns, 5.1587 us/op
WorkloadResult   7: 131072 op, 674261600.00 ns, 5.1442 us/op
WorkloadResult   8: 131072 op, 675962100.00 ns, 5.1572 us/op
WorkloadResult   9: 131072 op, 673775900.00 ns, 5.1405 us/op
WorkloadResult  10: 131072 op, 673919400.00 ns, 5.1416 us/op
WorkloadResult  11: 131072 op, 679139900.00 ns, 5.1814 us/op
WorkloadResult  12: 131072 op, 672071400.00 ns, 5.1275 us/op
WorkloadResult  13: 131072 op, 671427300.00 ns, 5.1226 us/op
WorkloadResult  14: 131072 op, 672992000.00 ns, 5.1345 us/op
WorkloadResult  15: 131072 op, 678913400.00 ns, 5.1797 us/op
// GC:  0 0 0 0 131072
// Threading:  0 0 131072

// AfterAll
// Benchmark Process 68568 has exited with code 0.

Mean = 5.163 μs, StdErr = 0.008 μs (0.16%), N = 15, StdDev = 0.032 μs
Min = 5.123 μs, Q1 = 5.139 μs, Median = 5.157 μs, Q3 = 5.183 μs, Max = 5.217 μs
IQR = 0.044 μs, LowerFence = 5.072 μs, UpperFence = 5.250 μs
ConfidenceInterval = [5.129 μs; 5.197 μs] (CI 99.9%), Margin = 0.034 μs (0.65% of Mean)
Skewness = 0.41, Kurtosis = 1.6, MValue = 2

// ** Remained 1 (50.0%) benchmark(s) to run. Estimated finish 2026-04-30 19:32 (0h 0m from now) **
Setup power plan (GUID: 8c5e7fda-e8bf-4a96-9a85-a6e23a8c635c FriendlyName: High performance)
// **************************
// Benchmark: SimulationBenchmarks.CalculateIteration: DefaultJob [NumAtoms=200]
// *** Execute ***
// Launch: 1 / 1
// Execute: dotnet GasSimulation.Benchmarks-1.dll --anonymousPipes 668 664 --benchmarkName "GasSimulation.Benchmarks.Benchmarks.SimulationBenchmarks.CalculateIteration(NumAtoms: 200)" --job Default --benchmarkId 1 in C:\Users\borde\Desktop\Programming\Backend\WPF\GasSimulation\GasSimulation.Benchmarks\bin\Release\net10.0-windows\GasSimulation.Benchmarks-1\bin\Release\net10.0-Windows7.0
// BeforeAnythingElse

// Benchmark Process Environment Information:
// BenchmarkDotNet v0.15.8
// Runtime=.NET 10.0.5 (10.0.5, 10.0.526.15411), X64 RyuJIT x86-64-v3
// GC=Concurrent Workstation
// HardwareIntrinsics=AVX2+BMI1+BMI2+F16C+FMA+LZCNT+MOVBE,AVX,SSE3+SSSE3+SSE4.1+SSE4.2+POPCNT,X86Base+SSE+SSE2,AES+PCLMUL VectorSize=256
// Job: DefaultJob

OverheadJitting  1: 1 op, 157300.00 ns, 157.3000 us/op
WorkloadJitting  1: 1 op, 8406800.00 ns, 8.4068 ms/op

OverheadJitting  2: 16 op, 196100.00 ns, 12.2563 us/op
WorkloadJitting  2: 16 op, 115195500.00 ns, 7.1997 ms/op

WorkloadPilot    1: 16 op, 65432100.00 ns, 4.0895 ms/op
WorkloadPilot    2: 32 op, 46102500.00 ns, 1.4407 ms/op
WorkloadPilot    3: 64 op, 42629300.00 ns, 666.0828 us/op
WorkloadPilot    4: 128 op, 58061500.00 ns, 453.6055 us/op
WorkloadPilot    5: 256 op, 50595100.00 ns, 197.6371 us/op
WorkloadPilot    6: 512 op, 11155200.00 ns, 21.7875 us/op
WorkloadPilot    7: 1024 op, 22440800.00 ns, 21.9148 us/op
WorkloadPilot    8: 2048 op, 44391100.00 ns, 21.6753 us/op
WorkloadPilot    9: 4096 op, 88061700.00 ns, 21.4994 us/op
WorkloadPilot   10: 8192 op, 175969600.00 ns, 21.4807 us/op
WorkloadPilot   11: 16384 op, 344943500.00 ns, 21.0537 us/op
WorkloadPilot   12: 32768 op, 690145400.00 ns, 21.0616 us/op

OverheadWarmup   1: 32768 op, 56400.00 ns, 1.7212 ns/op
OverheadWarmup   2: 32768 op, 54500.00 ns, 1.6632 ns/op
OverheadWarmup   3: 32768 op, 82400.00 ns, 2.5146 ns/op
OverheadWarmup   4: 32768 op, 52800.00 ns, 1.6113 ns/op
OverheadWarmup   5: 32768 op, 55000.00 ns, 1.6785 ns/op
OverheadWarmup   6: 32768 op, 53000.00 ns, 1.6174 ns/op

OverheadActual   1: 32768 op, 54700.00 ns, 1.6693 ns/op
OverheadActual   2: 32768 op, 80500.00 ns, 2.4567 ns/op
OverheadActual   3: 32768 op, 54800.00 ns, 1.6724 ns/op
OverheadActual   4: 32768 op, 79200.00 ns, 2.4170 ns/op
OverheadActual   5: 32768 op, 54600.00 ns, 1.6663 ns/op
OverheadActual   6: 32768 op, 54900.00 ns, 1.6754 ns/op
OverheadActual   7: 32768 op, 61200.00 ns, 1.8677 ns/op
OverheadActual   8: 32768 op, 52600.00 ns, 1.6052 ns/op
OverheadActual   9: 32768 op, 54500.00 ns, 1.6632 ns/op
OverheadActual  10: 32768 op, 56100.00 ns, 1.7120 ns/op
OverheadActual  11: 32768 op, 54600.00 ns, 1.6663 ns/op
OverheadActual  12: 32768 op, 54200.00 ns, 1.6541 ns/op
OverheadActual  13: 32768 op, 54200.00 ns, 1.6541 ns/op
OverheadActual  14: 32768 op, 52200.00 ns, 1.5930 ns/op
OverheadActual  15: 32768 op, 54300.00 ns, 1.6571 ns/op

WorkloadWarmup   1: 32768 op, 691019100.00 ns, 21.0882 us/op
WorkloadWarmup   2: 32768 op, 689867800.00 ns, 21.0531 us/op
WorkloadWarmup   3: 32768 op, 688815400.00 ns, 21.0210 us/op
WorkloadWarmup   4: 32768 op, 692169700.00 ns, 21.1233 us/op
WorkloadWarmup   5: 32768 op, 689537800.00 ns, 21.0430 us/op
WorkloadWarmup   6: 32768 op, 687441900.00 ns, 20.9791 us/op
WorkloadWarmup   7: 32768 op, 699661400.00 ns, 21.3520 us/op
WorkloadWarmup   8: 32768 op, 696748100.00 ns, 21.2631 us/op

// BeforeActualRun
WorkloadActual   1: 32768 op, 697841900.00 ns, 21.2964 us/op
WorkloadActual   2: 32768 op, 697462100.00 ns, 21.2849 us/op
WorkloadActual   3: 32768 op, 695802900.00 ns, 21.2342 us/op
WorkloadActual   4: 32768 op, 696987500.00 ns, 21.2704 us/op
WorkloadActual   5: 32768 op, 689158700.00 ns, 21.0315 us/op
WorkloadActual   6: 32768 op, 694821200.00 ns, 21.2043 us/op
WorkloadActual   7: 32768 op, 695689100.00 ns, 21.2307 us/op
WorkloadActual   8: 32768 op, 694026800.00 ns, 21.1800 us/op
WorkloadActual   9: 32768 op, 699159000.00 ns, 21.3366 us/op
WorkloadActual  10: 32768 op, 692654300.00 ns, 21.1381 us/op
WorkloadActual  11: 32768 op, 690832600.00 ns, 21.0825 us/op
WorkloadActual  12: 32768 op, 690641900.00 ns, 21.0767 us/op
WorkloadActual  13: 32768 op, 690668900.00 ns, 21.0775 us/op
WorkloadActual  14: 32768 op, 691697100.00 ns, 21.1089 us/op
WorkloadActual  15: 32768 op, 686870000.00 ns, 20.9616 us/op

// AfterActualRun
WorkloadResult   1: 32768 op, 697787300.00 ns, 21.2948 us/op
WorkloadResult   2: 32768 op, 697407500.00 ns, 21.2832 us/op
WorkloadResult   3: 32768 op, 695748300.00 ns, 21.2326 us/op
WorkloadResult   4: 32768 op, 696932900.00 ns, 21.2687 us/op
WorkloadResult   5: 32768 op, 689104100.00 ns, 21.0298 us/op
WorkloadResult   6: 32768 op, 694766600.00 ns, 21.2026 us/op
WorkloadResult   7: 32768 op, 695634500.00 ns, 21.2291 us/op
WorkloadResult   8: 32768 op, 693972200.00 ns, 21.1784 us/op
WorkloadResult   9: 32768 op, 699104400.00 ns, 21.3350 us/op
WorkloadResult  10: 32768 op, 692599700.00 ns, 21.1365 us/op
WorkloadResult  11: 32768 op, 690778000.00 ns, 21.0809 us/op
WorkloadResult  12: 32768 op, 690587300.00 ns, 21.0751 us/op
WorkloadResult  13: 32768 op, 690614300.00 ns, 21.0759 us/op
WorkloadResult  14: 32768 op, 691642500.00 ns, 21.1073 us/op
WorkloadResult  15: 32768 op, 686815400.00 ns, 20.9599 us/op
// GC:  0 0 0 0 32768
// Threading:  0 0 32768

// AfterAll
// Benchmark Process 76424 has exited with code 0.

Mean = 21.166 μs, StdErr = 0.028 μs (0.13%), N = 15, StdDev = 0.110 μs
Min = 20.960 μs, Q1 = 21.078 μs, Median = 21.178 μs, Q3 = 21.251 μs, Max = 21.335 μs
IQR = 0.172 μs, LowerFence = 20.820 μs, UpperFence = 21.509 μs
ConfidenceInterval = [21.049 μs; 21.283 μs] (CI 99.9%), Margin = 0.117 μs (0.55% of Mean)
Skewness = -0.17, Kurtosis = 1.74, MValue = 2

// ** Remained 0 (0.0%) benchmark(s) to run. Estimated finish 2026-04-30 19:32 (0h 0m from now) **
Successfully reverted power plan (GUID: 8c5e7fda-e8bf-4a96-9a85-a6e23a8c635c FriendlyName: High performance)
// ***** BenchmarkRunner: Finish  *****

// * Export *
  BenchmarkDotNet.Artifacts\results\GasSimulation.Benchmarks.Benchmarks.SimulationBenchmarks-report.csv
  BenchmarkDotNet.Artifacts\results\GasSimulation.Benchmarks.Benchmarks.SimulationBenchmarks-report-github.md
  BenchmarkDotNet.Artifacts\results\GasSimulation.Benchmarks.Benchmarks.SimulationBenchmarks-report.html

// * Detailed results *
SimulationBenchmarks.CalculateIteration: DefaultJob [NumAtoms=100]
Runtime = .NET 10.0.5 (10.0.5, 10.0.526.15411), X64 RyuJIT x86-64-v3; GC = Concurrent Workstation
Mean = 5.163 μs, StdErr = 0.008 μs (0.16%), N = 15, StdDev = 0.032 μs
Min = 5.123 μs, Q1 = 5.139 μs, Median = 5.157 μs, Q3 = 5.183 μs, Max = 5.217 μs
IQR = 0.044 μs, LowerFence = 5.072 μs, UpperFence = 5.250 μs
ConfidenceInterval = [5.129 μs; 5.197 μs] (CI 99.9%), Margin = 0.034 μs (0.65% of Mean)
Skewness = 0.41, Kurtosis = 1.6, MValue = 2
-------------------- Histogram --------------------
[5.106 μs ; 5.234 μs) | @@@@@@@@@@@@@@@
---------------------------------------------------

SimulationBenchmarks.CalculateIteration: DefaultJob [NumAtoms=200]
Runtime = .NET 10.0.5 (10.0.5, 10.0.526.15411), X64 RyuJIT x86-64-v3; GC = Concurrent Workstation
Mean = 21.166 μs, StdErr = 0.028 μs (0.13%), N = 15, StdDev = 0.110 μs
Min = 20.960 μs, Q1 = 21.078 μs, Median = 21.178 μs, Q3 = 21.251 μs, Max = 21.335 μs
IQR = 0.172 μs, LowerFence = 20.820 μs, UpperFence = 21.509 μs
ConfidenceInterval = [21.049 μs; 21.283 μs] (CI 99.9%), Margin = 0.117 μs (0.55% of Mean)
Skewness = -0.17, Kurtosis = 1.74, MValue = 2
-------------------- Histogram --------------------
[20.902 μs ; 21.393 μs) | @@@@@@@@@@@@@@@
---------------------------------------------------

// * Summary *

BenchmarkDotNet v0.15.8, Windows 11 (10.0.26200.8246/25H2/2025Update/HudsonValley2)
AMD Ryzen 5 7535HS with Radeon Graphics 3.30GHz, 1 CPU, 12 logical and 6 physical cores
.NET SDK 10.0.300-preview.0.26177.108
  [Host]     : .NET 10.0.5 (10.0.5, 10.0.526.15411), X64 RyuJIT x86-64-v3
  DefaultJob : .NET 10.0.5 (10.0.5, 10.0.526.15411), X64 RyuJIT x86-64-v3


| Method             | NumAtoms | Mean      | Error     | StdDev    | Rank | Allocated |
|------------------- |--------- |----------:|----------:|----------:|-----:|----------:|
| CalculateIteration | 100      |  5.163 μs | 0.0338 μs | 0.0316 μs |    1 |         - |
| CalculateIteration | 200      | 21.166 μs | 0.1172 μs | 0.1096 μs |    2 |         - |

// * Legends *
  NumAtoms  : Value of the 'NumAtoms' parameter
  Mean      : Arithmetic mean of all measurements
  Error     : Half of 99.9% confidence interval
  StdDev    : Standard deviation of all measurements
  Rank      : Relative position of current benchmark mean among all benchmarks (Arabic style)
  Allocated : Allocated memory per single operation (managed only, inclusive, 1KB = 1024B)
  1 μs      : 1 Microsecond (0.000001 sec)

// * Diagnostic Output - MemoryDiagnoser *


// ***** BenchmarkRunner: End *****
Run time: 00:00:37 (37.88 sec), executed benchmarks: 2

Global total time: 00:00:52 (52.09 sec), executed benchmarks: 2
// * Artifacts cleanup *
Artifacts cleanup is finished
