// Validating benchmarks:
// ***** BenchmarkRunner: Start   *****
// ***** Found 2 benchmark(s) in total *****
// ***** Building 1 exe(s) in Parallel: Start   *****
// start dotnet  restore --nodeReuse:false /p:UseSharedCompilation=false /p:Deterministic=true /p:Optimize=true /p:ArtifactsPath="C:\Users\borde\Desktop\Programming\Backend\WPF\GasSimulation\GasSimulation.Benchmarks\bin\Release\net10.0-windows\GasSimulation.Benchmarks-1/" /p:OutDir="C:\Users\borde\Desktop\Programming\Backend\WPF\GasSimulation\GasSimulation.Benchmarks\bin\Release\net10.0-windows\GasSimulation.Benchmarks-1\bin\Release\net10.0-Windows7.0/" /p:OutputPath="C:\Users\borde\Desktop\Programming\Backend\WPF\GasSimulation\GasSimulation.Benchmarks\bin\Release\net10.0-windows\GasSimulation.Benchmarks-1\bin\Release\net10.0-Windows7.0/" /p:PublishDir="C:\Users\borde\Desktop\Programming\Backend\WPF\GasSimulation\GasSimulation.Benchmarks\bin\Release\net10.0-windows\GasSimulation.Benchmarks-1\publish/" in C:\Users\borde\Desktop\Programming\Backend\WPF\GasSimulation\GasSimulation.Benchmarks\bin\Release\net10.0-windows\GasSimulation.Benchmarks-1
// command took 2.21 sec and exited with 0
// start dotnet  build -c Release --no-restore --nodeReuse:false /p:UseSharedCompilation=false /p:Deterministic=true /p:Optimize=true /p:ArtifactsPath="C:\Users\borde\Desktop\Programming\Backend\WPF\GasSimulation\GasSimulation.Benchmarks\bin\Release\net10.0-windows\GasSimulation.Benchmarks-1/" /p:OutDir="C:\Users\borde\Desktop\Programming\Backend\WPF\GasSimulation\GasSimulation.Benchmarks\bin\Release\net10.0-windows\GasSimulation.Benchmarks-1\bin\Release\net10.0-Windows7.0/" /p:OutputPath="C:\Users\borde\Desktop\Programming\Backend\WPF\GasSimulation\GasSimulation.Benchmarks\bin\Release\net10.0-windows\GasSimulation.Benchmarks-1\bin\Release\net10.0-Windows7.0/" /p:PublishDir="C:\Users\borde\Desktop\Programming\Backend\WPF\GasSimulation\GasSimulation.Benchmarks\bin\Release\net10.0-windows\GasSimulation.Benchmarks-1\publish/" --output "C:\Users\borde\Desktop\Programming\Backend\WPF\GasSimulation\GasSimulation.Benchmarks\bin\Release\net10.0-windows\GasSimulation.Benchmarks-1\bin\Release\net10.0-Windows7.0/" in C:\Users\borde\Desktop\Programming\Backend\WPF\GasSimulation\GasSimulation.Benchmarks\bin\Release\net10.0-windows\GasSimulation.Benchmarks-1
// command took 12.94 sec and exited with 0
// ***** Done, took 00:00:15 (15.23 sec)   *****
// Found 2 benchmarks:
//   SimulationBenchmarks.CalculateIteration: DefaultJob [NumAtoms=1000]
//   SimulationBenchmarks.CalculateIteration: DefaultJob [NumAtoms=5000]

Setup power plan (GUID: 8c5e7fda-e8bf-4a96-9a85-a6e23a8c635c FriendlyName: High performance)
// **************************
// Benchmark: SimulationBenchmarks.CalculateIteration: DefaultJob [NumAtoms=1000]
// *** Execute ***
// Launch: 1 / 1
// Execute: dotnet GasSimulation.Benchmarks-1.dll --anonymousPipes 1464 1488 --benchmarkName "GasSimulation.Benchmarks.Benchmarks.SimulationBenchmarks.CalculateIteration(NumAtoms: 1000)" --job Default --benchmarkId 0 in C:\Users\borde\Desktop\Programming\Backend\WPF\GasSimulation\GasSimulation.Benchmarks\bin\Release\net10.0-windows\GasSimulation.Benchmarks-1\bin\Release\net10.0-Windows7.0
// BeforeAnythingElse

// Benchmark Process Environment Information:
// BenchmarkDotNet v0.15.8
// Runtime=.NET 10.0.8 (10.0.8, 10.0.826.23019), X64 RyuJIT x86-64-v3
// GC=Concurrent Workstation
// HardwareIntrinsics=AVX2+BMI1+BMI2+F16C+FMA+LZCNT+MOVBE,AVX,SSE3+SSSE3+SSE4.1+SSE4.2+POPCNT,X86Base+SSE+SSE2,AES+PCLMUL VectorSize=256
// Job: DefaultJob

OverheadJitting  1: 1 op, 160300.00 ns, 160.3000 us/op
WorkloadJitting  1: 1 op, 1143224300.00 ns, 1.1432 s/op

OverheadJitting  2: 1 op, 300.00 ns, 300.0000 ns/op
WorkloadJitting  2: 1 op, 545635500.00 ns, 545.6355 ms/op

WorkloadWarmup   1: 1 op, 245447300.00 ns, 245.4473 ms/op
WorkloadWarmup   2: 1 op, 153628000.00 ns, 153.6280 ms/op
WorkloadWarmup   3: 1 op, 143387400.00 ns, 143.3874 ms/op
WorkloadWarmup   4: 1 op, 120316200.00 ns, 120.3162 ms/op
WorkloadWarmup   5: 1 op, 95161700.00 ns, 95.1617 ms/op
WorkloadWarmup   6: 1 op, 91301200.00 ns, 91.3012 ms/op
WorkloadWarmup   7: 1 op, 70972600.00 ns, 70.9726 ms/op
WorkloadWarmup   8: 1 op, 59685200.00 ns, 59.6852 ms/op
WorkloadWarmup   9: 1 op, 55779800.00 ns, 55.7798 ms/op
WorkloadWarmup  10: 1 op, 50703600.00 ns, 50.7036 ms/op
WorkloadWarmup  11: 1 op, 42056600.00 ns, 42.0566 ms/op
WorkloadWarmup  12: 1 op, 33434900.00 ns, 33.4349 ms/op
WorkloadWarmup  13: 1 op, 27895300.00 ns, 27.8953 ms/op
WorkloadWarmup  14: 1 op, 29233500.00 ns, 29.2335 ms/op
WorkloadWarmup  15: 1 op, 21986400.00 ns, 21.9864 ms/op
WorkloadWarmup  16: 1 op, 21044800.00 ns, 21.0448 ms/op
WorkloadWarmup  17: 1 op, 20012600.00 ns, 20.0126 ms/op
WorkloadWarmup  18: 1 op, 16850000.00 ns, 16.8500 ms/op
WorkloadWarmup  19: 1 op, 14588100.00 ns, 14.5881 ms/op
WorkloadWarmup  20: 1 op, 13875400.00 ns, 13.8754 ms/op
WorkloadWarmup  21: 1 op, 11867400.00 ns, 11.8674 ms/op
WorkloadWarmup  22: 1 op, 11300600.00 ns, 11.3006 ms/op
WorkloadWarmup  23: 1 op, 10942400.00 ns, 10.9424 ms/op
WorkloadWarmup  24: 1 op, 12377600.00 ns, 12.3776 ms/op
WorkloadWarmup  25: 1 op, 10280300.00 ns, 10.2803 ms/op

// BeforeActualRun
WorkloadActual   1: 1 op, 14028300.00 ns, 14.0283 ms/op
WorkloadActual   2: 1 op, 10016000.00 ns, 10.0160 ms/op
WorkloadActual   3: 1 op, 8190200.00 ns, 8.1902 ms/op
WorkloadActual   4: 1 op, 8879700.00 ns, 8.8797 ms/op
WorkloadActual   5: 1 op, 6697200.00 ns, 6.6972 ms/op
WorkloadActual   6: 1 op, 6195200.00 ns, 6.1952 ms/op
WorkloadActual   7: 1 op, 6601300.00 ns, 6.6013 ms/op
WorkloadActual   8: 1 op, 7599200.00 ns, 7.5992 ms/op
WorkloadActual   9: 1 op, 3861900.00 ns, 3.8619 ms/op
WorkloadActual  10: 1 op, 7426500.00 ns, 7.4265 ms/op
WorkloadActual  11: 1 op, 4944700.00 ns, 4.9447 ms/op
WorkloadActual  12: 1 op, 2892500.00 ns, 2.8925 ms/op
WorkloadActual  13: 1 op, 4994300.00 ns, 4.9943 ms/op
WorkloadActual  14: 1 op, 3901100.00 ns, 3.9011 ms/op
WorkloadActual  15: 1 op, 3817600.00 ns, 3.8176 ms/op
WorkloadActual  16: 1 op, 5533600.00 ns, 5.5336 ms/op
WorkloadActual  17: 1 op, 2730700.00 ns, 2.7307 ms/op
WorkloadActual  18: 1 op, 3097100.00 ns, 3.0971 ms/op
WorkloadActual  19: 1 op, 1538800.00 ns, 1.5388 ms/op
WorkloadActual  20: 1 op, 3127900.00 ns, 3.1279 ms/op
WorkloadActual  21: 1 op, 2168200.00 ns, 2.1682 ms/op
WorkloadActual  22: 1 op, 1722200.00 ns, 1.7222 ms/op
WorkloadActual  23: 1 op, 1891100.00 ns, 1.8911 ms/op
WorkloadActual  24: 1 op, 1197500.00 ns, 1.1975 ms/op
WorkloadActual  25: 1 op, 2062400.00 ns, 2.0624 ms/op
WorkloadActual  26: 1 op, 2552700.00 ns, 2.5527 ms/op
WorkloadActual  27: 1 op, 1502400.00 ns, 1.5024 ms/op
WorkloadActual  28: 1 op, 1333200.00 ns, 1.3332 ms/op
WorkloadActual  29: 1 op, 2001200.00 ns, 2.0012 ms/op
WorkloadActual  30: 1 op, 1387600.00 ns, 1.3876 ms/op
WorkloadActual  31: 1 op, 1814800.00 ns, 1.8148 ms/op
WorkloadActual  32: 1 op, 1004900.00 ns, 1.0049 ms/op
WorkloadActual  33: 1 op, 944100.00 ns, 944.1000 us/op
WorkloadActual  34: 1 op, 2751900.00 ns, 2.7519 ms/op
WorkloadActual  35: 1 op, 2791500.00 ns, 2.7915 ms/op
WorkloadActual  36: 1 op, 1857100.00 ns, 1.8571 ms/op
WorkloadActual  37: 1 op, 786200.00 ns, 786.2000 us/op
WorkloadActual  38: 1 op, 1317600.00 ns, 1.3176 ms/op
WorkloadActual  39: 1 op, 1575000.00 ns, 1.5750 ms/op
WorkloadActual  40: 1 op, 1204500.00 ns, 1.2045 ms/op
WorkloadActual  41: 1 op, 1091800.00 ns, 1.0918 ms/op
WorkloadActual  42: 1 op, 1227500.00 ns, 1.2275 ms/op
WorkloadActual  43: 1 op, 1561000.00 ns, 1.5610 ms/op
WorkloadActual  44: 1 op, 1154100.00 ns, 1.1541 ms/op
WorkloadActual  45: 1 op, 773300.00 ns, 773.3000 us/op
WorkloadActual  46: 1 op, 582000.00 ns, 582.0000 us/op
WorkloadActual  47: 1 op, 827500.00 ns, 827.5000 us/op
WorkloadActual  48: 1 op, 1989100.00 ns, 1.9891 ms/op
WorkloadActual  49: 1 op, 1215200.00 ns, 1.2152 ms/op
WorkloadActual  50: 1 op, 882700.00 ns, 882.7000 us/op
WorkloadActual  51: 1 op, 724600.00 ns, 724.6000 us/op
WorkloadActual  52: 1 op, 817400.00 ns, 817.4000 us/op
WorkloadActual  53: 1 op, 394400.00 ns, 394.4000 us/op
WorkloadActual  54: 1 op, 626700.00 ns, 626.7000 us/op
WorkloadActual  55: 1 op, 851100.00 ns, 851.1000 us/op
WorkloadActual  56: 1 op, 900200.00 ns, 900.2000 us/op
WorkloadActual  57: 1 op, 1666300.00 ns, 1.6663 ms/op
WorkloadActual  58: 1 op, 531400.00 ns, 531.4000 us/op
WorkloadActual  59: 1 op, 655900.00 ns, 655.9000 us/op
WorkloadActual  60: 1 op, 463700.00 ns, 463.7000 us/op
WorkloadActual  61: 1 op, 390900.00 ns, 390.9000 us/op
WorkloadActual  62: 1 op, 457900.00 ns, 457.9000 us/op
WorkloadActual  63: 1 op, 1226800.00 ns, 1.2268 ms/op
WorkloadActual  64: 1 op, 915500.00 ns, 915.5000 us/op
WorkloadActual  65: 1 op, 777100.00 ns, 777.1000 us/op
WorkloadActual  66: 1 op, 704600.00 ns, 704.6000 us/op
WorkloadActual  67: 1 op, 1138700.00 ns, 1.1387 ms/op
WorkloadActual  68: 1 op, 369700.00 ns, 369.7000 us/op
WorkloadActual  69: 1 op, 904200.00 ns, 904.2000 us/op
WorkloadActual  70: 1 op, 896200.00 ns, 896.2000 us/op
WorkloadActual  71: 1 op, 812700.00 ns, 812.7000 us/op
WorkloadActual  72: 1 op, 389600.00 ns, 389.6000 us/op
WorkloadActual  73: 1 op, 470600.00 ns, 470.6000 us/op
WorkloadActual  74: 1 op, 760400.00 ns, 760.4000 us/op
WorkloadActual  75: 1 op, 354000.00 ns, 354.0000 us/op
WorkloadActual  76: 1 op, 1101000.00 ns, 1.1010 ms/op
WorkloadActual  77: 1 op, 575100.00 ns, 575.1000 us/op
WorkloadActual  78: 1 op, 613100.00 ns, 613.1000 us/op
WorkloadActual  79: 1 op, 733400.00 ns, 733.4000 us/op
WorkloadActual  80: 1 op, 139000.00 ns, 139.0000 us/op
WorkloadActual  81: 1 op, 398000.00 ns, 398.0000 us/op
WorkloadActual  82: 1 op, 425800.00 ns, 425.8000 us/op
WorkloadActual  83: 1 op, 864000.00 ns, 864.0000 us/op
WorkloadActual  84: 1 op, 776600.00 ns, 776.6000 us/op
WorkloadActual  85: 1 op, 1267400.00 ns, 1.2674 ms/op
WorkloadActual  86: 1 op, 262400.00 ns, 262.4000 us/op
WorkloadActual  87: 1 op, 247300.00 ns, 247.3000 us/op
WorkloadActual  88: 1 op, 1066800.00 ns, 1.0668 ms/op
WorkloadActual  89: 1 op, 278500.00 ns, 278.5000 us/op
WorkloadActual  90: 1 op, 270700.00 ns, 270.7000 us/op
WorkloadActual  91: 1 op, 382000.00 ns, 382.0000 us/op
WorkloadActual  92: 1 op, 609500.00 ns, 609.5000 us/op
WorkloadActual  93: 1 op, 354700.00 ns, 354.7000 us/op
WorkloadActual  94: 1 op, 541400.00 ns, 541.4000 us/op
WorkloadActual  95: 1 op, 694000.00 ns, 694.0000 us/op
WorkloadActual  96: 1 op, 304900.00 ns, 304.9000 us/op
WorkloadActual  97: 1 op, 267600.00 ns, 267.6000 us/op
WorkloadActual  98: 1 op, 253600.00 ns, 253.6000 us/op
WorkloadActual  99: 1 op, 493800.00 ns, 493.8000 us/op
WorkloadActual  100: 1 op, 715100.00 ns, 715.1000 us/op

// AfterActualRun
WorkloadResult   1: 1 op, 3861900.00 ns, 3.8619 ms/op
WorkloadResult   2: 1 op, 2892500.00 ns, 2.8925 ms/op
WorkloadResult   3: 1 op, 3901100.00 ns, 3.9011 ms/op
WorkloadResult   4: 1 op, 3817600.00 ns, 3.8176 ms/op
WorkloadResult   5: 1 op, 2730700.00 ns, 2.7307 ms/op
WorkloadResult   6: 1 op, 3097100.00 ns, 3.0971 ms/op
WorkloadResult   7: 1 op, 1538800.00 ns, 1.5388 ms/op
WorkloadResult   8: 1 op, 3127900.00 ns, 3.1279 ms/op
WorkloadResult   9: 1 op, 2168200.00 ns, 2.1682 ms/op
WorkloadResult  10: 1 op, 1722200.00 ns, 1.7222 ms/op
WorkloadResult  11: 1 op, 1891100.00 ns, 1.8911 ms/op
WorkloadResult  12: 1 op, 1197500.00 ns, 1.1975 ms/op
WorkloadResult  13: 1 op, 2062400.00 ns, 2.0624 ms/op
WorkloadResult  14: 1 op, 2552700.00 ns, 2.5527 ms/op
WorkloadResult  15: 1 op, 1502400.00 ns, 1.5024 ms/op
WorkloadResult  16: 1 op, 1333200.00 ns, 1.3332 ms/op
WorkloadResult  17: 1 op, 2001200.00 ns, 2.0012 ms/op
WorkloadResult  18: 1 op, 1387600.00 ns, 1.3876 ms/op
WorkloadResult  19: 1 op, 1814800.00 ns, 1.8148 ms/op
WorkloadResult  20: 1 op, 1004900.00 ns, 1.0049 ms/op
WorkloadResult  21: 1 op, 944100.00 ns, 944.1000 us/op
WorkloadResult  22: 1 op, 2751900.00 ns, 2.7519 ms/op
WorkloadResult  23: 1 op, 2791500.00 ns, 2.7915 ms/op
WorkloadResult  24: 1 op, 1857100.00 ns, 1.8571 ms/op
WorkloadResult  25: 1 op, 786200.00 ns, 786.2000 us/op
WorkloadResult  26: 1 op, 1317600.00 ns, 1.3176 ms/op
WorkloadResult  27: 1 op, 1575000.00 ns, 1.5750 ms/op
WorkloadResult  28: 1 op, 1204500.00 ns, 1.2045 ms/op
WorkloadResult  29: 1 op, 1091800.00 ns, 1.0918 ms/op
WorkloadResult  30: 1 op, 1227500.00 ns, 1.2275 ms/op
WorkloadResult  31: 1 op, 1561000.00 ns, 1.5610 ms/op
WorkloadResult  32: 1 op, 1154100.00 ns, 1.1541 ms/op
WorkloadResult  33: 1 op, 773300.00 ns, 773.3000 us/op
WorkloadResult  34: 1 op, 582000.00 ns, 582.0000 us/op
WorkloadResult  35: 1 op, 827500.00 ns, 827.5000 us/op
WorkloadResult  36: 1 op, 1989100.00 ns, 1.9891 ms/op
WorkloadResult  37: 1 op, 1215200.00 ns, 1.2152 ms/op
WorkloadResult  38: 1 op, 882700.00 ns, 882.7000 us/op
WorkloadResult  39: 1 op, 724600.00 ns, 724.6000 us/op
WorkloadResult  40: 1 op, 817400.00 ns, 817.4000 us/op
WorkloadResult  41: 1 op, 394400.00 ns, 394.4000 us/op
WorkloadResult  42: 1 op, 626700.00 ns, 626.7000 us/op
WorkloadResult  43: 1 op, 851100.00 ns, 851.1000 us/op
WorkloadResult  44: 1 op, 900200.00 ns, 900.2000 us/op
WorkloadResult  45: 1 op, 1666300.00 ns, 1.6663 ms/op
WorkloadResult  46: 1 op, 531400.00 ns, 531.4000 us/op
WorkloadResult  47: 1 op, 655900.00 ns, 655.9000 us/op
WorkloadResult  48: 1 op, 463700.00 ns, 463.7000 us/op
WorkloadResult  49: 1 op, 390900.00 ns, 390.9000 us/op
WorkloadResult  50: 1 op, 457900.00 ns, 457.9000 us/op
WorkloadResult  51: 1 op, 1226800.00 ns, 1.2268 ms/op
WorkloadResult  52: 1 op, 915500.00 ns, 915.5000 us/op
WorkloadResult  53: 1 op, 777100.00 ns, 777.1000 us/op
WorkloadResult  54: 1 op, 704600.00 ns, 704.6000 us/op
WorkloadResult  55: 1 op, 1138700.00 ns, 1.1387 ms/op
WorkloadResult  56: 1 op, 369700.00 ns, 369.7000 us/op
WorkloadResult  57: 1 op, 904200.00 ns, 904.2000 us/op
WorkloadResult  58: 1 op, 896200.00 ns, 896.2000 us/op
WorkloadResult  59: 1 op, 812700.00 ns, 812.7000 us/op
WorkloadResult  60: 1 op, 389600.00 ns, 389.6000 us/op
WorkloadResult  61: 1 op, 470600.00 ns, 470.6000 us/op
WorkloadResult  62: 1 op, 760400.00 ns, 760.4000 us/op
WorkloadResult  63: 1 op, 354000.00 ns, 354.0000 us/op
WorkloadResult  64: 1 op, 1101000.00 ns, 1.1010 ms/op
WorkloadResult  65: 1 op, 575100.00 ns, 575.1000 us/op
WorkloadResult  66: 1 op, 613100.00 ns, 613.1000 us/op
WorkloadResult  67: 1 op, 733400.00 ns, 733.4000 us/op
WorkloadResult  68: 1 op, 139000.00 ns, 139.0000 us/op
WorkloadResult  69: 1 op, 398000.00 ns, 398.0000 us/op
WorkloadResult  70: 1 op, 425800.00 ns, 425.8000 us/op
WorkloadResult  71: 1 op, 864000.00 ns, 864.0000 us/op
WorkloadResult  72: 1 op, 776600.00 ns, 776.6000 us/op
WorkloadResult  73: 1 op, 1267400.00 ns, 1.2674 ms/op
WorkloadResult  74: 1 op, 262400.00 ns, 262.4000 us/op
WorkloadResult  75: 1 op, 247300.00 ns, 247.3000 us/op
WorkloadResult  76: 1 op, 1066800.00 ns, 1.0668 ms/op
WorkloadResult  77: 1 op, 278500.00 ns, 278.5000 us/op
WorkloadResult  78: 1 op, 270700.00 ns, 270.7000 us/op
WorkloadResult  79: 1 op, 382000.00 ns, 382.0000 us/op
WorkloadResult  80: 1 op, 609500.00 ns, 609.5000 us/op
WorkloadResult  81: 1 op, 354700.00 ns, 354.7000 us/op
WorkloadResult  82: 1 op, 541400.00 ns, 541.4000 us/op
WorkloadResult  83: 1 op, 694000.00 ns, 694.0000 us/op
WorkloadResult  84: 1 op, 304900.00 ns, 304.9000 us/op
WorkloadResult  85: 1 op, 267600.00 ns, 267.6000 us/op
WorkloadResult  86: 1 op, 253600.00 ns, 253.6000 us/op
WorkloadResult  87: 1 op, 493800.00 ns, 493.8000 us/op
WorkloadResult  88: 1 op, 715100.00 ns, 715.1000 us/op
// GC:  0 0 0 1682232 1
// Threading:  10 0 1

// AfterAll
// Benchmark Process 389848 has exited with code 0.

Mean = 1.159 ms, StdErr = 0.094 ms (8.09%), N = 88, StdDev = 0.879 ms
Min = 0.139 ms, Q1 = 0.539 ms, Median = 0.873 ms, Q3 = 1.512 ms, Max = 3.901 ms
IQR = 0.973 ms, LowerFence = -0.920 ms, UpperFence = 2.970 ms
ConfidenceInterval = [0.840 ms; 1.478 ms] (CI 99.9%), Margin = 0.319 ms (27.55% of Mean)
Skewness = 1.42, Kurtosis = 4.48, MValue = 2.36

// ** Remained 1 (50.0%) benchmark(s) to run. Estimated finish 2026-05-17 23:20 (0h 0m from now) **
Setup power plan (GUID: 8c5e7fda-e8bf-4a96-9a85-a6e23a8c635c FriendlyName: High performance)
// **************************
// Benchmark: SimulationBenchmarks.CalculateIteration: DefaultJob [NumAtoms=5000]
// *** Execute ***
// Launch: 1 / 1
// Execute: dotnet GasSimulation.Benchmarks-1.dll --anonymousPipes 1484 1448 --benchmarkName "GasSimulation.Benchmarks.Benchmarks.SimulationBenchmarks.CalculateIteration(NumAtoms: 5000)" --job Default --benchmarkId 1 in C:\Users\borde\Desktop\Programming\Backend\WPF\GasSimulation\GasSimulation.Benchmarks\bin\Release\net10.0-windows\GasSimulation.Benchmarks-1\bin\Release\net10.0-Windows7.0
// BeforeAnythingElse

// Benchmark Process Environment Information:
// BenchmarkDotNet v0.15.8
// Runtime=.NET 10.0.8 (10.0.8, 10.0.826.23019), X64 RyuJIT x86-64-v3
// GC=Concurrent Workstation
// HardwareIntrinsics=AVX2+BMI1+BMI2+F16C+FMA+LZCNT+MOVBE,AVX,SSE3+SSSE3+SSE4.1+SSE4.2+POPCNT,X86Base+SSE+SSE2,AES+PCLMUL VectorSize=256
// Job: DefaultJob


System.Reflection.TargetInvocationException: Exception has been thrown by the target of an invocation.
 ---> GasSimulation.Exceptions.NotEnoughPlaceException: not anough place for all atoms
   at GasSimulation.Simulation.GasGenerator.RandomCellFiller.FillPartlyOccupiedCell(CellsArray cellsArray, List`1 partlyOccupiedCellsIds) in C:\Users\borde\Desktop\Programming\Backend\WPF\GasSimulation\GasSimulation\Simulation\GasGenerator\RandomCellFiller.cs:line 51
   at GasSimulation.Simulation.GasGenerator.GasGenerator.Generate(RectState area, Int32 numAtoms, Double speed) in C:\Users\borde\Desktop\Programming\Backend\WPF\GasSimulation\GasSimulation\Simulation\GasGenerator\GasGenerator.cs:line 80
   at GasSimulation.Benchmarks.Benchmarks.SimulationBenchmarks.Setup() in C:\Users\borde\Desktop\Programming\Backend\WPF\GasSimulation\GasSimulation.Benchmarks\Benchmarks\SimulationBenchmarks.cs:line 31
   at BenchmarkDotNet.Engines.EngineFactory.CreateReadyToRun(EngineParameters engineParameters)
   at BenchmarkDotNet.Autogenerated.Runnable_1.Run(IHost host, String benchmarkName) in C:\Users\borde\Desktop\Programming\Backend\WPF\GasSimulation\GasSimulation.Benchmarks\bin\Release\net10.0-windows\GasSimulation.Benchmarks-1\GasSimulation.Benchmarks-1.notcs:line 368
   at System.Reflection.MethodBaseInvoker.InterpretedInvoke_Method(Object obj, IntPtr* args)
   at System.Reflection.MethodBaseInvoker.InvokeDirectByRefWithFewArgs(Object obj, Span`1 copyOfArgs, BindingFlags invokeAttr)
   --- End of inner exception stack trace ---
   at System.Reflection.MethodBaseInvoker.InvokeDirectByRefWithFewArgs(Object obj, Span`1 copyOfArgs, BindingFlags invokeAttr)
   at System.Reflection.MethodBaseInvoker.InvokeWithFewArgs(Object obj, BindingFlags invokeAttr, Binder binder, Object[] parameters, CultureInfo culture)
   at System.Reflection.RuntimeMethodInfo.Invoke(Object obj, BindingFlags invokeAttr, Binder binder, Object[] parameters, CultureInfo culture)
   at System.Reflection.MethodBase.Invoke(Object obj, Object[] parameters)
   at BenchmarkDotNet.Autogenerated.UniqueProgramName.AfterAssemblyLoadingAttached(String[] args) in C:\Users\borde\Desktop\Programming\Backend\WPF\GasSimulation\GasSimulation.Benchmarks\bin\Release\net10.0-windows\GasSimulation.Benchmarks-1\GasSimulation.Benchmarks-1.notcs:line 57
// AfterAll
No Workload Results were obtained from the run.
// Benchmark Process 390068 has exited with code -1.

// ** Remained 0 (0.0%) benchmark(s) to run. Estimated finish 2026-05-17 23:20 (0h 0m from now) **
Successfully reverted power plan (GUID: 8c5e7fda-e8bf-4a96-9a85-a6e23a8c635c FriendlyName: High performance)
// ***** BenchmarkRunner: Finish  *****

// * Export *
  BenchmarkDotNet.Artifacts\results\GasSimulation.Benchmarks.Benchmarks.SimulationBenchmarks-report.csv
  BenchmarkDotNet.Artifacts\results\GasSimulation.Benchmarks.Benchmarks.SimulationBenchmarks-report-github.md
  BenchmarkDotNet.Artifacts\results\GasSimulation.Benchmarks.Benchmarks.SimulationBenchmarks-report.html

// * Detailed results *
SimulationBenchmarks.CalculateIteration: DefaultJob [NumAtoms=1000]
Runtime = .NET 10.0.8 (10.0.8, 10.0.826.23019), X64 RyuJIT x86-64-v3; GC = Concurrent Workstation
Mean = 1.159 ms, StdErr = 0.094 ms (8.09%), N = 88, StdDev = 0.879 ms
Min = 0.139 ms, Q1 = 0.539 ms, Median = 0.873 ms, Q3 = 1.512 ms, Max = 3.901 ms
IQR = 0.973 ms, LowerFence = -0.920 ms, UpperFence = 2.970 ms
ConfidenceInterval = [0.840 ms; 1.478 ms] (CI 99.9%), Margin = 0.319 ms (27.55% of Mean)
Skewness = 1.42, Kurtosis = 4.48, MValue = 2.36
-------------------- Histogram --------------------
[0.139 ms ; 0.350 ms) | @@@@@@@@
[0.350 ms ; 0.868 ms) | @@@@@@@@@@@@@@@@@@@@@@@@@@@@@@@@@@@@
[0.868 ms ; 1.395 ms) | @@@@@@@@@@@@@@@@@@@@@
[1.395 ms ; 2.011 ms) | @@@@@@@@@@@
[2.011 ms ; 2.567 ms) | @@@
[2.567 ms ; 3.189 ms) | @@@@@@
[3.189 ms ; 3.600 ms) | 
[3.600 ms ; 4.161 ms) | @@@
---------------------------------------------------

SimulationBenchmarks.CalculateIteration: DefaultJob [NumAtoms=5000]
Runtime = .NET 10.0.8 (10.0.8, 10.0.826.23019), X64 RyuJIT x86-64-v3; GC = Concurrent Workstation
There are not any results runs

// * Summary *

BenchmarkDotNet v0.15.8, Windows 11 (10.0.26200.8457/25H2/2025Update/HudsonValley2)
AMD Ryzen 5 7535HS with Radeon Graphics 3.30GHz, 1 CPU, 12 logical and 6 physical cores
.NET SDK 10.0.300
  [Host]     : .NET 10.0.8 (10.0.8, 10.0.826.23019), X64 RyuJIT x86-64-v3
  DefaultJob : .NET 10.0.8 (10.0.8, 10.0.826.23019), X64 RyuJIT x86-64-v3


| Method             | NumAtoms | Mean     | Error     | StdDev    | Median    | Rank | Allocated |
|------------------- |--------- |---------:|----------:|----------:|----------:|-----:|----------:|
| CalculateIteration | 1000     | 1.159 ms | 0.3193 ms | 0.8794 ms | 0.8733 ms |    1 |    1.6 MB |
| CalculateIteration | 5000     |       NA |        NA |        NA |        NA |    ? |        NA |

Benchmarks with issues:
  SimulationBenchmarks.CalculateIteration: DefaultJob [NumAtoms=5000]

// * Warnings *
Environment
  Summary -> Detected error exit code from one of the benchmarks. It might be caused by following antivirus software:
        - Malwarebytes (C:\Program Files\Malwarebytes\Anti-Malware\MBAMWsc.exe)
        - Windows Defender (windowsdefender://)
        - Norton 360 for Gamers (C:\Program Files\Norton Security\Engine\22.24.3.6\WSCStub.exe)
Use InProcessEmitToolchain or InProcessNoEmitToolchain to avoid new process creation.

MinIterationTime
  SimulationBenchmarks.CalculateIteration: Default -> The minimum observed iteration time is 139μs which is very small. It's recommended to increase it to at least 100ms using more operations.

// * Hints *
Outliers
  SimulationBenchmarks.CalculateIteration: Default -> 12 outliers were removed (4.94 ms..14.03 ms)

// * Legends *
  NumAtoms  : Value of the 'NumAtoms' parameter
  Mean      : Arithmetic mean of all measurements
  Error     : Half of 99.9% confidence interval
  StdDev    : Standard deviation of all measurements
  Median    : Value separating the higher half of all measurements (50th percentile)
  Rank      : Relative position of current benchmark mean among all benchmarks (Arabic style)
  Allocated : Allocated memory per single operation (managed only, inclusive, 1KB = 1024B)
  1 ms      : 1 Millisecond (0.001 sec)

// * Diagnostic Output - MemoryDiagnoser *


// ***** BenchmarkRunner: End *****
Run time: 00:00:04 (4.53 sec), executed benchmarks: 2

Global total time: 00:00:21 (21.25 sec), executed benchmarks: 2
// * Artifacts cleanup *
Artifacts cleanup is finished
