// Validating benchmarks:
// ***** BenchmarkRunner: Start   *****
// ***** Found 2 benchmark(s) in total *****
// ***** Building 1 exe(s) in Parallel: Start   *****
// start dotnet  restore --nodeReuse:false /p:UseSharedCompilation=false /p:Deterministic=true /p:Optimize=true /p:ArtifactsPath="C:\Users\borde\Desktop\Programming\Backend\WPF\GasSimulation\GasSimulation.Benchmarks\bin\Release\net10.0-windows\GasSimulation.Benchmarks-1/" /p:OutDir="C:\Users\borde\Desktop\Programming\Backend\WPF\GasSimulation\GasSimulation.Benchmarks\bin\Release\net10.0-windows\GasSimulation.Benchmarks-1\bin\Release\net10.0-Windows7.0/" /p:OutputPath="C:\Users\borde\Desktop\Programming\Backend\WPF\GasSimulation\GasSimulation.Benchmarks\bin\Release\net10.0-windows\GasSimulation.Benchmarks-1\bin\Release\net10.0-Windows7.0/" /p:PublishDir="C:\Users\borde\Desktop\Programming\Backend\WPF\GasSimulation\GasSimulation.Benchmarks\bin\Release\net10.0-windows\GasSimulation.Benchmarks-1\publish/" in C:\Users\borde\Desktop\Programming\Backend\WPF\GasSimulation\GasSimulation.Benchmarks\bin\Release\net10.0-windows\GasSimulation.Benchmarks-1
// command took 2.51 sec and exited with 0
// start dotnet  build -c Release --no-restore --nodeReuse:false /p:UseSharedCompilation=false /p:Deterministic=true /p:Optimize=true /p:ArtifactsPath="C:\Users\borde\Desktop\Programming\Backend\WPF\GasSimulation\GasSimulation.Benchmarks\bin\Release\net10.0-windows\GasSimulation.Benchmarks-1/" /p:OutDir="C:\Users\borde\Desktop\Programming\Backend\WPF\GasSimulation\GasSimulation.Benchmarks\bin\Release\net10.0-windows\GasSimulation.Benchmarks-1\bin\Release\net10.0-Windows7.0/" /p:OutputPath="C:\Users\borde\Desktop\Programming\Backend\WPF\GasSimulation\GasSimulation.Benchmarks\bin\Release\net10.0-windows\GasSimulation.Benchmarks-1\bin\Release\net10.0-Windows7.0/" /p:PublishDir="C:\Users\borde\Desktop\Programming\Backend\WPF\GasSimulation\GasSimulation.Benchmarks\bin\Release\net10.0-windows\GasSimulation.Benchmarks-1\publish/" --output "C:\Users\borde\Desktop\Programming\Backend\WPF\GasSimulation\GasSimulation.Benchmarks\bin\Release\net10.0-windows\GasSimulation.Benchmarks-1\bin\Release\net10.0-Windows7.0/" in C:\Users\borde\Desktop\Programming\Backend\WPF\GasSimulation\GasSimulation.Benchmarks\bin\Release\net10.0-windows\GasSimulation.Benchmarks-1
// command took 14.39 sec and exited with 0
// ***** Done, took 00:00:17 (17.01 sec)   *****
// Found 2 benchmarks:
//   SimulationBenchmarks.CalculateIteration: DefaultJob [NumAtoms=500]
//   SimulationBenchmarks.CalculateIteration: DefaultJob [NumAtoms=1000]

Setup power plan (GUID: 8c5e7fda-e8bf-4a96-9a85-a6e23a8c635c FriendlyName: High performance)
// **************************
// Benchmark: SimulationBenchmarks.CalculateIteration: DefaultJob [NumAtoms=500]
// *** Execute ***
// Launch: 1 / 1
// Execute: dotnet GasSimulation.Benchmarks-1.dll --anonymousPipes 1556 1552 --benchmarkName "GasSimulation.Benchmarks.Benchmarks.SimulationBenchmarks.CalculateIteration(NumAtoms: 500)" --job Default --benchmarkId 0 in C:\Users\borde\Desktop\Programming\Backend\WPF\GasSimulation\GasSimulation.Benchmarks\bin\Release\net10.0-windows\GasSimulation.Benchmarks-1\bin\Release\net10.0-Windows7.0
// BeforeAnythingElse

// Benchmark Process Environment Information:
// BenchmarkDotNet v0.15.8
// Runtime=.NET 10.0.5 (10.0.5, 10.0.526.15411), X64 RyuJIT x86-64-v3
// GC=Concurrent Workstation
// HardwareIntrinsics=AVX2+BMI1+BMI2+F16C+FMA+LZCNT+MOVBE,AVX,SSE3+SSSE3+SSE4.1+SSE4.2+POPCNT,X86Base+SSE+SSE2,AES+PCLMUL VectorSize=256
// Job: DefaultJob

OverheadJitting  1: 1 op, 164400.00 ns, 164.4000 us/op
WorkloadJitting  1: 1 op, 212501900.00 ns, 212.5019 ms/op

WorkloadPilot    1: 2 op, 80347100.00 ns, 40.1736 ms/op
WorkloadPilot    2: 3 op, 113132800.00 ns, 37.7109 ms/op
WorkloadPilot    3: 4 op, 117176100.00 ns, 29.2940 ms/op
WorkloadPilot    4: 5 op, 102140300.00 ns, 20.4281 ms/op
WorkloadPilot    5: 6 op, 81814000.00 ns, 13.6357 ms/op
WorkloadPilot    6: 7 op, 67440500.00 ns, 9.6344 ms/op
WorkloadPilot    7: 8 op, 44954100.00 ns, 5.6193 ms/op
WorkloadPilot    8: 9 op, 29941900.00 ns, 3.3269 ms/op
WorkloadPilot    9: 10 op, 23026300.00 ns, 2.3026 ms/op
WorkloadPilot   10: 11 op, 20913800.00 ns, 1.9013 ms/op
WorkloadPilot   11: 12 op, 13752000.00 ns, 1.1460 ms/op
WorkloadPilot   12: 13 op, 8001600.00 ns, 615.5077 us/op
WorkloadPilot   13: 14 op, 9290600.00 ns, 663.6143 us/op
WorkloadPilot   14: 15 op, 7205100.00 ns, 480.3400 us/op
WorkloadPilot   15: 16 op, 6551800.00 ns, 409.4875 us/op
WorkloadPilot   16: 32 op, 11026000.00 ns, 344.5625 us/op
WorkloadPilot   17: 64 op, 17567100.00 ns, 274.4859 us/op
WorkloadPilot   18: 128 op, 31231200.00 ns, 243.9938 us/op
WorkloadPilot   19: 256 op, 51180100.00 ns, 199.9223 us/op
WorkloadPilot   20: 512 op, 98215900.00 ns, 191.8279 us/op
WorkloadPilot   21: 1024 op, 205355100.00 ns, 200.5421 us/op
WorkloadPilot   22: 2048 op, 402285100.00 ns, 196.4283 us/op
WorkloadPilot   23: 4096 op, 778299400.00 ns, 190.0145 us/op

WorkloadWarmup   1: 4096 op, 794188000.00 ns, 193.8936 us/op
WorkloadWarmup   2: 4096 op, 803637800.00 ns, 196.2006 us/op
WorkloadWarmup   3: 4096 op, 780930800.00 ns, 190.6569 us/op
WorkloadWarmup   4: 4096 op, 807098700.00 ns, 197.0456 us/op
WorkloadWarmup   5: 4096 op, 785743900.00 ns, 191.8320 us/op
WorkloadWarmup   6: 4096 op, 808402300.00 ns, 197.3638 us/op

// BeforeActualRun
WorkloadActual   1: 4096 op, 783536200.00 ns, 191.2930 us/op
WorkloadActual   2: 4096 op, 784578200.00 ns, 191.5474 us/op
WorkloadActual   3: 4096 op, 776380500.00 ns, 189.5460 us/op
WorkloadActual   4: 4096 op, 784407600.00 ns, 191.5058 us/op
WorkloadActual   5: 4096 op, 779608400.00 ns, 190.3341 us/op
WorkloadActual   6: 4096 op, 779010900.00 ns, 190.1882 us/op
WorkloadActual   7: 4096 op, 763853100.00 ns, 186.4876 us/op
WorkloadActual   8: 4096 op, 768568900.00 ns, 187.6389 us/op
WorkloadActual   9: 4096 op, 769625100.00 ns, 187.8968 us/op
WorkloadActual  10: 4096 op, 798600600.00 ns, 194.9708 us/op
WorkloadActual  11: 4096 op, 812655800.00 ns, 198.4023 us/op
WorkloadActual  12: 4096 op, 773073300.00 ns, 188.7386 us/op
WorkloadActual  13: 4096 op, 772591100.00 ns, 188.6209 us/op
WorkloadActual  14: 4096 op, 778152600.00 ns, 189.9787 us/op
WorkloadActual  15: 4096 op, 774126900.00 ns, 188.9958 us/op

// AfterActualRun
WorkloadResult   1: 4096 op, 783536200.00 ns, 191.2930 us/op
WorkloadResult   2: 4096 op, 784578200.00 ns, 191.5474 us/op
WorkloadResult   3: 4096 op, 776380500.00 ns, 189.5460 us/op
WorkloadResult   4: 4096 op, 784407600.00 ns, 191.5058 us/op
WorkloadResult   5: 4096 op, 779608400.00 ns, 190.3341 us/op
WorkloadResult   6: 4096 op, 779010900.00 ns, 190.1882 us/op
WorkloadResult   7: 4096 op, 763853100.00 ns, 186.4876 us/op
WorkloadResult   8: 4096 op, 768568900.00 ns, 187.6389 us/op
WorkloadResult   9: 4096 op, 769625100.00 ns, 187.8968 us/op
WorkloadResult  10: 4096 op, 798600600.00 ns, 194.9708 us/op
WorkloadResult  11: 4096 op, 773073300.00 ns, 188.7386 us/op
WorkloadResult  12: 4096 op, 772591100.00 ns, 188.6209 us/op
WorkloadResult  13: 4096 op, 778152600.00 ns, 189.9787 us/op
WorkloadResult  14: 4096 op, 774126900.00 ns, 188.9958 us/op
// GC:  0 0 0 0 4096
// Threading:  0 0 4096

// AfterAll
// Benchmark Process 437228 has exited with code 0.

Mean = 189.839 μs, StdErr = 0.564 μs (0.30%), N = 14, StdDev = 2.110 μs
Min = 186.488 μs, Q1 = 188.650 μs, Median = 189.762 μs, Q3 = 191.053 μs, Max = 194.971 μs
IQR = 2.403 μs, LowerFence = 185.046 μs, UpperFence = 194.658 μs
ConfidenceInterval = [187.459 μs; 192.219 μs] (CI 99.9%), Margin = 2.380 μs (1.25% of Mean)
Skewness = 0.67, Kurtosis = 3.18, MValue = 2

// ** Remained 1 (50.0%) benchmark(s) to run. Estimated finish 2026-05-09 13:48 (0h 0m from now) **
Setup power plan (GUID: 8c5e7fda-e8bf-4a96-9a85-a6e23a8c635c FriendlyName: High performance)
// **************************
// Benchmark: SimulationBenchmarks.CalculateIteration: DefaultJob [NumAtoms=1000]
// *** Execute ***
// Launch: 1 / 1
// Execute: dotnet GasSimulation.Benchmarks-1.dll --anonymousPipes 652 1508 --benchmarkName "GasSimulation.Benchmarks.Benchmarks.SimulationBenchmarks.CalculateIteration(NumAtoms: 1000)" --job Default --benchmarkId 1 in C:\Users\borde\Desktop\Programming\Backend\WPF\GasSimulation\GasSimulation.Benchmarks\bin\Release\net10.0-windows\GasSimulation.Benchmarks-1\bin\Release\net10.0-Windows7.0
// BeforeAnythingElse

// Benchmark Process Environment Information:
// BenchmarkDotNet v0.15.8
// Runtime=.NET 10.0.5 (10.0.5, 10.0.526.15411), X64 RyuJIT x86-64-v3
// GC=Concurrent Workstation
// HardwareIntrinsics=AVX2+BMI1+BMI2+F16C+FMA+LZCNT+MOVBE,AVX,SSE3+SSSE3+SSE4.1+SSE4.2+POPCNT,X86Base+SSE+SSE2,AES+PCLMUL VectorSize=256
// Job: DefaultJob

OverheadJitting  1: 1 op, 144100.00 ns, 144.1000 us/op
WorkloadJitting  1: 1 op, 1620736100.00 ns, 1.6207 s/op

OverheadJitting  2: 1 op, 400.00 ns, 400.0000 ns/op
WorkloadJitting  2: 1 op, 1239081600.00 ns, 1.2391 s/op

WorkloadWarmup   1: 1 op, 1054706500.00 ns, 1.0547 s/op
WorkloadWarmup   2: 1 op, 905789100.00 ns, 905.7891 ms/op
WorkloadWarmup   3: 1 op, 833563600.00 ns, 833.5636 ms/op
WorkloadWarmup   4: 1 op, 784655500.00 ns, 784.6555 ms/op
WorkloadWarmup   5: 1 op, 640275900.00 ns, 640.2759 ms/op
WorkloadWarmup   6: 1 op, 535587600.00 ns, 535.5876 ms/op
WorkloadWarmup   7: 1 op, 434175500.00 ns, 434.1755 ms/op
WorkloadWarmup   8: 1 op, 379530900.00 ns, 379.5309 ms/op
WorkloadWarmup   9: 1 op, 343898200.00 ns, 343.8982 ms/op
WorkloadWarmup  10: 1 op, 267399300.00 ns, 267.3993 ms/op
WorkloadWarmup  11: 1 op, 246951100.00 ns, 246.9511 ms/op
WorkloadWarmup  12: 1 op, 216630700.00 ns, 216.6307 ms/op
WorkloadWarmup  13: 1 op, 193799400.00 ns, 193.7994 ms/op
WorkloadWarmup  14: 1 op, 149132700.00 ns, 149.1327 ms/op
WorkloadWarmup  15: 1 op, 141977100.00 ns, 141.9771 ms/op
WorkloadWarmup  16: 1 op, 128784300.00 ns, 128.7843 ms/op
WorkloadWarmup  17: 1 op, 127447800.00 ns, 127.4478 ms/op
WorkloadWarmup  18: 1 op, 125604800.00 ns, 125.6048 ms/op
WorkloadWarmup  19: 1 op, 107601500.00 ns, 107.6015 ms/op
WorkloadWarmup  20: 1 op, 91708900.00 ns, 91.7089 ms/op
WorkloadWarmup  21: 1 op, 97608200.00 ns, 97.6082 ms/op
WorkloadWarmup  22: 1 op, 87754000.00 ns, 87.7540 ms/op
WorkloadWarmup  23: 1 op, 61992200.00 ns, 61.9922 ms/op
WorkloadWarmup  24: 1 op, 56143800.00 ns, 56.1438 ms/op
WorkloadWarmup  25: 1 op, 60511600.00 ns, 60.5116 ms/op
WorkloadWarmup  26: 1 op, 56124600.00 ns, 56.1246 ms/op

// BeforeActualRun
WorkloadActual   1: 1 op, 46326200.00 ns, 46.3262 ms/op
WorkloadActual   2: 1 op, 52868300.00 ns, 52.8683 ms/op
WorkloadActual   3: 1 op, 43964200.00 ns, 43.9642 ms/op
WorkloadActual   4: 1 op, 52897000.00 ns, 52.8970 ms/op
WorkloadActual   5: 1 op, 50843600.00 ns, 50.8436 ms/op
WorkloadActual   6: 1 op, 32273900.00 ns, 32.2739 ms/op
WorkloadActual   7: 1 op, 20591900.00 ns, 20.5919 ms/op
WorkloadActual   8: 1 op, 33996100.00 ns, 33.9961 ms/op
WorkloadActual   9: 1 op, 29287300.00 ns, 29.2873 ms/op
WorkloadActual  10: 1 op, 25877200.00 ns, 25.8772 ms/op
WorkloadActual  11: 1 op, 9967200.00 ns, 9.9672 ms/op
WorkloadActual  12: 1 op, 29705800.00 ns, 29.7058 ms/op
WorkloadActual  13: 1 op, 24044300.00 ns, 24.0443 ms/op
WorkloadActual  14: 1 op, 26507300.00 ns, 26.5073 ms/op
WorkloadActual  15: 1 op, 21104600.00 ns, 21.1046 ms/op
WorkloadActual  16: 1 op, 28950000.00 ns, 28.9500 ms/op
WorkloadActual  17: 1 op, 19237000.00 ns, 19.2370 ms/op
WorkloadActual  18: 1 op, 19734600.00 ns, 19.7346 ms/op
WorkloadActual  19: 1 op, 16669900.00 ns, 16.6699 ms/op
WorkloadActual  20: 1 op, 17901300.00 ns, 17.9013 ms/op
WorkloadActual  21: 1 op, 17811200.00 ns, 17.8112 ms/op
WorkloadActual  22: 1 op, 17148900.00 ns, 17.1489 ms/op
WorkloadActual  23: 1 op, 12113600.00 ns, 12.1136 ms/op
WorkloadActual  24: 1 op, 15332300.00 ns, 15.3323 ms/op
WorkloadActual  25: 1 op, 12217300.00 ns, 12.2173 ms/op
WorkloadActual  26: 1 op, 8214500.00 ns, 8.2145 ms/op
WorkloadActual  27: 1 op, 12151300.00 ns, 12.1513 ms/op
WorkloadActual  28: 1 op, 14478900.00 ns, 14.4789 ms/op
WorkloadActual  29: 1 op, 14358700.00 ns, 14.3587 ms/op
WorkloadActual  30: 1 op, 10298400.00 ns, 10.2984 ms/op
WorkloadActual  31: 1 op, 9385600.00 ns, 9.3856 ms/op
WorkloadActual  32: 1 op, 13757500.00 ns, 13.7575 ms/op
WorkloadActual  33: 1 op, 6991200.00 ns, 6.9912 ms/op
WorkloadActual  34: 1 op, 14660300.00 ns, 14.6603 ms/op
WorkloadActual  35: 1 op, 6282200.00 ns, 6.2822 ms/op
WorkloadActual  36: 1 op, 9166600.00 ns, 9.1666 ms/op
WorkloadActual  37: 1 op, 5731100.00 ns, 5.7311 ms/op
WorkloadActual  38: 1 op, 5592100.00 ns, 5.5921 ms/op
WorkloadActual  39: 1 op, 11002600.00 ns, 11.0026 ms/op
WorkloadActual  40: 1 op, 10125700.00 ns, 10.1257 ms/op
WorkloadActual  41: 1 op, 4802100.00 ns, 4.8021 ms/op
WorkloadActual  42: 1 op, 5990700.00 ns, 5.9907 ms/op
WorkloadActual  43: 1 op, 10122500.00 ns, 10.1225 ms/op
WorkloadActual  44: 1 op, 5402000.00 ns, 5.4020 ms/op
WorkloadActual  45: 1 op, 2335000.00 ns, 2.3350 ms/op
WorkloadActual  46: 1 op, 6810800.00 ns, 6.8108 ms/op
WorkloadActual  47: 1 op, 8734500.00 ns, 8.7345 ms/op
WorkloadActual  48: 1 op, 4987000.00 ns, 4.9870 ms/op
WorkloadActual  49: 1 op, 6731500.00 ns, 6.7315 ms/op
WorkloadActual  50: 1 op, 1504000.00 ns, 1.5040 ms/op
WorkloadActual  51: 1 op, 7166300.00 ns, 7.1663 ms/op
WorkloadActual  52: 1 op, 8509100.00 ns, 8.5091 ms/op
WorkloadActual  53: 1 op, 2244100.00 ns, 2.2441 ms/op
WorkloadActual  54: 1 op, 5886400.00 ns, 5.8864 ms/op
WorkloadActual  55: 1 op, 4740900.00 ns, 4.7409 ms/op
WorkloadActual  56: 1 op, 4535000.00 ns, 4.5350 ms/op
WorkloadActual  57: 1 op, 8168300.00 ns, 8.1683 ms/op
WorkloadActual  58: 1 op, 5128000.00 ns, 5.1280 ms/op
WorkloadActual  59: 1 op, 3323500.00 ns, 3.3235 ms/op
WorkloadActual  60: 1 op, 6594400.00 ns, 6.5944 ms/op
WorkloadActual  61: 1 op, 2593000.00 ns, 2.5930 ms/op
WorkloadActual  62: 1 op, 3148300.00 ns, 3.1483 ms/op
WorkloadActual  63: 1 op, 4870200.00 ns, 4.8702 ms/op
WorkloadActual  64: 1 op, 5987800.00 ns, 5.9878 ms/op
WorkloadActual  65: 1 op, 6909000.00 ns, 6.9090 ms/op
WorkloadActual  66: 1 op, 3887900.00 ns, 3.8879 ms/op
WorkloadActual  67: 1 op, 5517700.00 ns, 5.5177 ms/op
WorkloadActual  68: 1 op, 2650100.00 ns, 2.6501 ms/op
WorkloadActual  69: 1 op, 8711100.00 ns, 8.7111 ms/op
WorkloadActual  70: 1 op, 4334200.00 ns, 4.3342 ms/op
WorkloadActual  71: 1 op, 5145400.00 ns, 5.1454 ms/op
WorkloadActual  72: 1 op, 5251800.00 ns, 5.2518 ms/op
WorkloadActual  73: 1 op, 3989900.00 ns, 3.9899 ms/op
WorkloadActual  74: 1 op, 4366100.00 ns, 4.3661 ms/op
WorkloadActual  75: 1 op, 2686000.00 ns, 2.6860 ms/op
WorkloadActual  76: 1 op, 3964900.00 ns, 3.9649 ms/op
WorkloadActual  77: 1 op, 3375200.00 ns, 3.3752 ms/op
WorkloadActual  78: 1 op, 5125100.00 ns, 5.1251 ms/op
WorkloadActual  79: 1 op, 4136400.00 ns, 4.1364 ms/op
WorkloadActual  80: 1 op, 1752000.00 ns, 1.7520 ms/op
WorkloadActual  81: 1 op, 6139000.00 ns, 6.1390 ms/op
WorkloadActual  82: 1 op, 2201800.00 ns, 2.2018 ms/op
WorkloadActual  83: 1 op, 1868900.00 ns, 1.8689 ms/op
WorkloadActual  84: 1 op, 3481000.00 ns, 3.4810 ms/op
WorkloadActual  85: 1 op, 3475000.00 ns, 3.4750 ms/op
WorkloadActual  86: 1 op, 3860000.00 ns, 3.8600 ms/op
WorkloadActual  87: 1 op, 3584000.00 ns, 3.5840 ms/op
WorkloadActual  88: 1 op, 3049100.00 ns, 3.0491 ms/op
WorkloadActual  89: 1 op, 2146000.00 ns, 2.1460 ms/op
WorkloadActual  90: 1 op, 2900200.00 ns, 2.9002 ms/op
WorkloadActual  91: 1 op, 2994000.00 ns, 2.9940 ms/op
WorkloadActual  92: 1 op, 2544000.00 ns, 2.5440 ms/op
WorkloadActual  93: 1 op, 1726300.00 ns, 1.7263 ms/op
WorkloadActual  94: 1 op, 2622100.00 ns, 2.6221 ms/op
WorkloadActual  95: 1 op, 3203300.00 ns, 3.2033 ms/op
WorkloadActual  96: 1 op, 4445100.00 ns, 4.4451 ms/op
WorkloadActual  97: 1 op, 3642700.00 ns, 3.6427 ms/op
WorkloadActual  98: 1 op, 1882100.00 ns, 1.8821 ms/op
WorkloadActual  99: 1 op, 2133000.00 ns, 2.1330 ms/op
WorkloadActual  100: 1 op, 2132200.00 ns, 2.1322 ms/op

// AfterActualRun
WorkloadResult   1: 1 op, 20591900.00 ns, 20.5919 ms/op
WorkloadResult   2: 1 op, 29287300.00 ns, 29.2873 ms/op
WorkloadResult   3: 1 op, 25877200.00 ns, 25.8772 ms/op
WorkloadResult   4: 1 op, 9967200.00 ns, 9.9672 ms/op
WorkloadResult   5: 1 op, 24044300.00 ns, 24.0443 ms/op
WorkloadResult   6: 1 op, 26507300.00 ns, 26.5073 ms/op
WorkloadResult   7: 1 op, 21104600.00 ns, 21.1046 ms/op
WorkloadResult   8: 1 op, 28950000.00 ns, 28.9500 ms/op
WorkloadResult   9: 1 op, 19237000.00 ns, 19.2370 ms/op
WorkloadResult  10: 1 op, 19734600.00 ns, 19.7346 ms/op
WorkloadResult  11: 1 op, 16669900.00 ns, 16.6699 ms/op
WorkloadResult  12: 1 op, 17901300.00 ns, 17.9013 ms/op
WorkloadResult  13: 1 op, 17811200.00 ns, 17.8112 ms/op
WorkloadResult  14: 1 op, 17148900.00 ns, 17.1489 ms/op
WorkloadResult  15: 1 op, 12113600.00 ns, 12.1136 ms/op
WorkloadResult  16: 1 op, 15332300.00 ns, 15.3323 ms/op
WorkloadResult  17: 1 op, 12217300.00 ns, 12.2173 ms/op
WorkloadResult  18: 1 op, 8214500.00 ns, 8.2145 ms/op
WorkloadResult  19: 1 op, 12151300.00 ns, 12.1513 ms/op
WorkloadResult  20: 1 op, 14478900.00 ns, 14.4789 ms/op
WorkloadResult  21: 1 op, 14358700.00 ns, 14.3587 ms/op
WorkloadResult  22: 1 op, 10298400.00 ns, 10.2984 ms/op
WorkloadResult  23: 1 op, 9385600.00 ns, 9.3856 ms/op
WorkloadResult  24: 1 op, 13757500.00 ns, 13.7575 ms/op
WorkloadResult  25: 1 op, 6991200.00 ns, 6.9912 ms/op
WorkloadResult  26: 1 op, 14660300.00 ns, 14.6603 ms/op
WorkloadResult  27: 1 op, 6282200.00 ns, 6.2822 ms/op
WorkloadResult  28: 1 op, 9166600.00 ns, 9.1666 ms/op
WorkloadResult  29: 1 op, 5731100.00 ns, 5.7311 ms/op
WorkloadResult  30: 1 op, 5592100.00 ns, 5.5921 ms/op
WorkloadResult  31: 1 op, 11002600.00 ns, 11.0026 ms/op
WorkloadResult  32: 1 op, 10125700.00 ns, 10.1257 ms/op
WorkloadResult  33: 1 op, 4802100.00 ns, 4.8021 ms/op
WorkloadResult  34: 1 op, 5990700.00 ns, 5.9907 ms/op
WorkloadResult  35: 1 op, 10122500.00 ns, 10.1225 ms/op
WorkloadResult  36: 1 op, 5402000.00 ns, 5.4020 ms/op
WorkloadResult  37: 1 op, 2335000.00 ns, 2.3350 ms/op
WorkloadResult  38: 1 op, 6810800.00 ns, 6.8108 ms/op
WorkloadResult  39: 1 op, 8734500.00 ns, 8.7345 ms/op
WorkloadResult  40: 1 op, 4987000.00 ns, 4.9870 ms/op
WorkloadResult  41: 1 op, 6731500.00 ns, 6.7315 ms/op
WorkloadResult  42: 1 op, 1504000.00 ns, 1.5040 ms/op
WorkloadResult  43: 1 op, 7166300.00 ns, 7.1663 ms/op
WorkloadResult  44: 1 op, 8509100.00 ns, 8.5091 ms/op
WorkloadResult  45: 1 op, 2244100.00 ns, 2.2441 ms/op
WorkloadResult  46: 1 op, 5886400.00 ns, 5.8864 ms/op
WorkloadResult  47: 1 op, 4740900.00 ns, 4.7409 ms/op
WorkloadResult  48: 1 op, 4535000.00 ns, 4.5350 ms/op
WorkloadResult  49: 1 op, 8168300.00 ns, 8.1683 ms/op
WorkloadResult  50: 1 op, 5128000.00 ns, 5.1280 ms/op
WorkloadResult  51: 1 op, 3323500.00 ns, 3.3235 ms/op
WorkloadResult  52: 1 op, 6594400.00 ns, 6.5944 ms/op
WorkloadResult  53: 1 op, 2593000.00 ns, 2.5930 ms/op
WorkloadResult  54: 1 op, 3148300.00 ns, 3.1483 ms/op
WorkloadResult  55: 1 op, 4870200.00 ns, 4.8702 ms/op
WorkloadResult  56: 1 op, 5987800.00 ns, 5.9878 ms/op
WorkloadResult  57: 1 op, 6909000.00 ns, 6.9090 ms/op
WorkloadResult  58: 1 op, 3887900.00 ns, 3.8879 ms/op
WorkloadResult  59: 1 op, 5517700.00 ns, 5.5177 ms/op
WorkloadResult  60: 1 op, 2650100.00 ns, 2.6501 ms/op
WorkloadResult  61: 1 op, 8711100.00 ns, 8.7111 ms/op
WorkloadResult  62: 1 op, 4334200.00 ns, 4.3342 ms/op
WorkloadResult  63: 1 op, 5145400.00 ns, 5.1454 ms/op
WorkloadResult  64: 1 op, 5251800.00 ns, 5.2518 ms/op
WorkloadResult  65: 1 op, 3989900.00 ns, 3.9899 ms/op
WorkloadResult  66: 1 op, 4366100.00 ns, 4.3661 ms/op
WorkloadResult  67: 1 op, 2686000.00 ns, 2.6860 ms/op
WorkloadResult  68: 1 op, 3964900.00 ns, 3.9649 ms/op
WorkloadResult  69: 1 op, 3375200.00 ns, 3.3752 ms/op
WorkloadResult  70: 1 op, 5125100.00 ns, 5.1251 ms/op
WorkloadResult  71: 1 op, 4136400.00 ns, 4.1364 ms/op
WorkloadResult  72: 1 op, 1752000.00 ns, 1.7520 ms/op
WorkloadResult  73: 1 op, 6139000.00 ns, 6.1390 ms/op
WorkloadResult  74: 1 op, 2201800.00 ns, 2.2018 ms/op
WorkloadResult  75: 1 op, 1868900.00 ns, 1.8689 ms/op
WorkloadResult  76: 1 op, 3481000.00 ns, 3.4810 ms/op
WorkloadResult  77: 1 op, 3475000.00 ns, 3.4750 ms/op
WorkloadResult  78: 1 op, 3860000.00 ns, 3.8600 ms/op
WorkloadResult  79: 1 op, 3584000.00 ns, 3.5840 ms/op
WorkloadResult  80: 1 op, 3049100.00 ns, 3.0491 ms/op
WorkloadResult  81: 1 op, 2146000.00 ns, 2.1460 ms/op
WorkloadResult  82: 1 op, 2900200.00 ns, 2.9002 ms/op
WorkloadResult  83: 1 op, 2994000.00 ns, 2.9940 ms/op
WorkloadResult  84: 1 op, 2544000.00 ns, 2.5440 ms/op
WorkloadResult  85: 1 op, 1726300.00 ns, 1.7263 ms/op
WorkloadResult  86: 1 op, 2622100.00 ns, 2.6221 ms/op
WorkloadResult  87: 1 op, 3203300.00 ns, 3.2033 ms/op
WorkloadResult  88: 1 op, 4445100.00 ns, 4.4451 ms/op
WorkloadResult  89: 1 op, 3642700.00 ns, 3.6427 ms/op
WorkloadResult  90: 1 op, 1882100.00 ns, 1.8821 ms/op
WorkloadResult  91: 1 op, 2133000.00 ns, 2.1330 ms/op
WorkloadResult  92: 1 op, 2132200.00 ns, 2.1322 ms/op
// GC:  0 0 0 48 1
// Threading:  0 0 1

// AfterAll
// Benchmark Process 435896 has exited with code 0.

Mean = 8.140 ms, StdErr = 0.700 ms (8.59%), N = 92, StdDev = 6.710 ms
Min = 1.504 ms, Q1 = 3.450 ms, Median = 5.555 ms, Q3 = 10.169 ms, Max = 29.287 ms
IQR = 6.719 ms, LowerFence = -6.628 ms, UpperFence = 20.247 ms
ConfidenceInterval = [5.761 ms; 10.519 ms] (CI 99.9%), Margin = 2.379 ms (29.23% of Mean)
Skewness = 1.46, Kurtosis = 4.39, MValue = 2.59

// ** Remained 0 (0.0%) benchmark(s) to run. Estimated finish 2026-05-09 13:48 (0h 0m from now) **
Successfully reverted power plan (GUID: 8c5e7fda-e8bf-4a96-9a85-a6e23a8c635c FriendlyName: High performance)
// ***** BenchmarkRunner: Finish  *****

// * Export *
  BenchmarkDotNet.Artifacts\results\GasSimulation.Benchmarks.Benchmarks.SimulationBenchmarks-report.csv
  BenchmarkDotNet.Artifacts\results\GasSimulation.Benchmarks.Benchmarks.SimulationBenchmarks-report-github.md
  BenchmarkDotNet.Artifacts\results\GasSimulation.Benchmarks.Benchmarks.SimulationBenchmarks-report.html

// * Detailed results *
SimulationBenchmarks.CalculateIteration: DefaultJob [NumAtoms=500]
Runtime = .NET 10.0.5 (10.0.5, 10.0.526.15411), X64 RyuJIT x86-64-v3; GC = Concurrent Workstation
Mean = 189.839 μs, StdErr = 0.564 μs (0.30%), N = 14, StdDev = 2.110 μs
Min = 186.488 μs, Q1 = 188.650 μs, Median = 189.762 μs, Q3 = 191.053 μs, Max = 194.971 μs
IQR = 2.403 μs, LowerFence = 185.046 μs, UpperFence = 194.658 μs
ConfidenceInterval = [187.459 μs; 192.219 μs] (CI 99.9%), Margin = 2.380 μs (1.25% of Mean)
Skewness = 0.67, Kurtosis = 3.18, MValue = 2
-------------------- Histogram --------------------
[185.339 μs ; 191.372 μs) | @@@@@@@@@@@
[191.372 μs ; 196.120 μs) | @@@
---------------------------------------------------

SimulationBenchmarks.CalculateIteration: DefaultJob [NumAtoms=1000]
Runtime = .NET 10.0.5 (10.0.5, 10.0.526.15411), X64 RyuJIT x86-64-v3; GC = Concurrent Workstation
Mean = 8.140 ms, StdErr = 0.700 ms (8.59%), N = 92, StdDev = 6.710 ms
Min = 1.504 ms, Q1 = 3.450 ms, Median = 5.555 ms, Q3 = 10.169 ms, Max = 29.287 ms
IQR = 6.719 ms, LowerFence = -6.628 ms, UpperFence = 20.247 ms
ConfidenceInterval = [5.761 ms; 10.519 ms] (CI 99.9%), Margin = 2.379 ms (29.23% of Mean)
Skewness = 1.46, Kurtosis = 4.39, MValue = 2.59
-------------------- Histogram --------------------
[ 1.504 ms ;  2.111 ms) | @@@@@
[ 2.111 ms ;  6.012 ms) | @@@@@@@@@@@@@@@@@@@@@@@@@@@@@@@@@@@@@@@@@@@@@@
[ 6.012 ms ; 10.397 ms) | @@@@@@@@@@@@@@@@@@@
[10.397 ms ; 11.772 ms) | @
[11.772 ms ; 15.674 ms) | @@@@@@@@
[15.674 ms ; 20.153 ms) | @@@@@@
[20.153 ms ; 24.269 ms) | @@@
[24.269 ms ; 25.631 ms) | 
[25.631 ms ; 29.533 ms) | @@@@
---------------------------------------------------

// * Summary *

BenchmarkDotNet v0.15.8, Windows 11 (10.0.26200.8246/25H2/2025Update/HudsonValley2)
AMD Ryzen 5 7535HS with Radeon Graphics 3.30GHz, 1 CPU, 12 logical and 6 physical cores
.NET SDK 10.0.300-preview.0.26177.108
  [Host]     : .NET 10.0.5 (10.0.5, 10.0.526.15411), X64 RyuJIT x86-64-v3
  DefaultJob : .NET 10.0.5 (10.0.5, 10.0.526.15411), X64 RyuJIT x86-64-v3


| Method             | NumAtoms | Mean       | Error       | StdDev      | Median     | Rank | Allocated |
|------------------- |--------- |-----------:|------------:|------------:|-----------:|-----:|----------:|
| CalculateIteration | 500      |   189.8 μs |     2.38 μs |     2.11 μs |   189.8 μs |    1 |         - |
| CalculateIteration | 1000     | 8,139.6 μs | 2,378.97 μs | 6,709.93 μs | 5,554.9 μs |    2 |      48 B |

// * Warnings *
MinIterationTime
  SimulationBenchmarks.CalculateIteration: Default -> The minimum observed iteration time is 1.504ms which is very small. It's recommended to increase it to at least 100ms using more operations.

// * Hints *
Outliers
  SimulationBenchmarks.CalculateIteration: Default -> 1 outlier  was  removed (198.40 μs)
  SimulationBenchmarks.CalculateIteration: Default -> 8 outliers were removed (29.71 ms..52.90 ms)

// * Legends *
  NumAtoms  : Value of the 'NumAtoms' parameter
  Mean      : Arithmetic mean of all measurements
  Error     : Half of 99.9% confidence interval
  StdDev    : Standard deviation of all measurements
  Median    : Value separating the higher half of all measurements (50th percentile)
  Rank      : Relative position of current benchmark mean among all benchmarks (Arabic style)
  Allocated : Allocated memory per single operation (managed only, inclusive, 1KB = 1024B)
  1 μs      : 1 Microsecond (0.000001 sec)

// * Diagnostic Output - MemoryDiagnoser *


// ***** BenchmarkRunner: End *****
Run time: 00:00:33 (33.23 sec), executed benchmarks: 2

Global total time: 00:00:51 (51.76 sec), executed benchmarks: 2
// * Artifacts cleanup *
Artifacts cleanup is finished
