// Validating benchmarks:
// ***** BenchmarkRunner: Start   *****
// ***** Found 2 benchmark(s) in total *****
// ***** Building 1 exe(s) in Parallel: Start   *****
// start dotnet  restore --nodeReuse:false /p:UseSharedCompilation=false /p:Deterministic=true /p:Optimize=true /p:ArtifactsPath="C:\Users\borde\Desktop\Programming\Backend\WPF\GasSimulation\GasSimulation.Benchmarks\bin\Release\net10.0-windows\GasSimulation.Benchmarks-1/" /p:OutDir="C:\Users\borde\Desktop\Programming\Backend\WPF\GasSimulation\GasSimulation.Benchmarks\bin\Release\net10.0-windows\GasSimulation.Benchmarks-1\bin\Release\net10.0-Windows7.0/" /p:OutputPath="C:\Users\borde\Desktop\Programming\Backend\WPF\GasSimulation\GasSimulation.Benchmarks\bin\Release\net10.0-windows\GasSimulation.Benchmarks-1\bin\Release\net10.0-Windows7.0/" /p:PublishDir="C:\Users\borde\Desktop\Programming\Backend\WPF\GasSimulation\GasSimulation.Benchmarks\bin\Release\net10.0-windows\GasSimulation.Benchmarks-1\publish/" in C:\Users\borde\Desktop\Programming\Backend\WPF\GasSimulation\GasSimulation.Benchmarks\bin\Release\net10.0-windows\GasSimulation.Benchmarks-1
// command took 1.24 sec and exited with 0
// start dotnet  build -c Release --no-restore --nodeReuse:false /p:UseSharedCompilation=false /p:Deterministic=true /p:Optimize=true /p:ArtifactsPath="C:\Users\borde\Desktop\Programming\Backend\WPF\GasSimulation\GasSimulation.Benchmarks\bin\Release\net10.0-windows\GasSimulation.Benchmarks-1/" /p:OutDir="C:\Users\borde\Desktop\Programming\Backend\WPF\GasSimulation\GasSimulation.Benchmarks\bin\Release\net10.0-windows\GasSimulation.Benchmarks-1\bin\Release\net10.0-Windows7.0/" /p:OutputPath="C:\Users\borde\Desktop\Programming\Backend\WPF\GasSimulation\GasSimulation.Benchmarks\bin\Release\net10.0-windows\GasSimulation.Benchmarks-1\bin\Release\net10.0-Windows7.0/" /p:PublishDir="C:\Users\borde\Desktop\Programming\Backend\WPF\GasSimulation\GasSimulation.Benchmarks\bin\Release\net10.0-windows\GasSimulation.Benchmarks-1\publish/" --output "C:\Users\borde\Desktop\Programming\Backend\WPF\GasSimulation\GasSimulation.Benchmarks\bin\Release\net10.0-windows\GasSimulation.Benchmarks-1\bin\Release\net10.0-Windows7.0/" in C:\Users\borde\Desktop\Programming\Backend\WPF\GasSimulation\GasSimulation.Benchmarks\bin\Release\net10.0-windows\GasSimulation.Benchmarks-1
// command took 9.05 sec and exited with 0
// ***** Done, took 00:00:10 (10.34 sec)   *****
// Found 2 benchmarks:
//   SimulationBenchmarks.CalculateIteration: DefaultJob [NumAtoms=500]
//   SimulationBenchmarks.CalculateIteration: DefaultJob [NumAtoms=1000]

Setup power plan (GUID: 8c5e7fda-e8bf-4a96-9a85-a6e23a8c635c FriendlyName: High performance)
// **************************
// Benchmark: SimulationBenchmarks.CalculateIteration: DefaultJob [NumAtoms=500]
// *** Execute ***
// Launch: 1 / 1
// Execute: dotnet GasSimulation.Benchmarks-1.dll --anonymousPipes 1480 1476 --benchmarkName "GasSimulation.Benchmarks.Benchmarks.SimulationBenchmarks.CalculateIteration(NumAtoms: 500)" --job Default --benchmarkId 0 in C:\Users\borde\Desktop\Programming\Backend\WPF\GasSimulation\GasSimulation.Benchmarks\bin\Release\net10.0-windows\GasSimulation.Benchmarks-1\bin\Release\net10.0-Windows7.0
// BeforeAnythingElse

// Benchmark Process Environment Information:
// BenchmarkDotNet v0.15.8
// Runtime=.NET 10.0.5 (10.0.5, 10.0.526.15411), X64 RyuJIT x86-64-v3
// GC=Concurrent Workstation
// HardwareIntrinsics=AVX2+BMI1+BMI2+F16C+FMA+LZCNT+MOVBE,AVX,SSE3+SSSE3+SSE4.1+SSE4.2+POPCNT,X86Base+SSE+SSE2,AES+PCLMUL VectorSize=256
// Job: DefaultJob

OverheadJitting  1: 1 op, 157300.00 ns, 157.3000 us/op
WorkloadJitting  1: 1 op, 199681200.00 ns, 199.6812 ms/op

WorkloadPilot    1: 2 op, 74892700.00 ns, 37.4464 ms/op
WorkloadPilot    2: 3 op, 98450900.00 ns, 32.8170 ms/op
WorkloadPilot    3: 4 op, 109407200.00 ns, 27.3518 ms/op
WorkloadPilot    4: 5 op, 97903200.00 ns, 19.5806 ms/op
WorkloadPilot    5: 6 op, 82263900.00 ns, 13.7107 ms/op
WorkloadPilot    6: 7 op, 63554900.00 ns, 9.0793 ms/op
WorkloadPilot    7: 8 op, 40874600.00 ns, 5.1093 ms/op
WorkloadPilot    8: 9 op, 27574500.00 ns, 3.0638 ms/op
WorkloadPilot    9: 10 op, 18355100.00 ns, 1.8355 ms/op
WorkloadPilot   10: 11 op, 13673700.00 ns, 1.2431 ms/op
WorkloadPilot   11: 12 op, 8434500.00 ns, 702.8750 us/op
WorkloadPilot   12: 13 op, 5587400.00 ns, 429.8000 us/op
WorkloadPilot   13: 14 op, 4475000.00 ns, 319.6429 us/op
WorkloadPilot   14: 15 op, 6010300.00 ns, 400.6867 us/op
WorkloadPilot   15: 16 op, 4411900.00 ns, 275.7438 us/op
WorkloadPilot   16: 32 op, 6302900.00 ns, 196.9656 us/op
WorkloadPilot   17: 64 op, 10097600.00 ns, 157.7750 us/op
WorkloadPilot   18: 128 op, 17239400.00 ns, 134.6828 us/op
WorkloadPilot   19: 256 op, 33122000.00 ns, 129.3828 us/op
WorkloadPilot   20: 512 op, 63955900.00 ns, 124.9139 us/op
WorkloadPilot   21: 1024 op, 125438200.00 ns, 122.4982 us/op
WorkloadPilot   22: 2048 op, 248978200.00 ns, 121.5714 us/op
WorkloadPilot   23: 4096 op, 490632800.00 ns, 119.7834 us/op
WorkloadPilot   24: 8192 op, 983667700.00 ns, 120.0766 us/op

WorkloadWarmup   1: 8192 op, 989912700.00 ns, 120.8390 us/op
WorkloadWarmup   2: 8192 op, 987492100.00 ns, 120.5435 us/op
WorkloadWarmup   3: 8192 op, 977017200.00 ns, 119.2648 us/op
WorkloadWarmup   4: 8192 op, 981493900.00 ns, 119.8113 us/op
WorkloadWarmup   5: 8192 op, 1008067000.00 ns, 123.0551 us/op
WorkloadWarmup   6: 8192 op, 988100600.00 ns, 120.6177 us/op
WorkloadWarmup   7: 8192 op, 988856400.00 ns, 120.7100 us/op
WorkloadWarmup   8: 8192 op, 988355600.00 ns, 120.6489 us/op

// BeforeActualRun
WorkloadActual   1: 8192 op, 987467500.00 ns, 120.5405 us/op
WorkloadActual   2: 8192 op, 978709700.00 ns, 119.4714 us/op
WorkloadActual   3: 8192 op, 997654300.00 ns, 121.7840 us/op
WorkloadActual   4: 8192 op, 1008241200.00 ns, 123.0763 us/op
WorkloadActual   5: 8192 op, 993676300.00 ns, 121.2984 us/op
WorkloadActual   6: 8192 op, 989054100.00 ns, 120.7341 us/op
WorkloadActual   7: 8192 op, 984328600.00 ns, 120.1573 us/op
WorkloadActual   8: 8192 op, 984819700.00 ns, 120.2172 us/op
WorkloadActual   9: 8192 op, 981059800.00 ns, 119.7583 us/op
WorkloadActual  10: 8192 op, 983369700.00 ns, 120.0402 us/op
WorkloadActual  11: 8192 op, 974647000.00 ns, 118.9755 us/op
WorkloadActual  12: 8192 op, 986276400.00 ns, 120.3951 us/op
WorkloadActual  13: 8192 op, 987214600.00 ns, 120.5096 us/op
WorkloadActual  14: 8192 op, 983609200.00 ns, 120.0695 us/op
WorkloadActual  15: 8192 op, 985697300.00 ns, 120.3244 us/op

// AfterActualRun
WorkloadResult   1: 8192 op, 987467500.00 ns, 120.5405 us/op
WorkloadResult   2: 8192 op, 978709700.00 ns, 119.4714 us/op
WorkloadResult   3: 8192 op, 993676300.00 ns, 121.2984 us/op
WorkloadResult   4: 8192 op, 989054100.00 ns, 120.7341 us/op
WorkloadResult   5: 8192 op, 984328600.00 ns, 120.1573 us/op
WorkloadResult   6: 8192 op, 984819700.00 ns, 120.2172 us/op
WorkloadResult   7: 8192 op, 981059800.00 ns, 119.7583 us/op
WorkloadResult   8: 8192 op, 983369700.00 ns, 120.0402 us/op
WorkloadResult   9: 8192 op, 974647000.00 ns, 118.9755 us/op
WorkloadResult  10: 8192 op, 986276400.00 ns, 120.3951 us/op
WorkloadResult  11: 8192 op, 987214600.00 ns, 120.5096 us/op
WorkloadResult  12: 8192 op, 983609200.00 ns, 120.0695 us/op
WorkloadResult  13: 8192 op, 985697300.00 ns, 120.3244 us/op
// GC:  0 0 0 0 8192
// Threading:  0 0 8192

// AfterAll
// Benchmark Process 77312 has exited with code 0.

Mean = 120.192 μs, StdErr = 0.161 μs (0.13%), N = 13, StdDev = 0.579 μs
Min = 118.975 μs, Q1 = 120.040 μs, Median = 120.217 μs, Q3 = 120.510 μs, Max = 121.298 μs
IQR = 0.469 μs, LowerFence = 119.336 μs, UpperFence = 121.214 μs
ConfidenceInterval = [119.498 μs; 120.885 μs] (CI 99.9%), Margin = 0.694 μs (0.58% of Mean)
Skewness = -0.26, Kurtosis = 2.81, MValue = 2

// ** Remained 1 (50.0%) benchmark(s) to run. Estimated finish 2026-04-30 19:47 (0h 0m from now) **
Setup power plan (GUID: 8c5e7fda-e8bf-4a96-9a85-a6e23a8c635c FriendlyName: High performance)
// **************************
// Benchmark: SimulationBenchmarks.CalculateIteration: DefaultJob [NumAtoms=1000]
// *** Execute ***
// Launch: 1 / 1
// Execute: dotnet GasSimulation.Benchmarks-1.dll --anonymousPipes 1452 1464 --benchmarkName "GasSimulation.Benchmarks.Benchmarks.SimulationBenchmarks.CalculateIteration(NumAtoms: 1000)" --job Default --benchmarkId 1 in C:\Users\borde\Desktop\Programming\Backend\WPF\GasSimulation\GasSimulation.Benchmarks\bin\Release\net10.0-windows\GasSimulation.Benchmarks-1\bin\Release\net10.0-Windows7.0
// BeforeAnythingElse

// Benchmark Process Environment Information:
// BenchmarkDotNet v0.15.8
// Runtime=.NET 10.0.5 (10.0.5, 10.0.526.15411), X64 RyuJIT x86-64-v3
// GC=Concurrent Workstation
// HardwareIntrinsics=AVX2+BMI1+BMI2+F16C+FMA+LZCNT+MOVBE,AVX,SSE3+SSSE3+SSE4.1+SSE4.2+POPCNT,X86Base+SSE+SSE2,AES+PCLMUL VectorSize=256
// Job: DefaultJob

OverheadJitting  1: 1 op, 137400.00 ns, 137.4000 us/op
WorkloadJitting  1: 1 op, 1587960300.00 ns, 1.5880 s/op

OverheadJitting  2: 1 op, 600.00 ns, 600.0000 ns/op
WorkloadJitting  2: 1 op, 1126642200.00 ns, 1.1266 s/op

WorkloadWarmup   1: 1 op, 1063142500.00 ns, 1.0631 s/op
WorkloadWarmup   2: 1 op, 904678700.00 ns, 904.6787 ms/op
WorkloadWarmup   3: 1 op, 836815400.00 ns, 836.8154 ms/op
WorkloadWarmup   4: 1 op, 731881300.00 ns, 731.8813 ms/op
WorkloadWarmup   5: 1 op, 666418900.00 ns, 666.4189 ms/op
WorkloadWarmup   6: 1 op, 535405500.00 ns, 535.4055 ms/op
WorkloadWarmup   7: 1 op, 509235500.00 ns, 509.2355 ms/op
WorkloadWarmup   8: 1 op, 383551500.00 ns, 383.5515 ms/op
WorkloadWarmup   9: 1 op, 344707900.00 ns, 344.7079 ms/op
WorkloadWarmup  10: 1 op, 292372000.00 ns, 292.3720 ms/op
WorkloadWarmup  11: 1 op, 233145000.00 ns, 233.1450 ms/op
WorkloadWarmup  12: 1 op, 241005700.00 ns, 241.0057 ms/op
WorkloadWarmup  13: 1 op, 195745000.00 ns, 195.7450 ms/op
WorkloadWarmup  14: 1 op, 167461300.00 ns, 167.4613 ms/op
WorkloadWarmup  15: 1 op, 157630600.00 ns, 157.6306 ms/op
WorkloadWarmup  16: 1 op, 166709900.00 ns, 166.7099 ms/op
WorkloadWarmup  17: 1 op, 129254300.00 ns, 129.2543 ms/op

// BeforeActualRun
WorkloadActual   1: 1 op, 99654300.00 ns, 99.6543 ms/op
WorkloadActual   2: 1 op, 110862300.00 ns, 110.8623 ms/op
WorkloadActual   3: 1 op, 98488900.00 ns, 98.4889 ms/op
WorkloadActual   4: 1 op, 64070600.00 ns, 64.0706 ms/op
WorkloadActual   5: 1 op, 68428100.00 ns, 68.4281 ms/op
WorkloadActual   6: 1 op, 64355400.00 ns, 64.3554 ms/op
WorkloadActual   7: 1 op, 69356900.00 ns, 69.3569 ms/op
WorkloadActual   8: 1 op, 46217800.00 ns, 46.2178 ms/op
WorkloadActual   9: 1 op, 43243600.00 ns, 43.2436 ms/op
WorkloadActual  10: 1 op, 57413500.00 ns, 57.4135 ms/op
WorkloadActual  11: 1 op, 38257600.00 ns, 38.2576 ms/op
WorkloadActual  12: 1 op, 49782300.00 ns, 49.7823 ms/op
WorkloadActual  13: 1 op, 31688900.00 ns, 31.6889 ms/op
WorkloadActual  14: 1 op, 37521000.00 ns, 37.5210 ms/op
WorkloadActual  15: 1 op, 27589900.00 ns, 27.5899 ms/op
WorkloadActual  16: 1 op, 30520400.00 ns, 30.5204 ms/op
WorkloadActual  17: 1 op, 27544300.00 ns, 27.5443 ms/op
WorkloadActual  18: 1 op, 39327900.00 ns, 39.3279 ms/op
WorkloadActual  19: 1 op, 22921200.00 ns, 22.9212 ms/op
WorkloadActual  20: 1 op, 26002200.00 ns, 26.0022 ms/op
WorkloadActual  21: 1 op, 16392500.00 ns, 16.3925 ms/op
WorkloadActual  22: 1 op, 22108900.00 ns, 22.1089 ms/op
WorkloadActual  23: 1 op, 14135900.00 ns, 14.1359 ms/op
WorkloadActual  24: 1 op, 16704900.00 ns, 16.7049 ms/op
WorkloadActual  25: 1 op, 23074200.00 ns, 23.0742 ms/op
WorkloadActual  26: 1 op, 15726800.00 ns, 15.7268 ms/op
WorkloadActual  27: 1 op, 17266600.00 ns, 17.2666 ms/op
WorkloadActual  28: 1 op, 14795700.00 ns, 14.7957 ms/op
WorkloadActual  29: 1 op, 18576900.00 ns, 18.5769 ms/op
WorkloadActual  30: 1 op, 14020800.00 ns, 14.0208 ms/op
WorkloadActual  31: 1 op, 7729200.00 ns, 7.7292 ms/op
WorkloadActual  32: 1 op, 8914900.00 ns, 8.9149 ms/op
WorkloadActual  33: 1 op, 14610900.00 ns, 14.6109 ms/op
WorkloadActual  34: 1 op, 16872600.00 ns, 16.8726 ms/op
WorkloadActual  35: 1 op, 13832600.00 ns, 13.8326 ms/op
WorkloadActual  36: 1 op, 9357700.00 ns, 9.3577 ms/op
WorkloadActual  37: 1 op, 14632200.00 ns, 14.6322 ms/op
WorkloadActual  38: 1 op, 13653700.00 ns, 13.6537 ms/op
WorkloadActual  39: 1 op, 8409000.00 ns, 8.4090 ms/op
WorkloadActual  40: 1 op, 11391200.00 ns, 11.3912 ms/op
WorkloadActual  41: 1 op, 11489500.00 ns, 11.4895 ms/op
WorkloadActual  42: 1 op, 17301600.00 ns, 17.3016 ms/op
WorkloadActual  43: 1 op, 8692900.00 ns, 8.6929 ms/op
WorkloadActual  44: 1 op, 5146500.00 ns, 5.1465 ms/op
WorkloadActual  45: 1 op, 5827800.00 ns, 5.8278 ms/op
WorkloadActual  46: 1 op, 5574400.00 ns, 5.5744 ms/op
WorkloadActual  47: 1 op, 8552400.00 ns, 8.5524 ms/op
WorkloadActual  48: 1 op, 7466100.00 ns, 7.4661 ms/op
WorkloadActual  49: 1 op, 6326700.00 ns, 6.3267 ms/op
WorkloadActual  50: 1 op, 8149300.00 ns, 8.1493 ms/op
WorkloadActual  51: 1 op, 13009300.00 ns, 13.0093 ms/op
WorkloadActual  52: 1 op, 2968200.00 ns, 2.9682 ms/op
WorkloadActual  53: 1 op, 7708400.00 ns, 7.7084 ms/op
WorkloadActual  54: 1 op, 6470400.00 ns, 6.4704 ms/op
WorkloadActual  55: 1 op, 4415900.00 ns, 4.4159 ms/op
WorkloadActual  56: 1 op, 9568700.00 ns, 9.5687 ms/op
WorkloadActual  57: 1 op, 4490800.00 ns, 4.4908 ms/op
WorkloadActual  58: 1 op, 7511900.00 ns, 7.5119 ms/op
WorkloadActual  59: 1 op, 4495000.00 ns, 4.4950 ms/op
WorkloadActual  60: 1 op, 5693500.00 ns, 5.6935 ms/op
WorkloadActual  61: 1 op, 4604300.00 ns, 4.6043 ms/op
WorkloadActual  62: 1 op, 2351400.00 ns, 2.3514 ms/op
WorkloadActual  63: 1 op, 3528400.00 ns, 3.5284 ms/op
WorkloadActual  64: 1 op, 5020500.00 ns, 5.0205 ms/op
WorkloadActual  65: 1 op, 4125500.00 ns, 4.1255 ms/op
WorkloadActual  66: 1 op, 4016800.00 ns, 4.0168 ms/op
WorkloadActual  67: 1 op, 3988100.00 ns, 3.9881 ms/op
WorkloadActual  68: 1 op, 3592600.00 ns, 3.5926 ms/op
WorkloadActual  69: 1 op, 3172200.00 ns, 3.1722 ms/op
WorkloadActual  70: 1 op, 2903100.00 ns, 2.9031 ms/op
WorkloadActual  71: 1 op, 3152300.00 ns, 3.1523 ms/op
WorkloadActual  72: 1 op, 8319900.00 ns, 8.3199 ms/op
WorkloadActual  73: 1 op, 2272300.00 ns, 2.2723 ms/op
WorkloadActual  74: 1 op, 3343600.00 ns, 3.3436 ms/op
WorkloadActual  75: 1 op, 2137700.00 ns, 2.1377 ms/op
WorkloadActual  76: 1 op, 1706900.00 ns, 1.7069 ms/op
WorkloadActual  77: 1 op, 2684700.00 ns, 2.6847 ms/op
WorkloadActual  78: 1 op, 2241100.00 ns, 2.2411 ms/op
WorkloadActual  79: 1 op, 1125800.00 ns, 1.1258 ms/op
WorkloadActual  80: 1 op, 2826300.00 ns, 2.8263 ms/op
WorkloadActual  81: 1 op, 1557900.00 ns, 1.5579 ms/op
WorkloadActual  82: 1 op, 1687400.00 ns, 1.6874 ms/op
WorkloadActual  83: 1 op, 3932300.00 ns, 3.9323 ms/op
WorkloadActual  84: 1 op, 3403100.00 ns, 3.4031 ms/op
WorkloadActual  85: 1 op, 3485300.00 ns, 3.4853 ms/op
WorkloadActual  86: 1 op, 3028700.00 ns, 3.0287 ms/op
WorkloadActual  87: 1 op, 3516900.00 ns, 3.5169 ms/op
WorkloadActual  88: 1 op, 2786100.00 ns, 2.7861 ms/op
WorkloadActual  89: 1 op, 2671500.00 ns, 2.6715 ms/op
WorkloadActual  90: 1 op, 2069700.00 ns, 2.0697 ms/op
WorkloadActual  91: 1 op, 2237400.00 ns, 2.2374 ms/op
WorkloadActual  92: 1 op, 2229700.00 ns, 2.2297 ms/op
WorkloadActual  93: 1 op, 1932600.00 ns, 1.9326 ms/op
WorkloadActual  94: 1 op, 3520200.00 ns, 3.5202 ms/op
WorkloadActual  95: 1 op, 600200.00 ns, 600.2000 us/op
WorkloadActual  96: 1 op, 1901000.00 ns, 1.9010 ms/op
WorkloadActual  97: 1 op, 1230600.00 ns, 1.2306 ms/op
WorkloadActual  98: 1 op, 820500.00 ns, 820.5000 us/op
WorkloadActual  99: 1 op, 1138400.00 ns, 1.1384 ms/op
WorkloadActual  100: 1 op, 701900.00 ns, 701.9000 us/op

// AfterActualRun
WorkloadResult   1: 1 op, 31688900.00 ns, 31.6889 ms/op
WorkloadResult   2: 1 op, 37521000.00 ns, 37.5210 ms/op
WorkloadResult   3: 1 op, 27589900.00 ns, 27.5899 ms/op
WorkloadResult   4: 1 op, 30520400.00 ns, 30.5204 ms/op
WorkloadResult   5: 1 op, 27544300.00 ns, 27.5443 ms/op
WorkloadResult   6: 1 op, 22921200.00 ns, 22.9212 ms/op
WorkloadResult   7: 1 op, 26002200.00 ns, 26.0022 ms/op
WorkloadResult   8: 1 op, 16392500.00 ns, 16.3925 ms/op
WorkloadResult   9: 1 op, 22108900.00 ns, 22.1089 ms/op
WorkloadResult  10: 1 op, 14135900.00 ns, 14.1359 ms/op
WorkloadResult  11: 1 op, 16704900.00 ns, 16.7049 ms/op
WorkloadResult  12: 1 op, 23074200.00 ns, 23.0742 ms/op
WorkloadResult  13: 1 op, 15726800.00 ns, 15.7268 ms/op
WorkloadResult  14: 1 op, 17266600.00 ns, 17.2666 ms/op
WorkloadResult  15: 1 op, 14795700.00 ns, 14.7957 ms/op
WorkloadResult  16: 1 op, 18576900.00 ns, 18.5769 ms/op
WorkloadResult  17: 1 op, 14020800.00 ns, 14.0208 ms/op
WorkloadResult  18: 1 op, 7729200.00 ns, 7.7292 ms/op
WorkloadResult  19: 1 op, 8914900.00 ns, 8.9149 ms/op
WorkloadResult  20: 1 op, 14610900.00 ns, 14.6109 ms/op
WorkloadResult  21: 1 op, 16872600.00 ns, 16.8726 ms/op
WorkloadResult  22: 1 op, 13832600.00 ns, 13.8326 ms/op
WorkloadResult  23: 1 op, 9357700.00 ns, 9.3577 ms/op
WorkloadResult  24: 1 op, 14632200.00 ns, 14.6322 ms/op
WorkloadResult  25: 1 op, 13653700.00 ns, 13.6537 ms/op
WorkloadResult  26: 1 op, 8409000.00 ns, 8.4090 ms/op
WorkloadResult  27: 1 op, 11391200.00 ns, 11.3912 ms/op
WorkloadResult  28: 1 op, 11489500.00 ns, 11.4895 ms/op
WorkloadResult  29: 1 op, 17301600.00 ns, 17.3016 ms/op
WorkloadResult  30: 1 op, 8692900.00 ns, 8.6929 ms/op
WorkloadResult  31: 1 op, 5146500.00 ns, 5.1465 ms/op
WorkloadResult  32: 1 op, 5827800.00 ns, 5.8278 ms/op
WorkloadResult  33: 1 op, 5574400.00 ns, 5.5744 ms/op
WorkloadResult  34: 1 op, 8552400.00 ns, 8.5524 ms/op
WorkloadResult  35: 1 op, 7466100.00 ns, 7.4661 ms/op
WorkloadResult  36: 1 op, 6326700.00 ns, 6.3267 ms/op
WorkloadResult  37: 1 op, 8149300.00 ns, 8.1493 ms/op
WorkloadResult  38: 1 op, 13009300.00 ns, 13.0093 ms/op
WorkloadResult  39: 1 op, 2968200.00 ns, 2.9682 ms/op
WorkloadResult  40: 1 op, 7708400.00 ns, 7.7084 ms/op
WorkloadResult  41: 1 op, 6470400.00 ns, 6.4704 ms/op
WorkloadResult  42: 1 op, 4415900.00 ns, 4.4159 ms/op
WorkloadResult  43: 1 op, 9568700.00 ns, 9.5687 ms/op
WorkloadResult  44: 1 op, 4490800.00 ns, 4.4908 ms/op
WorkloadResult  45: 1 op, 7511900.00 ns, 7.5119 ms/op
WorkloadResult  46: 1 op, 4495000.00 ns, 4.4950 ms/op
WorkloadResult  47: 1 op, 5693500.00 ns, 5.6935 ms/op
WorkloadResult  48: 1 op, 4604300.00 ns, 4.6043 ms/op
WorkloadResult  49: 1 op, 2351400.00 ns, 2.3514 ms/op
WorkloadResult  50: 1 op, 3528400.00 ns, 3.5284 ms/op
WorkloadResult  51: 1 op, 5020500.00 ns, 5.0205 ms/op
WorkloadResult  52: 1 op, 4125500.00 ns, 4.1255 ms/op
WorkloadResult  53: 1 op, 4016800.00 ns, 4.0168 ms/op
WorkloadResult  54: 1 op, 3988100.00 ns, 3.9881 ms/op
WorkloadResult  55: 1 op, 3592600.00 ns, 3.5926 ms/op
WorkloadResult  56: 1 op, 3172200.00 ns, 3.1722 ms/op
WorkloadResult  57: 1 op, 2903100.00 ns, 2.9031 ms/op
WorkloadResult  58: 1 op, 3152300.00 ns, 3.1523 ms/op
WorkloadResult  59: 1 op, 8319900.00 ns, 8.3199 ms/op
WorkloadResult  60: 1 op, 2272300.00 ns, 2.2723 ms/op
WorkloadResult  61: 1 op, 3343600.00 ns, 3.3436 ms/op
WorkloadResult  62: 1 op, 2137700.00 ns, 2.1377 ms/op
WorkloadResult  63: 1 op, 1706900.00 ns, 1.7069 ms/op
WorkloadResult  64: 1 op, 2684700.00 ns, 2.6847 ms/op
WorkloadResult  65: 1 op, 2241100.00 ns, 2.2411 ms/op
WorkloadResult  66: 1 op, 1125800.00 ns, 1.1258 ms/op
WorkloadResult  67: 1 op, 2826300.00 ns, 2.8263 ms/op
WorkloadResult  68: 1 op, 1557900.00 ns, 1.5579 ms/op
WorkloadResult  69: 1 op, 1687400.00 ns, 1.6874 ms/op
WorkloadResult  70: 1 op, 3932300.00 ns, 3.9323 ms/op
WorkloadResult  71: 1 op, 3403100.00 ns, 3.4031 ms/op
WorkloadResult  72: 1 op, 3485300.00 ns, 3.4853 ms/op
WorkloadResult  73: 1 op, 3028700.00 ns, 3.0287 ms/op
WorkloadResult  74: 1 op, 3516900.00 ns, 3.5169 ms/op
WorkloadResult  75: 1 op, 2786100.00 ns, 2.7861 ms/op
WorkloadResult  76: 1 op, 2671500.00 ns, 2.6715 ms/op
WorkloadResult  77: 1 op, 2069700.00 ns, 2.0697 ms/op
WorkloadResult  78: 1 op, 2237400.00 ns, 2.2374 ms/op
WorkloadResult  79: 1 op, 2229700.00 ns, 2.2297 ms/op
WorkloadResult  80: 1 op, 1932600.00 ns, 1.9326 ms/op
WorkloadResult  81: 1 op, 3520200.00 ns, 3.5202 ms/op
WorkloadResult  82: 1 op, 600200.00 ns, 600.2000 us/op
WorkloadResult  83: 1 op, 1901000.00 ns, 1.9010 ms/op
WorkloadResult  84: 1 op, 1230600.00 ns, 1.2306 ms/op
WorkloadResult  85: 1 op, 820500.00 ns, 820.5000 us/op
WorkloadResult  86: 1 op, 1138400.00 ns, 1.1384 ms/op
WorkloadResult  87: 1 op, 701900.00 ns, 701.9000 us/op
// GC:  0 0 0 0 1
// Threading:  0 0 1

// AfterAll
// Benchmark Process 44436 has exited with code 0.

Mean = 8.717 ms, StdErr = 0.880 ms (10.09%), N = 87, StdDev = 8.203 ms
Min = 0.600 ms, Q1 = 2.865 ms, Median = 5.146 ms, Q3 = 13.743 ms, Max = 37.521 ms
IQR = 10.878 ms, LowerFence = -13.453 ms, UpperFence = 30.061 ms
ConfidenceInterval = [5.721 ms; 11.714 ms] (CI 99.9%), Margin = 2.997 ms (34.38% of Mean)
Skewness = 1.42, Kurtosis = 4.46, MValue = 2.52

// ** Remained 0 (0.0%) benchmark(s) to run. Estimated finish 2026-04-30 19:47 (0h 0m from now) **
Successfully reverted power plan (GUID: 8c5e7fda-e8bf-4a96-9a85-a6e23a8c635c FriendlyName: High performance)
// ***** BenchmarkRunner: Finish  *****

// * Export *
  BenchmarkDotNet.Artifacts\results\GasSimulation.Benchmarks.Benchmarks.SimulationBenchmarks-report.csv
  BenchmarkDotNet.Artifacts\results\GasSimulation.Benchmarks.Benchmarks.SimulationBenchmarks-report-github.md
  BenchmarkDotNet.Artifacts\results\GasSimulation.Benchmarks.Benchmarks.SimulationBenchmarks-report.html

// * Detailed results *
SimulationBenchmarks.CalculateIteration: DefaultJob [NumAtoms=500]
Runtime = .NET 10.0.5 (10.0.5, 10.0.526.15411), X64 RyuJIT x86-64-v3; GC = Concurrent Workstation
Mean = 120.192 μs, StdErr = 0.161 μs (0.13%), N = 13, StdDev = 0.579 μs
Min = 118.975 μs, Q1 = 120.040 μs, Median = 120.217 μs, Q3 = 120.510 μs, Max = 121.298 μs
IQR = 0.469 μs, LowerFence = 119.336 μs, UpperFence = 121.214 μs
ConfidenceInterval = [119.498 μs; 120.885 μs] (CI 99.9%), Margin = 0.694 μs (0.58% of Mean)
Skewness = -0.26, Kurtosis = 2.81, MValue = 2
-------------------- Histogram --------------------
[118.652 μs ; 121.493 μs) | @@@@@@@@@@@@@
---------------------------------------------------

SimulationBenchmarks.CalculateIteration: DefaultJob [NumAtoms=1000]
Runtime = .NET 10.0.5 (10.0.5, 10.0.526.15411), X64 RyuJIT x86-64-v3; GC = Concurrent Workstation
Mean = 8.717 ms, StdErr = 0.880 ms (10.09%), N = 87, StdDev = 8.203 ms
Min = 0.600 ms, Q1 = 2.865 ms, Median = 5.146 ms, Q3 = 13.743 ms, Max = 37.521 ms
IQR = 10.878 ms, LowerFence = -13.453 ms, UpperFence = 30.061 ms
ConfidenceInterval = [5.721 ms; 11.714 ms] (CI 99.9%), Margin = 2.997 ms (34.38% of Mean)
Skewness = 1.42, Kurtosis = 4.46, MValue = 2.52
-------------------- Histogram --------------------
[ 0.443 ms ;  5.303 ms) | @@@@@@@@@@@@@@@@@@@@@@@@@@@@@@@@@@@@@@@@@@@@
[ 5.303 ms ; 10.001 ms) | @@@@@@@@@@@@@@@@@
[10.001 ms ; 12.726 ms) | @@
[12.726 ms ; 17.585 ms) | @@@@@@@@@@@@@@
[17.585 ms ; 22.826 ms) | @@
[22.826 ms ; 27.685 ms) | @@@@@
[27.685 ms ; 33.535 ms) | @@
[33.535 ms ; 39.951 ms) | @
---------------------------------------------------

// * Summary *

BenchmarkDotNet v0.15.8, Windows 11 (10.0.26200.8246/25H2/2025Update/HudsonValley2)
AMD Ryzen 5 7535HS with Radeon Graphics 3.30GHz, 1 CPU, 12 logical and 6 physical cores
.NET SDK 10.0.300-preview.0.26177.108
  [Host]     : .NET 10.0.5 (10.0.5, 10.0.526.15411), X64 RyuJIT x86-64-v3
  DefaultJob : .NET 10.0.5 (10.0.5, 10.0.526.15411), X64 RyuJIT x86-64-v3


| Method             | NumAtoms | Mean       | Error       | StdDev      | Median     | Rank | Allocated |
|------------------- |--------- |-----------:|------------:|------------:|-----------:|-----:|----------:|
| CalculateIteration | 500      |   120.2 μs |     0.69 μs |     0.58 μs |   120.2 μs |    1 |         - |
| CalculateIteration | 1000     | 8,717.5 μs | 2,996.71 μs | 8,203.44 μs | 5,146.5 μs |    2 |         - |

// * Warnings *
MinIterationTime
  SimulationBenchmarks.CalculateIteration: Default -> The minimum observed iteration time is 600.2μs which is very small. It's recommended to increase it to at least 100ms using more operations.

// * Hints *
Outliers
  SimulationBenchmarks.CalculateIteration: Default -> 2 outliers were removed, 3 outliers were detected (118.98 μs, 121.78 μs, 123.08 μs)
  SimulationBenchmarks.CalculateIteration: Default -> 13 outliers were removed (38.26 ms..110.86 ms)

// * Legends *
  NumAtoms  : Value of the 'NumAtoms' parameter
  Mean      : Arithmetic mean of all measurements
  Error     : Half of 99.9% confidence interval
  StdDev    : Standard deviation of all measurements
  Median    : Value separating the higher half of all measurements (50th percentile)
  Rank      : Relative position of current benchmark mean among all benchmarks (Arabic style)
  Allocated : Allocated memory per single operation (managed only, inclusive, 1KB = 1024B)
  1 μs      : 1 Microsecond (0.000001 sec)

// * Diagnostic Output - MemoryDiagnoser *


// ***** BenchmarkRunner: End *****
Run time: 00:00:39 (39.56 sec), executed benchmarks: 2

Global total time: 00:00:50 (50.48 sec), executed benchmarks: 2
// * Artifacts cleanup *
Artifacts cleanup is finished
