// Validating benchmarks:
// ***** BenchmarkRunner: Start   *****
// ***** Found 2 benchmark(s) in total *****
// ***** Building 1 exe(s) in Parallel: Start   *****
// start dotnet  restore --nodeReuse:false /p:UseSharedCompilation=false /p:Deterministic=true /p:Optimize=true /p:ArtifactsPath="C:\Users\borde\Desktop\Programming\Backend\WPF\GasSimulation\GasSimulation.Benchmarks\bin\Release\net10.0-windows\GasSimulation.Benchmarks-1/" /p:OutDir="C:\Users\borde\Desktop\Programming\Backend\WPF\GasSimulation\GasSimulation.Benchmarks\bin\Release\net10.0-windows\GasSimulation.Benchmarks-1\bin\Release\net10.0-Windows7.0/" /p:OutputPath="C:\Users\borde\Desktop\Programming\Backend\WPF\GasSimulation\GasSimulation.Benchmarks\bin\Release\net10.0-windows\GasSimulation.Benchmarks-1\bin\Release\net10.0-Windows7.0/" /p:PublishDir="C:\Users\borde\Desktop\Programming\Backend\WPF\GasSimulation\GasSimulation.Benchmarks\bin\Release\net10.0-windows\GasSimulation.Benchmarks-1\publish/" in C:\Users\borde\Desktop\Programming\Backend\WPF\GasSimulation\GasSimulation.Benchmarks\bin\Release\net10.0-windows\GasSimulation.Benchmarks-1
// command took 1.15 sec and exited with 0
// start dotnet  build -c Release --no-restore --nodeReuse:false /p:UseSharedCompilation=false /p:Deterministic=true /p:Optimize=true /p:ArtifactsPath="C:\Users\borde\Desktop\Programming\Backend\WPF\GasSimulation\GasSimulation.Benchmarks\bin\Release\net10.0-windows\GasSimulation.Benchmarks-1/" /p:OutDir="C:\Users\borde\Desktop\Programming\Backend\WPF\GasSimulation\GasSimulation.Benchmarks\bin\Release\net10.0-windows\GasSimulation.Benchmarks-1\bin\Release\net10.0-Windows7.0/" /p:OutputPath="C:\Users\borde\Desktop\Programming\Backend\WPF\GasSimulation\GasSimulation.Benchmarks\bin\Release\net10.0-windows\GasSimulation.Benchmarks-1\bin\Release\net10.0-Windows7.0/" /p:PublishDir="C:\Users\borde\Desktop\Programming\Backend\WPF\GasSimulation\GasSimulation.Benchmarks\bin\Release\net10.0-windows\GasSimulation.Benchmarks-1\publish/" --output "C:\Users\borde\Desktop\Programming\Backend\WPF\GasSimulation\GasSimulation.Benchmarks\bin\Release\net10.0-windows\GasSimulation.Benchmarks-1\bin\Release\net10.0-Windows7.0/" in C:\Users\borde\Desktop\Programming\Backend\WPF\GasSimulation\GasSimulation.Benchmarks\bin\Release\net10.0-windows\GasSimulation.Benchmarks-1
// command took 8.76 sec and exited with 0
// ***** Done, took 00:00:09 (9.96 sec)   *****
// Found 2 benchmarks:
//   SimulationBenchmarks.CalculateIteration: DefaultJob [NumAtoms=500]
//   SimulationBenchmarks.CalculateIteration: DefaultJob [NumAtoms=1000]

Setup power plan (GUID: 8c5e7fda-e8bf-4a96-9a85-a6e23a8c635c FriendlyName: High performance)
// **************************
// Benchmark: SimulationBenchmarks.CalculateIteration: DefaultJob [NumAtoms=500]
// *** Execute ***
// Launch: 1 / 1
// Execute: dotnet GasSimulation.Benchmarks-1.dll --anonymousPipes 1444 1476 --benchmarkName "GasSimulation.Benchmarks.Benchmarks.SimulationBenchmarks.CalculateIteration(NumAtoms: 500)" --job Default --benchmarkId 0 in C:\Users\borde\Desktop\Programming\Backend\WPF\GasSimulation\GasSimulation.Benchmarks\bin\Release\net10.0-windows\GasSimulation.Benchmarks-1\bin\Release\net10.0-Windows7.0
// BeforeAnythingElse

// Benchmark Process Environment Information:
// BenchmarkDotNet v0.15.8
// Runtime=.NET 10.0.5 (10.0.5, 10.0.526.15411), X64 RyuJIT x86-64-v3
// GC=Concurrent Workstation
// HardwareIntrinsics=AVX2+BMI1+BMI2+F16C+FMA+LZCNT+MOVBE,AVX,SSE3+SSSE3+SSE4.1+SSE4.2+POPCNT,X86Base+SSE+SSE2,AES+PCLMUL VectorSize=256
// Job: DefaultJob

OverheadJitting  1: 1 op, 131400.00 ns, 131.4000 us/op
WorkloadJitting  1: 1 op, 249141800.00 ns, 249.1418 ms/op

WorkloadPilot    1: 2 op, 83448700.00 ns, 41.7244 ms/op
WorkloadPilot    2: 3 op, 105176300.00 ns, 35.0588 ms/op
WorkloadPilot    3: 4 op, 107809500.00 ns, 26.9524 ms/op
WorkloadPilot    4: 5 op, 91125500.00 ns, 18.2251 ms/op
WorkloadPilot    5: 6 op, 84734500.00 ns, 14.1224 ms/op
WorkloadPilot    6: 7 op, 60052600.00 ns, 8.5789 ms/op
WorkloadPilot    7: 8 op, 39618800.00 ns, 4.9524 ms/op
WorkloadPilot    8: 9 op, 25645900.00 ns, 2.8495 ms/op
WorkloadPilot    9: 10 op, 18059800.00 ns, 1.8060 ms/op
WorkloadPilot   10: 11 op, 14667400.00 ns, 1.3334 ms/op
WorkloadPilot   11: 12 op, 10616400.00 ns, 884.7000 us/op
WorkloadPilot   12: 13 op, 7603600.00 ns, 584.8923 us/op
WorkloadPilot   13: 14 op, 4627400.00 ns, 330.5286 us/op
WorkloadPilot   14: 15 op, 4270900.00 ns, 284.7267 us/op
WorkloadPilot   15: 16 op, 3429200.00 ns, 214.3250 us/op
WorkloadPilot   16: 32 op, 6851700.00 ns, 214.1156 us/op
WorkloadPilot   17: 64 op, 10366100.00 ns, 161.9703 us/op
WorkloadPilot   18: 128 op, 18051600.00 ns, 141.0281 us/op
WorkloadPilot   19: 256 op, 33357400.00 ns, 130.3023 us/op
WorkloadPilot   20: 512 op, 63484000.00 ns, 123.9922 us/op
WorkloadPilot   21: 1024 op, 124736400.00 ns, 121.8129 us/op
WorkloadPilot   22: 2048 op, 247442300.00 ns, 120.8214 us/op
WorkloadPilot   23: 4096 op, 494594800.00 ns, 120.7507 us/op
WorkloadPilot   24: 8192 op, 989940900.00 ns, 120.8424 us/op

WorkloadWarmup   1: 8192 op, 984295400.00 ns, 120.1532 us/op
WorkloadWarmup   2: 8192 op, 988883900.00 ns, 120.7134 us/op
WorkloadWarmup   3: 8192 op, 1003224900.00 ns, 122.4640 us/op
WorkloadWarmup   4: 8192 op, 1013304800.00 ns, 123.6944 us/op
WorkloadWarmup   5: 8192 op, 990644300.00 ns, 120.9283 us/op
WorkloadWarmup   6: 8192 op, 987331100.00 ns, 120.5238 us/op
WorkloadWarmup   7: 8192 op, 989915400.00 ns, 120.8393 us/op
WorkloadWarmup   8: 8192 op, 998117500.00 ns, 121.8405 us/op
WorkloadWarmup   9: 8192 op, 1001874800.00 ns, 122.2992 us/op
WorkloadWarmup  10: 8192 op, 988761100.00 ns, 120.6984 us/op

// BeforeActualRun
WorkloadActual   1: 8192 op, 982877800.00 ns, 119.9802 us/op
WorkloadActual   2: 8192 op, 982408900.00 ns, 119.9230 us/op
WorkloadActual   3: 8192 op, 984208700.00 ns, 120.1427 us/op
WorkloadActual   4: 8192 op, 983953400.00 ns, 120.1115 us/op
WorkloadActual   5: 8192 op, 983149300.00 ns, 120.0133 us/op
WorkloadActual   6: 8192 op, 992202700.00 ns, 121.1185 us/op
WorkloadActual   7: 8192 op, 991838000.00 ns, 121.0740 us/op
WorkloadActual   8: 8192 op, 990761300.00 ns, 120.9425 us/op
WorkloadActual   9: 8192 op, 989698400.00 ns, 120.8128 us/op
WorkloadActual  10: 8192 op, 983793600.00 ns, 120.0920 us/op
WorkloadActual  11: 8192 op, 995672100.00 ns, 121.5420 us/op
WorkloadActual  12: 8192 op, 984494500.00 ns, 120.1776 us/op
WorkloadActual  13: 8192 op, 981240500.00 ns, 119.7803 us/op
WorkloadActual  14: 8192 op, 987098900.00 ns, 120.4955 us/op
WorkloadActual  15: 8192 op, 989550300.00 ns, 120.7947 us/op

// AfterActualRun
WorkloadResult   1: 8192 op, 982877800.00 ns, 119.9802 us/op
WorkloadResult   2: 8192 op, 982408900.00 ns, 119.9230 us/op
WorkloadResult   3: 8192 op, 984208700.00 ns, 120.1427 us/op
WorkloadResult   4: 8192 op, 983953400.00 ns, 120.1115 us/op
WorkloadResult   5: 8192 op, 983149300.00 ns, 120.0133 us/op
WorkloadResult   6: 8192 op, 992202700.00 ns, 121.1185 us/op
WorkloadResult   7: 8192 op, 991838000.00 ns, 121.0740 us/op
WorkloadResult   8: 8192 op, 990761300.00 ns, 120.9425 us/op
WorkloadResult   9: 8192 op, 989698400.00 ns, 120.8128 us/op
WorkloadResult  10: 8192 op, 983793600.00 ns, 120.0920 us/op
WorkloadResult  11: 8192 op, 995672100.00 ns, 121.5420 us/op
WorkloadResult  12: 8192 op, 984494500.00 ns, 120.1776 us/op
WorkloadResult  13: 8192 op, 981240500.00 ns, 119.7803 us/op
WorkloadResult  14: 8192 op, 987098900.00 ns, 120.4955 us/op
WorkloadResult  15: 8192 op, 989550300.00 ns, 120.7947 us/op
// GC:  0 0 0 0 8192
// Threading:  0 0 8192

// AfterAll
// Benchmark Process 57712 has exited with code 0.

Mean = 120.467 μs, StdErr = 0.139 μs (0.12%), N = 15, StdDev = 0.539 μs
Min = 119.780 μs, Q1 = 120.053 μs, Median = 120.178 μs, Q3 = 120.878 μs, Max = 121.542 μs
IQR = 0.825 μs, LowerFence = 118.815 μs, UpperFence = 122.115 μs
ConfidenceInterval = [119.890 μs; 121.043 μs] (CI 99.9%), Margin = 0.576 μs (0.48% of Mean)
Skewness = 0.46, Kurtosis = 1.73, MValue = 2

// ** Remained 1 (50.0%) benchmark(s) to run. Estimated finish 2026-05-04 16:27 (0h 0m from now) **
Setup power plan (GUID: 8c5e7fda-e8bf-4a96-9a85-a6e23a8c635c FriendlyName: High performance)
// **************************
// Benchmark: SimulationBenchmarks.CalculateIteration: DefaultJob [NumAtoms=1000]
// *** Execute ***
// Launch: 1 / 1
// Execute: dotnet GasSimulation.Benchmarks-1.dll --anonymousPipes 1496 1500 --benchmarkName "GasSimulation.Benchmarks.Benchmarks.SimulationBenchmarks.CalculateIteration(NumAtoms: 1000)" --job Default --benchmarkId 1 in C:\Users\borde\Desktop\Programming\Backend\WPF\GasSimulation\GasSimulation.Benchmarks\bin\Release\net10.0-windows\GasSimulation.Benchmarks-1\bin\Release\net10.0-Windows7.0
// BeforeAnythingElse

// Benchmark Process Environment Information:
// BenchmarkDotNet v0.15.8
// Runtime=.NET 10.0.5 (10.0.5, 10.0.526.15411), X64 RyuJIT x86-64-v3
// GC=Concurrent Workstation
// HardwareIntrinsics=AVX2+BMI1+BMI2+F16C+FMA+LZCNT+MOVBE,AVX,SSE3+SSSE3+SSE4.1+SSE4.2+POPCNT,X86Base+SSE+SSE2,AES+PCLMUL VectorSize=256
// Job: DefaultJob

OverheadJitting  1: 1 op, 133300.00 ns, 133.3000 us/op
WorkloadJitting  1: 1 op, 1578700400.00 ns, 1.5787 s/op

OverheadJitting  2: 1 op, 700.00 ns, 700.0000 ns/op
WorkloadJitting  2: 1 op, 1047879100.00 ns, 1.0479 s/op

WorkloadWarmup   1: 1 op, 993594600.00 ns, 993.5946 ms/op
WorkloadWarmup   2: 1 op, 878337000.00 ns, 878.3370 ms/op
WorkloadWarmup   3: 1 op, 755778500.00 ns, 755.7785 ms/op
WorkloadWarmup   4: 1 op, 667584200.00 ns, 667.5842 ms/op
WorkloadWarmup   5: 1 op, 564624100.00 ns, 564.6241 ms/op
WorkloadWarmup   6: 1 op, 497176800.00 ns, 497.1768 ms/op
WorkloadWarmup   7: 1 op, 393317700.00 ns, 393.3177 ms/op
WorkloadWarmup   8: 1 op, 349365700.00 ns, 349.3657 ms/op
WorkloadWarmup   9: 1 op, 300977400.00 ns, 300.9774 ms/op
WorkloadWarmup  10: 1 op, 271962000.00 ns, 271.9620 ms/op
WorkloadWarmup  11: 1 op, 230606600.00 ns, 230.6066 ms/op
WorkloadWarmup  12: 1 op, 178031600.00 ns, 178.0316 ms/op
WorkloadWarmup  13: 1 op, 160527200.00 ns, 160.5272 ms/op
WorkloadWarmup  14: 1 op, 147502300.00 ns, 147.5023 ms/op
WorkloadWarmup  15: 1 op, 113193400.00 ns, 113.1934 ms/op
WorkloadWarmup  16: 1 op, 124335400.00 ns, 124.3354 ms/op
WorkloadWarmup  17: 1 op, 98155700.00 ns, 98.1557 ms/op
WorkloadWarmup  18: 1 op, 98907200.00 ns, 98.9072 ms/op
WorkloadWarmup  19: 1 op, 95690900.00 ns, 95.6909 ms/op

// BeforeActualRun
WorkloadActual   1: 1 op, 89974300.00 ns, 89.9743 ms/op
WorkloadActual   2: 1 op, 70557400.00 ns, 70.5574 ms/op
WorkloadActual   3: 1 op, 81752300.00 ns, 81.7523 ms/op
WorkloadActual   4: 1 op, 63216600.00 ns, 63.2166 ms/op
WorkloadActual   5: 1 op, 75068000.00 ns, 75.0680 ms/op
WorkloadActual   6: 1 op, 50041500.00 ns, 50.0415 ms/op
WorkloadActual   7: 1 op, 46064200.00 ns, 46.0642 ms/op
WorkloadActual   8: 1 op, 51694000.00 ns, 51.6940 ms/op
WorkloadActual   9: 1 op, 42997900.00 ns, 42.9979 ms/op
WorkloadActual  10: 1 op, 49036800.00 ns, 49.0368 ms/op
WorkloadActual  11: 1 op, 38096000.00 ns, 38.0960 ms/op
WorkloadActual  12: 1 op, 35461000.00 ns, 35.4610 ms/op
WorkloadActual  13: 1 op, 43835300.00 ns, 43.8353 ms/op
WorkloadActual  14: 1 op, 38812900.00 ns, 38.8129 ms/op
WorkloadActual  15: 1 op, 30289000.00 ns, 30.2890 ms/op
WorkloadActual  16: 1 op, 22957100.00 ns, 22.9571 ms/op
WorkloadActual  17: 1 op, 22703700.00 ns, 22.7037 ms/op
WorkloadActual  18: 1 op, 22803400.00 ns, 22.8034 ms/op
WorkloadActual  19: 1 op, 27535700.00 ns, 27.5357 ms/op
WorkloadActual  20: 1 op, 30399400.00 ns, 30.3994 ms/op
WorkloadActual  21: 1 op, 22730800.00 ns, 22.7308 ms/op
WorkloadActual  22: 1 op, 19274700.00 ns, 19.2747 ms/op
WorkloadActual  23: 1 op, 17865900.00 ns, 17.8659 ms/op
WorkloadActual  24: 1 op, 15779000.00 ns, 15.7790 ms/op
WorkloadActual  25: 1 op, 15926900.00 ns, 15.9269 ms/op
WorkloadActual  26: 1 op, 18768400.00 ns, 18.7684 ms/op
WorkloadActual  27: 1 op, 18414400.00 ns, 18.4144 ms/op
WorkloadActual  28: 1 op, 10085100.00 ns, 10.0851 ms/op
WorkloadActual  29: 1 op, 12480300.00 ns, 12.4803 ms/op
WorkloadActual  30: 1 op, 13481900.00 ns, 13.4819 ms/op
WorkloadActual  31: 1 op, 13025000.00 ns, 13.0250 ms/op
WorkloadActual  32: 1 op, 17465700.00 ns, 17.4657 ms/op
WorkloadActual  33: 1 op, 8662700.00 ns, 8.6627 ms/op
WorkloadActual  34: 1 op, 9909100.00 ns, 9.9091 ms/op
WorkloadActual  35: 1 op, 8157900.00 ns, 8.1579 ms/op
WorkloadActual  36: 1 op, 10651100.00 ns, 10.6511 ms/op
WorkloadActual  37: 1 op, 12568400.00 ns, 12.5684 ms/op
WorkloadActual  38: 1 op, 10671900.00 ns, 10.6719 ms/op
WorkloadActual  39: 1 op, 7778800.00 ns, 7.7788 ms/op
WorkloadActual  40: 1 op, 10398200.00 ns, 10.3982 ms/op
WorkloadActual  41: 1 op, 7826400.00 ns, 7.8264 ms/op
WorkloadActual  42: 1 op, 6835700.00 ns, 6.8357 ms/op
WorkloadActual  43: 1 op, 7059800.00 ns, 7.0598 ms/op
WorkloadActual  44: 1 op, 9015600.00 ns, 9.0156 ms/op
WorkloadActual  45: 1 op, 6743100.00 ns, 6.7431 ms/op
WorkloadActual  46: 1 op, 5467900.00 ns, 5.4679 ms/op
WorkloadActual  47: 1 op, 11902000.00 ns, 11.9020 ms/op
WorkloadActual  48: 1 op, 4138700.00 ns, 4.1387 ms/op
WorkloadActual  49: 1 op, 8177000.00 ns, 8.1770 ms/op
WorkloadActual  50: 1 op, 4825300.00 ns, 4.8253 ms/op
WorkloadActual  51: 1 op, 4753300.00 ns, 4.7533 ms/op
WorkloadActual  52: 1 op, 4073400.00 ns, 4.0734 ms/op
WorkloadActual  53: 1 op, 4866500.00 ns, 4.8665 ms/op
WorkloadActual  54: 1 op, 5901800.00 ns, 5.9018 ms/op
WorkloadActual  55: 1 op, 2778100.00 ns, 2.7781 ms/op
WorkloadActual  56: 1 op, 8745900.00 ns, 8.7459 ms/op
WorkloadActual  57: 1 op, 4777200.00 ns, 4.7772 ms/op
WorkloadActual  58: 1 op, 2965000.00 ns, 2.9650 ms/op
WorkloadActual  59: 1 op, 1767500.00 ns, 1.7675 ms/op
WorkloadActual  60: 1 op, 4705900.00 ns, 4.7059 ms/op
WorkloadActual  61: 1 op, 2949600.00 ns, 2.9496 ms/op
WorkloadActual  62: 1 op, 7034900.00 ns, 7.0349 ms/op
WorkloadActual  63: 1 op, 5844700.00 ns, 5.8447 ms/op
WorkloadActual  64: 1 op, 2620800.00 ns, 2.6208 ms/op
WorkloadActual  65: 1 op, 4174800.00 ns, 4.1748 ms/op
WorkloadActual  66: 1 op, 3470400.00 ns, 3.4704 ms/op
WorkloadActual  67: 1 op, 3465300.00 ns, 3.4653 ms/op
WorkloadActual  68: 1 op, 1749100.00 ns, 1.7491 ms/op
WorkloadActual  69: 1 op, 4627700.00 ns, 4.6277 ms/op
WorkloadActual  70: 1 op, 3480700.00 ns, 3.4807 ms/op
WorkloadActual  71: 1 op, 2303700.00 ns, 2.3037 ms/op
WorkloadActual  72: 1 op, 4206600.00 ns, 4.2066 ms/op
WorkloadActual  73: 1 op, 1718900.00 ns, 1.7189 ms/op
WorkloadActual  74: 1 op, 3111400.00 ns, 3.1114 ms/op
WorkloadActual  75: 1 op, 3177200.00 ns, 3.1772 ms/op
WorkloadActual  76: 1 op, 2854000.00 ns, 2.8540 ms/op
WorkloadActual  77: 1 op, 1753300.00 ns, 1.7533 ms/op
WorkloadActual  78: 1 op, 2059200.00 ns, 2.0592 ms/op
WorkloadActual  79: 1 op, 2529800.00 ns, 2.5298 ms/op
WorkloadActual  80: 1 op, 3042000.00 ns, 3.0420 ms/op
WorkloadActual  81: 1 op, 3200700.00 ns, 3.2007 ms/op
WorkloadActual  82: 1 op, 2266100.00 ns, 2.2661 ms/op
WorkloadActual  83: 1 op, 2254900.00 ns, 2.2549 ms/op
WorkloadActual  84: 1 op, 1943000.00 ns, 1.9430 ms/op
WorkloadActual  85: 1 op, 1901500.00 ns, 1.9015 ms/op
WorkloadActual  86: 1 op, 2899300.00 ns, 2.8993 ms/op
WorkloadActual  87: 1 op, 1128300.00 ns, 1.1283 ms/op
WorkloadActual  88: 1 op, 1746500.00 ns, 1.7465 ms/op
WorkloadActual  89: 1 op, 1968800.00 ns, 1.9688 ms/op
WorkloadActual  90: 1 op, 3587800.00 ns, 3.5878 ms/op
WorkloadActual  91: 1 op, 4204500.00 ns, 4.2045 ms/op
WorkloadActual  92: 1 op, 1114600.00 ns, 1.1146 ms/op
WorkloadActual  93: 1 op, 808500.00 ns, 808.5000 us/op
WorkloadActual  94: 1 op, 554400.00 ns, 554.4000 us/op
WorkloadActual  95: 1 op, 3370600.00 ns, 3.3706 ms/op
WorkloadActual  96: 1 op, 1673800.00 ns, 1.6738 ms/op
WorkloadActual  97: 1 op, 1530900.00 ns, 1.5309 ms/op
WorkloadActual  98: 1 op, 3205900.00 ns, 3.2059 ms/op
WorkloadActual  99: 1 op, 2820500.00 ns, 2.8205 ms/op
WorkloadActual  100: 1 op, 3017000.00 ns, 3.0170 ms/op

// AfterActualRun
WorkloadResult   1: 1 op, 38096000.00 ns, 38.0960 ms/op
WorkloadResult   2: 1 op, 35461000.00 ns, 35.4610 ms/op
WorkloadResult   3: 1 op, 38812900.00 ns, 38.8129 ms/op
WorkloadResult   4: 1 op, 30289000.00 ns, 30.2890 ms/op
WorkloadResult   5: 1 op, 22957100.00 ns, 22.9571 ms/op
WorkloadResult   6: 1 op, 22703700.00 ns, 22.7037 ms/op
WorkloadResult   7: 1 op, 22803400.00 ns, 22.8034 ms/op
WorkloadResult   8: 1 op, 27535700.00 ns, 27.5357 ms/op
WorkloadResult   9: 1 op, 30399400.00 ns, 30.3994 ms/op
WorkloadResult  10: 1 op, 22730800.00 ns, 22.7308 ms/op
WorkloadResult  11: 1 op, 19274700.00 ns, 19.2747 ms/op
WorkloadResult  12: 1 op, 17865900.00 ns, 17.8659 ms/op
WorkloadResult  13: 1 op, 15779000.00 ns, 15.7790 ms/op
WorkloadResult  14: 1 op, 15926900.00 ns, 15.9269 ms/op
WorkloadResult  15: 1 op, 18768400.00 ns, 18.7684 ms/op
WorkloadResult  16: 1 op, 18414400.00 ns, 18.4144 ms/op
WorkloadResult  17: 1 op, 10085100.00 ns, 10.0851 ms/op
WorkloadResult  18: 1 op, 12480300.00 ns, 12.4803 ms/op
WorkloadResult  19: 1 op, 13481900.00 ns, 13.4819 ms/op
WorkloadResult  20: 1 op, 13025000.00 ns, 13.0250 ms/op
WorkloadResult  21: 1 op, 17465700.00 ns, 17.4657 ms/op
WorkloadResult  22: 1 op, 8662700.00 ns, 8.6627 ms/op
WorkloadResult  23: 1 op, 9909100.00 ns, 9.9091 ms/op
WorkloadResult  24: 1 op, 8157900.00 ns, 8.1579 ms/op
WorkloadResult  25: 1 op, 10651100.00 ns, 10.6511 ms/op
WorkloadResult  26: 1 op, 12568400.00 ns, 12.5684 ms/op
WorkloadResult  27: 1 op, 10671900.00 ns, 10.6719 ms/op
WorkloadResult  28: 1 op, 7778800.00 ns, 7.7788 ms/op
WorkloadResult  29: 1 op, 10398200.00 ns, 10.3982 ms/op
WorkloadResult  30: 1 op, 7826400.00 ns, 7.8264 ms/op
WorkloadResult  31: 1 op, 6835700.00 ns, 6.8357 ms/op
WorkloadResult  32: 1 op, 7059800.00 ns, 7.0598 ms/op
WorkloadResult  33: 1 op, 9015600.00 ns, 9.0156 ms/op
WorkloadResult  34: 1 op, 6743100.00 ns, 6.7431 ms/op
WorkloadResult  35: 1 op, 5467900.00 ns, 5.4679 ms/op
WorkloadResult  36: 1 op, 11902000.00 ns, 11.9020 ms/op
WorkloadResult  37: 1 op, 4138700.00 ns, 4.1387 ms/op
WorkloadResult  38: 1 op, 8177000.00 ns, 8.1770 ms/op
WorkloadResult  39: 1 op, 4825300.00 ns, 4.8253 ms/op
WorkloadResult  40: 1 op, 4753300.00 ns, 4.7533 ms/op
WorkloadResult  41: 1 op, 4073400.00 ns, 4.0734 ms/op
WorkloadResult  42: 1 op, 4866500.00 ns, 4.8665 ms/op
WorkloadResult  43: 1 op, 5901800.00 ns, 5.9018 ms/op
WorkloadResult  44: 1 op, 2778100.00 ns, 2.7781 ms/op
WorkloadResult  45: 1 op, 8745900.00 ns, 8.7459 ms/op
WorkloadResult  46: 1 op, 4777200.00 ns, 4.7772 ms/op
WorkloadResult  47: 1 op, 2965000.00 ns, 2.9650 ms/op
WorkloadResult  48: 1 op, 1767500.00 ns, 1.7675 ms/op
WorkloadResult  49: 1 op, 4705900.00 ns, 4.7059 ms/op
WorkloadResult  50: 1 op, 2949600.00 ns, 2.9496 ms/op
WorkloadResult  51: 1 op, 7034900.00 ns, 7.0349 ms/op
WorkloadResult  52: 1 op, 5844700.00 ns, 5.8447 ms/op
WorkloadResult  53: 1 op, 2620800.00 ns, 2.6208 ms/op
WorkloadResult  54: 1 op, 4174800.00 ns, 4.1748 ms/op
WorkloadResult  55: 1 op, 3470400.00 ns, 3.4704 ms/op
WorkloadResult  56: 1 op, 3465300.00 ns, 3.4653 ms/op
WorkloadResult  57: 1 op, 1749100.00 ns, 1.7491 ms/op
WorkloadResult  58: 1 op, 4627700.00 ns, 4.6277 ms/op
WorkloadResult  59: 1 op, 3480700.00 ns, 3.4807 ms/op
WorkloadResult  60: 1 op, 2303700.00 ns, 2.3037 ms/op
WorkloadResult  61: 1 op, 4206600.00 ns, 4.2066 ms/op
WorkloadResult  62: 1 op, 1718900.00 ns, 1.7189 ms/op
WorkloadResult  63: 1 op, 3111400.00 ns, 3.1114 ms/op
WorkloadResult  64: 1 op, 3177200.00 ns, 3.1772 ms/op
WorkloadResult  65: 1 op, 2854000.00 ns, 2.8540 ms/op
WorkloadResult  66: 1 op, 1753300.00 ns, 1.7533 ms/op
WorkloadResult  67: 1 op, 2059200.00 ns, 2.0592 ms/op
WorkloadResult  68: 1 op, 2529800.00 ns, 2.5298 ms/op
WorkloadResult  69: 1 op, 3042000.00 ns, 3.0420 ms/op
WorkloadResult  70: 1 op, 3200700.00 ns, 3.2007 ms/op
WorkloadResult  71: 1 op, 2266100.00 ns, 2.2661 ms/op
WorkloadResult  72: 1 op, 2254900.00 ns, 2.2549 ms/op
WorkloadResult  73: 1 op, 1943000.00 ns, 1.9430 ms/op
WorkloadResult  74: 1 op, 1901500.00 ns, 1.9015 ms/op
WorkloadResult  75: 1 op, 2899300.00 ns, 2.8993 ms/op
WorkloadResult  76: 1 op, 1128300.00 ns, 1.1283 ms/op
WorkloadResult  77: 1 op, 1746500.00 ns, 1.7465 ms/op
WorkloadResult  78: 1 op, 1968800.00 ns, 1.9688 ms/op
WorkloadResult  79: 1 op, 3587800.00 ns, 3.5878 ms/op
WorkloadResult  80: 1 op, 4204500.00 ns, 4.2045 ms/op
WorkloadResult  81: 1 op, 1114600.00 ns, 1.1146 ms/op
WorkloadResult  82: 1 op, 808500.00 ns, 808.5000 us/op
WorkloadResult  83: 1 op, 554400.00 ns, 554.4000 us/op
WorkloadResult  84: 1 op, 3370600.00 ns, 3.3706 ms/op
WorkloadResult  85: 1 op, 1673800.00 ns, 1.6738 ms/op
WorkloadResult  86: 1 op, 1530900.00 ns, 1.5309 ms/op
WorkloadResult  87: 1 op, 3205900.00 ns, 3.2059 ms/op
WorkloadResult  88: 1 op, 2820500.00 ns, 2.8205 ms/op
WorkloadResult  89: 1 op, 3017000.00 ns, 3.0170 ms/op
// GC:  0 0 0 144 1
// Threading:  0 0 1

// AfterAll
// Benchmark Process 57388 has exited with code 0.

Mean = 8.672 ms, StdErr = 0.943 ms (10.88%), N = 89, StdDev = 8.900 ms
Min = 0.554 ms, Q1 = 2.854 ms, Median = 4.753 ms, Q3 = 10.672 ms, Max = 38.813 ms
IQR = 7.818 ms, LowerFence = -8.873 ms, UpperFence = 22.399 ms
ConfidenceInterval = [5.461 ms; 11.884 ms] (CI 99.9%), Margin = 3.212 ms (37.03% of Mean)
Skewness = 1.68, Kurtosis = 5.26, MValue = 2.16

// ** Remained 0 (0.0%) benchmark(s) to run. Estimated finish 2026-05-04 16:27 (0h 0m from now) **
Successfully reverted power plan (GUID: 8c5e7fda-e8bf-4a96-9a85-a6e23a8c635c FriendlyName: High performance)
// ***** BenchmarkRunner: Finish  *****

// * Export *
  BenchmarkDotNet.Artifacts\results\GasSimulation.Benchmarks.Benchmarks.SimulationBenchmarks-report.csv
  BenchmarkDotNet.Artifacts\results\GasSimulation.Benchmarks.Benchmarks.SimulationBenchmarks-report-github.md
  BenchmarkDotNet.Artifacts\results\GasSimulation.Benchmarks.Benchmarks.SimulationBenchmarks-report.html

// * Detailed results *
SimulationBenchmarks.CalculateIteration: DefaultJob [NumAtoms=500]
Runtime = .NET 10.0.5 (10.0.5, 10.0.526.15411), X64 RyuJIT x86-64-v3; GC = Concurrent Workstation
Mean = 120.467 μs, StdErr = 0.139 μs (0.12%), N = 15, StdDev = 0.539 μs
Min = 119.780 μs, Q1 = 120.053 μs, Median = 120.178 μs, Q3 = 120.878 μs, Max = 121.542 μs
IQR = 0.825 μs, LowerFence = 118.815 μs, UpperFence = 122.115 μs
ConfidenceInterval = [119.890 μs; 121.043 μs] (CI 99.9%), Margin = 0.576 μs (0.48% of Mean)
Skewness = 0.46, Kurtosis = 1.73, MValue = 2
-------------------- Histogram --------------------
[119.493 μs ; 121.829 μs) | @@@@@@@@@@@@@@@
---------------------------------------------------

SimulationBenchmarks.CalculateIteration: DefaultJob [NumAtoms=1000]
Runtime = .NET 10.0.5 (10.0.5, 10.0.526.15411), X64 RyuJIT x86-64-v3; GC = Concurrent Workstation
Mean = 8.672 ms, StdErr = 0.943 ms (10.88%), N = 89, StdDev = 8.900 ms
Min = 0.554 ms, Q1 = 2.854 ms, Median = 4.753 ms, Q3 = 10.672 ms, Max = 38.813 ms
IQR = 7.818 ms, LowerFence = -8.873 ms, UpperFence = 22.399 ms
ConfidenceInterval = [5.461 ms; 11.884 ms] (CI 99.9%), Margin = 3.212 ms (37.03% of Mean)
Skewness = 1.68, Kurtosis = 5.26, MValue = 2.16
-------------------- Histogram --------------------
[ 0.554 ms ;  0.739 ms) | @
[ 0.739 ms ;  5.971 ms) | @@@@@@@@@@@@@@@@@@@@@@@@@@@@@@@@@@@@@@@@@@@@@@@@@@
[ 5.971 ms ; 11.939 ms) | @@@@@@@@@@@@@@@@@
[11.939 ms ; 17.795 ms) | @@@@@@@
[17.795 ms ; 23.028 ms) | @@@@@@@@
[23.028 ms ; 26.351 ms) | 
[26.351 ms ; 31.584 ms) | @@@
[31.584 ms ; 34.521 ms) | 
[34.521 ms ; 39.753 ms) | @@@
---------------------------------------------------

// * Summary *

BenchmarkDotNet v0.15.8, Windows 11 (10.0.26200.8246/25H2/2025Update/HudsonValley2)
AMD Ryzen 5 7535HS with Radeon Graphics 3.30GHz, 1 CPU, 12 logical and 6 physical cores
.NET SDK 10.0.300-preview.0.26177.108
  [Host]     : .NET 10.0.5 (10.0.5, 10.0.526.15411), X64 RyuJIT x86-64-v3
  DefaultJob : .NET 10.0.5 (10.0.5, 10.0.526.15411), X64 RyuJIT x86-64-v3


| Method             | NumAtoms | Mean       | Error       | StdDev      | Median     | Rank | Allocated |
|------------------- |--------- |-----------:|------------:|------------:|-----------:|-----:|----------:|
| CalculateIteration | 500      |   120.5 μs |     0.58 μs |     0.54 μs |   120.2 μs |    1 |         - |
| CalculateIteration | 1000     | 8,672.5 μs | 3,211.73 μs | 8,899.69 μs | 4,753.3 μs |    2 |     144 B |

// * Warnings *
MinIterationTime
  SimulationBenchmarks.CalculateIteration: Default -> The minimum observed iteration time is 554.4μs which is very small. It's recommended to increase it to at least 100ms using more operations.

// * Hints *
Outliers
  SimulationBenchmarks.CalculateIteration: Default -> 11 outliers were removed (43.00 ms..89.97 ms)

// * Legends *
  NumAtoms  : Value of the 'NumAtoms' parameter
  Mean      : Arithmetic mean of all measurements
  Error     : Half of 99.9% confidence interval
  StdDev    : Standard deviation of all measurements
  Median    : Value separating the higher half of all measurements (50th percentile)
  Rank      : Relative position of current benchmark mean among all benchmarks (Arabic style)
  Allocated : Allocated memory per single operation (managed only, inclusive, 1KB = 1024B)
  1 μs      : 1 Microsecond (0.000001 sec)

// * Diagnostic Output - MemoryDiagnoser *


// ***** BenchmarkRunner: End *****
Run time: 00:00:40 (40.78 sec), executed benchmarks: 2

Global total time: 00:00:51 (51.32 sec), executed benchmarks: 2
// * Artifacts cleanup *
Artifacts cleanup is finished
