// Validating benchmarks:
// ***** BenchmarkRunner: Start   *****
// ***** Found 2 benchmark(s) in total *****
// ***** Building 1 exe(s) in Parallel: Start   *****
// start dotnet  restore --nodeReuse:false /p:UseSharedCompilation=false /p:Deterministic=true /p:Optimize=true /p:ArtifactsPath="C:\Users\borde\Desktop\Programming\Backend\WPF\GasSimulation\GasSimulation.Benchmarks\bin\Release\net10.0-windows\GasSimulation.Benchmarks-1/" /p:OutDir="C:\Users\borde\Desktop\Programming\Backend\WPF\GasSimulation\GasSimulation.Benchmarks\bin\Release\net10.0-windows\GasSimulation.Benchmarks-1\bin\Release\net10.0-Windows7.0/" /p:OutputPath="C:\Users\borde\Desktop\Programming\Backend\WPF\GasSimulation\GasSimulation.Benchmarks\bin\Release\net10.0-windows\GasSimulation.Benchmarks-1\bin\Release\net10.0-Windows7.0/" /p:PublishDir="C:\Users\borde\Desktop\Programming\Backend\WPF\GasSimulation\GasSimulation.Benchmarks\bin\Release\net10.0-windows\GasSimulation.Benchmarks-1\publish/" in C:\Users\borde\Desktop\Programming\Backend\WPF\GasSimulation\GasSimulation.Benchmarks\bin\Release\net10.0-windows\GasSimulation.Benchmarks-1
// command took 1.53 sec and exited with 0
// start dotnet  build -c Release --no-restore --nodeReuse:false /p:UseSharedCompilation=false /p:Deterministic=true /p:Optimize=true /p:ArtifactsPath="C:\Users\borde\Desktop\Programming\Backend\WPF\GasSimulation\GasSimulation.Benchmarks\bin\Release\net10.0-windows\GasSimulation.Benchmarks-1/" /p:OutDir="C:\Users\borde\Desktop\Programming\Backend\WPF\GasSimulation\GasSimulation.Benchmarks\bin\Release\net10.0-windows\GasSimulation.Benchmarks-1\bin\Release\net10.0-Windows7.0/" /p:OutputPath="C:\Users\borde\Desktop\Programming\Backend\WPF\GasSimulation\GasSimulation.Benchmarks\bin\Release\net10.0-windows\GasSimulation.Benchmarks-1\bin\Release\net10.0-Windows7.0/" /p:PublishDir="C:\Users\borde\Desktop\Programming\Backend\WPF\GasSimulation\GasSimulation.Benchmarks\bin\Release\net10.0-windows\GasSimulation.Benchmarks-1\publish/" --output "C:\Users\borde\Desktop\Programming\Backend\WPF\GasSimulation\GasSimulation.Benchmarks\bin\Release\net10.0-windows\GasSimulation.Benchmarks-1\bin\Release\net10.0-Windows7.0/" in C:\Users\borde\Desktop\Programming\Backend\WPF\GasSimulation\GasSimulation.Benchmarks\bin\Release\net10.0-windows\GasSimulation.Benchmarks-1
// command took 10.26 sec and exited with 0
// ***** Done, took 00:00:11 (11.85 sec)   *****
// Found 2 benchmarks:
//   SimulationBenchmarks.CalculateIteration: DefaultJob [NumAtoms=500]
//   SimulationBenchmarks.CalculateIteration: DefaultJob [NumAtoms=1000]

Setup power plan (GUID: 8c5e7fda-e8bf-4a96-9a85-a6e23a8c635c FriendlyName: High performance)
// **************************
// Benchmark: SimulationBenchmarks.CalculateIteration: DefaultJob [NumAtoms=500]
// *** Execute ***
// Launch: 1 / 1
// Execute: dotnet GasSimulation.Benchmarks-1.dll --anonymousPipes 1432 1456 --benchmarkName "GasSimulation.Benchmarks.Benchmarks.SimulationBenchmarks.CalculateIteration(NumAtoms: 500)" --job Default --benchmarkId 0 in C:\Users\borde\Desktop\Programming\Backend\WPF\GasSimulation\GasSimulation.Benchmarks\bin\Release\net10.0-windows\GasSimulation.Benchmarks-1\bin\Release\net10.0-Windows7.0
// BeforeAnythingElse

// Benchmark Process Environment Information:
// BenchmarkDotNet v0.15.8
// Runtime=.NET 10.0.5 (10.0.5, 10.0.526.15411), X64 RyuJIT x86-64-v3
// GC=Concurrent Workstation
// HardwareIntrinsics=AVX2+BMI1+BMI2+F16C+FMA+LZCNT+MOVBE,AVX,SSE3+SSSE3+SSE4.1+SSE4.2+POPCNT,X86Base+SSE+SSE2,AES+PCLMUL VectorSize=256
// Job: DefaultJob

OverheadJitting  1: 1 op, 156200.00 ns, 156.2000 us/op
WorkloadJitting  1: 1 op, 240546100.00 ns, 240.5461 ms/op

WorkloadPilot    1: 2 op, 76191900.00 ns, 38.0960 ms/op
WorkloadPilot    2: 3 op, 92431700.00 ns, 30.8106 ms/op
WorkloadPilot    3: 4 op, 107946700.00 ns, 26.9867 ms/op
WorkloadPilot    4: 5 op, 99925300.00 ns, 19.9851 ms/op
WorkloadPilot    5: 6 op, 78738300.00 ns, 13.1231 ms/op
WorkloadPilot    6: 7 op, 58368100.00 ns, 8.3383 ms/op
WorkloadPilot    7: 8 op, 41204400.00 ns, 5.1506 ms/op
WorkloadPilot    8: 9 op, 27512100.00 ns, 3.0569 ms/op
WorkloadPilot    9: 10 op, 17382300.00 ns, 1.7382 ms/op
WorkloadPilot   10: 11 op, 14282900.00 ns, 1.2984 ms/op
WorkloadPilot   11: 12 op, 9598900.00 ns, 799.9083 us/op
WorkloadPilot   12: 13 op, 7137000.00 ns, 549.0000 us/op
WorkloadPilot   13: 14 op, 7006500.00 ns, 500.4643 us/op
WorkloadPilot   14: 15 op, 5551500.00 ns, 370.1000 us/op
WorkloadPilot   15: 16 op, 6432200.00 ns, 402.0125 us/op
WorkloadPilot   16: 32 op, 7142200.00 ns, 223.1938 us/op
WorkloadPilot   17: 64 op, 14508600.00 ns, 226.6969 us/op
WorkloadPilot   18: 128 op, 22030400.00 ns, 172.1125 us/op
WorkloadPilot   19: 256 op, 40805900.00 ns, 159.3980 us/op
WorkloadPilot   20: 512 op, 78383000.00 ns, 153.0918 us/op
WorkloadPilot   21: 1024 op, 152363900.00 ns, 148.7929 us/op
WorkloadPilot   22: 2048 op, 300036600.00 ns, 146.5022 us/op
WorkloadPilot   23: 4096 op, 597829000.00 ns, 145.9543 us/op

WorkloadWarmup   1: 4096 op, 595859200.00 ns, 145.4734 us/op
WorkloadWarmup   2: 4096 op, 603486600.00 ns, 147.3356 us/op
WorkloadWarmup   3: 4096 op, 601896900.00 ns, 146.9475 us/op
WorkloadWarmup   4: 4096 op, 601378600.00 ns, 146.8209 us/op
WorkloadWarmup   5: 4096 op, 596744900.00 ns, 145.6897 us/op
WorkloadWarmup   6: 4096 op, 593306500.00 ns, 144.8502 us/op
WorkloadWarmup   7: 4096 op, 597640900.00 ns, 145.9084 us/op
WorkloadWarmup   8: 4096 op, 595560800.00 ns, 145.4006 us/op

// BeforeActualRun
WorkloadActual   1: 4096 op, 611982300.00 ns, 149.4097 us/op
WorkloadActual   2: 4096 op, 601596700.00 ns, 146.8742 us/op
WorkloadActual   3: 4096 op, 597250600.00 ns, 145.8131 us/op
WorkloadActual   4: 4096 op, 600710100.00 ns, 146.6577 us/op
WorkloadActual   5: 4096 op, 595068200.00 ns, 145.2803 us/op
WorkloadActual   6: 4096 op, 590780100.00 ns, 144.2334 us/op
WorkloadActual   7: 4096 op, 591540700.00 ns, 144.4191 us/op
WorkloadActual   8: 4096 op, 592429600.00 ns, 144.6361 us/op
WorkloadActual   9: 4096 op, 595934800.00 ns, 145.4919 us/op
WorkloadActual  10: 4096 op, 589449200.00 ns, 143.9085 us/op
WorkloadActual  11: 4096 op, 597915500.00 ns, 145.9755 us/op
WorkloadActual  12: 4096 op, 592696800.00 ns, 144.7014 us/op
WorkloadActual  13: 4096 op, 596583900.00 ns, 145.6504 us/op
WorkloadActual  14: 4096 op, 591151500.00 ns, 144.3241 us/op
WorkloadActual  15: 4096 op, 597705100.00 ns, 145.9241 us/op

// AfterActualRun
WorkloadResult   1: 4096 op, 601596700.00 ns, 146.8742 us/op
WorkloadResult   2: 4096 op, 597250600.00 ns, 145.8131 us/op
WorkloadResult   3: 4096 op, 600710100.00 ns, 146.6577 us/op
WorkloadResult   4: 4096 op, 595068200.00 ns, 145.2803 us/op
WorkloadResult   5: 4096 op, 590780100.00 ns, 144.2334 us/op
WorkloadResult   6: 4096 op, 591540700.00 ns, 144.4191 us/op
WorkloadResult   7: 4096 op, 592429600.00 ns, 144.6361 us/op
WorkloadResult   8: 4096 op, 595934800.00 ns, 145.4919 us/op
WorkloadResult   9: 4096 op, 589449200.00 ns, 143.9085 us/op
WorkloadResult  10: 4096 op, 597915500.00 ns, 145.9755 us/op
WorkloadResult  11: 4096 op, 592696800.00 ns, 144.7014 us/op
WorkloadResult  12: 4096 op, 596583900.00 ns, 145.6504 us/op
WorkloadResult  13: 4096 op, 591151500.00 ns, 144.3241 us/op
WorkloadResult  14: 4096 op, 597705100.00 ns, 145.9241 us/op
// GC:  0 0 0 0 4096
// Threading:  0 0 4096

// AfterAll
// Benchmark Process 380736 has exited with code 0.

Mean = 145.278 μs, StdErr = 0.248 μs (0.17%), N = 14, StdDev = 0.928 μs
Min = 143.908 μs, Q1 = 144.473 μs, Median = 145.386 μs, Q3 = 145.896 μs, Max = 146.874 μs
IQR = 1.423 μs, LowerFence = 142.339 μs, UpperFence = 148.031 μs
ConfidenceInterval = [144.231 μs; 146.324 μs] (CI 99.9%), Margin = 1.046 μs (0.72% of Mean)
Skewness = 0.17, Kurtosis = 1.64, MValue = 2

// ** Remained 1 (50.0%) benchmark(s) to run. Estimated finish 2026-05-08 17:04 (0h 0m from now) **
Setup power plan (GUID: 8c5e7fda-e8bf-4a96-9a85-a6e23a8c635c FriendlyName: High performance)
// **************************
// Benchmark: SimulationBenchmarks.CalculateIteration: DefaultJob [NumAtoms=1000]
// *** Execute ***
// Launch: 1 / 1
// Execute: dotnet GasSimulation.Benchmarks-1.dll --anonymousPipes 1508 1532 --benchmarkName "GasSimulation.Benchmarks.Benchmarks.SimulationBenchmarks.CalculateIteration(NumAtoms: 1000)" --job Default --benchmarkId 1 in C:\Users\borde\Desktop\Programming\Backend\WPF\GasSimulation\GasSimulation.Benchmarks\bin\Release\net10.0-windows\GasSimulation.Benchmarks-1\bin\Release\net10.0-Windows7.0
// BeforeAnythingElse

// Benchmark Process Environment Information:
// BenchmarkDotNet v0.15.8
// Runtime=.NET 10.0.5 (10.0.5, 10.0.526.15411), X64 RyuJIT x86-64-v3
// GC=Concurrent Workstation
// HardwareIntrinsics=AVX2+BMI1+BMI2+F16C+FMA+LZCNT+MOVBE,AVX,SSE3+SSSE3+SSE4.1+SSE4.2+POPCNT,X86Base+SSE+SSE2,AES+PCLMUL VectorSize=256
// Job: DefaultJob

OverheadJitting  1: 1 op, 150000.00 ns, 150.0000 us/op
WorkloadJitting  1: 1 op, 1575045800.00 ns, 1.5750 s/op

OverheadJitting  2: 1 op, 300.00 ns, 300.0000 ns/op
WorkloadJitting  2: 1 op, 1197236800.00 ns, 1.1972 s/op

WorkloadWarmup   1: 1 op, 917762300.00 ns, 917.7623 ms/op
WorkloadWarmup   2: 1 op, 904127200.00 ns, 904.1272 ms/op
WorkloadWarmup   3: 1 op, 696136100.00 ns, 696.1361 ms/op
WorkloadWarmup   4: 1 op, 647613600.00 ns, 647.6136 ms/op
WorkloadWarmup   5: 1 op, 582956400.00 ns, 582.9564 ms/op
WorkloadWarmup   6: 1 op, 480082400.00 ns, 480.0824 ms/op
WorkloadWarmup   7: 1 op, 422565100.00 ns, 422.5651 ms/op
WorkloadWarmup   8: 1 op, 358680800.00 ns, 358.6808 ms/op
WorkloadWarmup   9: 1 op, 342506100.00 ns, 342.5061 ms/op
WorkloadWarmup  10: 1 op, 298980000.00 ns, 298.9800 ms/op
WorkloadWarmup  11: 1 op, 232747100.00 ns, 232.7471 ms/op
WorkloadWarmup  12: 1 op, 200897500.00 ns, 200.8975 ms/op
WorkloadWarmup  13: 1 op, 185601400.00 ns, 185.6014 ms/op
WorkloadWarmup  14: 1 op, 146061400.00 ns, 146.0614 ms/op
WorkloadWarmup  15: 1 op, 142637800.00 ns, 142.6378 ms/op
WorkloadWarmup  16: 1 op, 100876200.00 ns, 100.8762 ms/op
WorkloadWarmup  17: 1 op, 123227400.00 ns, 123.2274 ms/op
WorkloadWarmup  18: 1 op, 90061900.00 ns, 90.0619 ms/op
WorkloadWarmup  19: 1 op, 77511200.00 ns, 77.5112 ms/op
WorkloadWarmup  20: 1 op, 99427900.00 ns, 99.4279 ms/op
WorkloadWarmup  21: 1 op, 79178500.00 ns, 79.1785 ms/op

// BeforeActualRun
WorkloadActual   1: 1 op, 70531700.00 ns, 70.5317 ms/op
WorkloadActual   2: 1 op, 80626400.00 ns, 80.6264 ms/op
WorkloadActual   3: 1 op, 55024500.00 ns, 55.0245 ms/op
WorkloadActual   4: 1 op, 49874900.00 ns, 49.8749 ms/op
WorkloadActual   5: 1 op, 55213700.00 ns, 55.2137 ms/op
WorkloadActual   6: 1 op, 42443200.00 ns, 42.4432 ms/op
WorkloadActual   7: 1 op, 45507400.00 ns, 45.5074 ms/op
WorkloadActual   8: 1 op, 41001300.00 ns, 41.0013 ms/op
WorkloadActual   9: 1 op, 35514900.00 ns, 35.5149 ms/op
WorkloadActual  10: 1 op, 41569700.00 ns, 41.5697 ms/op
WorkloadActual  11: 1 op, 31650500.00 ns, 31.6505 ms/op
WorkloadActual  12: 1 op, 24314800.00 ns, 24.3148 ms/op
WorkloadActual  13: 1 op, 29405000.00 ns, 29.4050 ms/op
WorkloadActual  14: 1 op, 33653100.00 ns, 33.6531 ms/op
WorkloadActual  15: 1 op, 22576600.00 ns, 22.5766 ms/op
WorkloadActual  16: 1 op, 23551600.00 ns, 23.5516 ms/op
WorkloadActual  17: 1 op, 18584000.00 ns, 18.5840 ms/op
WorkloadActual  18: 1 op, 23249800.00 ns, 23.2498 ms/op
WorkloadActual  19: 1 op, 18361200.00 ns, 18.3612 ms/op
WorkloadActual  20: 1 op, 20380900.00 ns, 20.3809 ms/op
WorkloadActual  21: 1 op, 10847900.00 ns, 10.8479 ms/op
WorkloadActual  22: 1 op, 18709300.00 ns, 18.7093 ms/op
WorkloadActual  23: 1 op, 20131800.00 ns, 20.1318 ms/op
WorkloadActual  24: 1 op, 9245900.00 ns, 9.2459 ms/op
WorkloadActual  25: 1 op, 14160900.00 ns, 14.1609 ms/op
WorkloadActual  26: 1 op, 18028800.00 ns, 18.0288 ms/op
WorkloadActual  27: 1 op, 12044100.00 ns, 12.0441 ms/op
WorkloadActual  28: 1 op, 9967000.00 ns, 9.9670 ms/op
WorkloadActual  29: 1 op, 13368100.00 ns, 13.3681 ms/op
WorkloadActual  30: 1 op, 12871000.00 ns, 12.8710 ms/op
WorkloadActual  31: 1 op, 11353600.00 ns, 11.3536 ms/op
WorkloadActual  32: 1 op, 12519400.00 ns, 12.5194 ms/op
WorkloadActual  33: 1 op, 8165700.00 ns, 8.1657 ms/op
WorkloadActual  34: 1 op, 9690300.00 ns, 9.6903 ms/op
WorkloadActual  35: 1 op, 4825400.00 ns, 4.8254 ms/op
WorkloadActual  36: 1 op, 10351800.00 ns, 10.3518 ms/op
WorkloadActual  37: 1 op, 4177800.00 ns, 4.1778 ms/op
WorkloadActual  38: 1 op, 6869700.00 ns, 6.8697 ms/op
WorkloadActual  39: 1 op, 12430100.00 ns, 12.4301 ms/op
WorkloadActual  40: 1 op, 3488500.00 ns, 3.4885 ms/op
WorkloadActual  41: 1 op, 8688800.00 ns, 8.6888 ms/op
WorkloadActual  42: 1 op, 10333900.00 ns, 10.3339 ms/op
WorkloadActual  43: 1 op, 6924700.00 ns, 6.9247 ms/op
WorkloadActual  44: 1 op, 9550200.00 ns, 9.5502 ms/op
WorkloadActual  45: 1 op, 5451400.00 ns, 5.4514 ms/op
WorkloadActual  46: 1 op, 7406200.00 ns, 7.4062 ms/op
WorkloadActual  47: 1 op, 7397400.00 ns, 7.3974 ms/op
WorkloadActual  48: 1 op, 7074100.00 ns, 7.0741 ms/op
WorkloadActual  49: 1 op, 7697700.00 ns, 7.6977 ms/op
WorkloadActual  50: 1 op, 6214500.00 ns, 6.2145 ms/op
WorkloadActual  51: 1 op, 4733100.00 ns, 4.7331 ms/op
WorkloadActual  52: 1 op, 6294100.00 ns, 6.2941 ms/op
WorkloadActual  53: 1 op, 7086600.00 ns, 7.0866 ms/op
WorkloadActual  54: 1 op, 4698300.00 ns, 4.6983 ms/op
WorkloadActual  55: 1 op, 4781700.00 ns, 4.7817 ms/op
WorkloadActual  56: 1 op, 6113100.00 ns, 6.1131 ms/op
WorkloadActual  57: 1 op, 8547300.00 ns, 8.5473 ms/op
WorkloadActual  58: 1 op, 1349600.00 ns, 1.3496 ms/op
WorkloadActual  59: 1 op, 5281800.00 ns, 5.2818 ms/op
WorkloadActual  60: 1 op, 3865100.00 ns, 3.8651 ms/op
WorkloadActual  61: 1 op, 3385600.00 ns, 3.3856 ms/op
WorkloadActual  62: 1 op, 3325200.00 ns, 3.3252 ms/op
WorkloadActual  63: 1 op, 4769200.00 ns, 4.7692 ms/op
WorkloadActual  64: 1 op, 5722900.00 ns, 5.7229 ms/op
WorkloadActual  65: 1 op, 4658500.00 ns, 4.6585 ms/op
WorkloadActual  66: 1 op, 3248200.00 ns, 3.2482 ms/op
WorkloadActual  67: 1 op, 4130800.00 ns, 4.1308 ms/op
WorkloadActual  68: 1 op, 5910000.00 ns, 5.9100 ms/op
WorkloadActual  69: 1 op, 2003500.00 ns, 2.0035 ms/op
WorkloadActual  70: 1 op, 3320900.00 ns, 3.3209 ms/op
WorkloadActual  71: 1 op, 2044300.00 ns, 2.0443 ms/op
WorkloadActual  72: 1 op, 3307300.00 ns, 3.3073 ms/op
WorkloadActual  73: 1 op, 2638900.00 ns, 2.6389 ms/op
WorkloadActual  74: 1 op, 6040600.00 ns, 6.0406 ms/op
WorkloadActual  75: 1 op, 2073900.00 ns, 2.0739 ms/op
WorkloadActual  76: 1 op, 2152500.00 ns, 2.1525 ms/op
WorkloadActual  77: 1 op, 2060000.00 ns, 2.0600 ms/op
WorkloadActual  78: 1 op, 3128400.00 ns, 3.1284 ms/op
WorkloadActual  79: 1 op, 2883900.00 ns, 2.8839 ms/op
WorkloadActual  80: 1 op, 3308600.00 ns, 3.3086 ms/op
WorkloadActual  81: 1 op, 1287600.00 ns, 1.2876 ms/op
WorkloadActual  82: 1 op, 3300700.00 ns, 3.3007 ms/op
WorkloadActual  83: 1 op, 1574800.00 ns, 1.5748 ms/op
WorkloadActual  84: 1 op, 2335400.00 ns, 2.3354 ms/op
WorkloadActual  85: 1 op, 3261400.00 ns, 3.2614 ms/op
WorkloadActual  86: 1 op, 2697900.00 ns, 2.6979 ms/op
WorkloadActual  87: 1 op, 1988900.00 ns, 1.9889 ms/op
WorkloadActual  88: 1 op, 3989100.00 ns, 3.9891 ms/op
WorkloadActual  89: 1 op, 640900.00 ns, 640.9000 us/op
WorkloadActual  90: 1 op, 5296700.00 ns, 5.2967 ms/op
WorkloadActual  91: 1 op, 2177700.00 ns, 2.1777 ms/op
WorkloadActual  92: 1 op, 1979000.00 ns, 1.9790 ms/op
WorkloadActual  93: 1 op, 1468300.00 ns, 1.4683 ms/op
WorkloadActual  94: 1 op, 1285200.00 ns, 1.2852 ms/op
WorkloadActual  95: 1 op, 2680400.00 ns, 2.6804 ms/op
WorkloadActual  96: 1 op, 1920600.00 ns, 1.9206 ms/op
WorkloadActual  97: 1 op, 637000.00 ns, 637.0000 us/op
WorkloadActual  98: 1 op, 2055800.00 ns, 2.0558 ms/op
WorkloadActual  99: 1 op, 1275900.00 ns, 1.2759 ms/op
WorkloadActual  100: 1 op, 2093000.00 ns, 2.0930 ms/op

// AfterActualRun
WorkloadResult   1: 1 op, 24314800.00 ns, 24.3148 ms/op
WorkloadResult   2: 1 op, 22576600.00 ns, 22.5766 ms/op
WorkloadResult   3: 1 op, 23551600.00 ns, 23.5516 ms/op
WorkloadResult   4: 1 op, 18584000.00 ns, 18.5840 ms/op
WorkloadResult   5: 1 op, 23249800.00 ns, 23.2498 ms/op
WorkloadResult   6: 1 op, 18361200.00 ns, 18.3612 ms/op
WorkloadResult   7: 1 op, 20380900.00 ns, 20.3809 ms/op
WorkloadResult   8: 1 op, 10847900.00 ns, 10.8479 ms/op
WorkloadResult   9: 1 op, 18709300.00 ns, 18.7093 ms/op
WorkloadResult  10: 1 op, 20131800.00 ns, 20.1318 ms/op
WorkloadResult  11: 1 op, 9245900.00 ns, 9.2459 ms/op
WorkloadResult  12: 1 op, 14160900.00 ns, 14.1609 ms/op
WorkloadResult  13: 1 op, 18028800.00 ns, 18.0288 ms/op
WorkloadResult  14: 1 op, 12044100.00 ns, 12.0441 ms/op
WorkloadResult  15: 1 op, 9967000.00 ns, 9.9670 ms/op
WorkloadResult  16: 1 op, 13368100.00 ns, 13.3681 ms/op
WorkloadResult  17: 1 op, 12871000.00 ns, 12.8710 ms/op
WorkloadResult  18: 1 op, 11353600.00 ns, 11.3536 ms/op
WorkloadResult  19: 1 op, 12519400.00 ns, 12.5194 ms/op
WorkloadResult  20: 1 op, 8165700.00 ns, 8.1657 ms/op
WorkloadResult  21: 1 op, 9690300.00 ns, 9.6903 ms/op
WorkloadResult  22: 1 op, 4825400.00 ns, 4.8254 ms/op
WorkloadResult  23: 1 op, 10351800.00 ns, 10.3518 ms/op
WorkloadResult  24: 1 op, 4177800.00 ns, 4.1778 ms/op
WorkloadResult  25: 1 op, 6869700.00 ns, 6.8697 ms/op
WorkloadResult  26: 1 op, 12430100.00 ns, 12.4301 ms/op
WorkloadResult  27: 1 op, 3488500.00 ns, 3.4885 ms/op
WorkloadResult  28: 1 op, 8688800.00 ns, 8.6888 ms/op
WorkloadResult  29: 1 op, 10333900.00 ns, 10.3339 ms/op
WorkloadResult  30: 1 op, 6924700.00 ns, 6.9247 ms/op
WorkloadResult  31: 1 op, 9550200.00 ns, 9.5502 ms/op
WorkloadResult  32: 1 op, 5451400.00 ns, 5.4514 ms/op
WorkloadResult  33: 1 op, 7406200.00 ns, 7.4062 ms/op
WorkloadResult  34: 1 op, 7397400.00 ns, 7.3974 ms/op
WorkloadResult  35: 1 op, 7074100.00 ns, 7.0741 ms/op
WorkloadResult  36: 1 op, 7697700.00 ns, 7.6977 ms/op
WorkloadResult  37: 1 op, 6214500.00 ns, 6.2145 ms/op
WorkloadResult  38: 1 op, 4733100.00 ns, 4.7331 ms/op
WorkloadResult  39: 1 op, 6294100.00 ns, 6.2941 ms/op
WorkloadResult  40: 1 op, 7086600.00 ns, 7.0866 ms/op
WorkloadResult  41: 1 op, 4698300.00 ns, 4.6983 ms/op
WorkloadResult  42: 1 op, 4781700.00 ns, 4.7817 ms/op
WorkloadResult  43: 1 op, 6113100.00 ns, 6.1131 ms/op
WorkloadResult  44: 1 op, 8547300.00 ns, 8.5473 ms/op
WorkloadResult  45: 1 op, 1349600.00 ns, 1.3496 ms/op
WorkloadResult  46: 1 op, 5281800.00 ns, 5.2818 ms/op
WorkloadResult  47: 1 op, 3865100.00 ns, 3.8651 ms/op
WorkloadResult  48: 1 op, 3385600.00 ns, 3.3856 ms/op
WorkloadResult  49: 1 op, 3325200.00 ns, 3.3252 ms/op
WorkloadResult  50: 1 op, 4769200.00 ns, 4.7692 ms/op
WorkloadResult  51: 1 op, 5722900.00 ns, 5.7229 ms/op
WorkloadResult  52: 1 op, 4658500.00 ns, 4.6585 ms/op
WorkloadResult  53: 1 op, 3248200.00 ns, 3.2482 ms/op
WorkloadResult  54: 1 op, 4130800.00 ns, 4.1308 ms/op
WorkloadResult  55: 1 op, 5910000.00 ns, 5.9100 ms/op
WorkloadResult  56: 1 op, 2003500.00 ns, 2.0035 ms/op
WorkloadResult  57: 1 op, 3320900.00 ns, 3.3209 ms/op
WorkloadResult  58: 1 op, 2044300.00 ns, 2.0443 ms/op
WorkloadResult  59: 1 op, 3307300.00 ns, 3.3073 ms/op
WorkloadResult  60: 1 op, 2638900.00 ns, 2.6389 ms/op
WorkloadResult  61: 1 op, 6040600.00 ns, 6.0406 ms/op
WorkloadResult  62: 1 op, 2073900.00 ns, 2.0739 ms/op
WorkloadResult  63: 1 op, 2152500.00 ns, 2.1525 ms/op
WorkloadResult  64: 1 op, 2060000.00 ns, 2.0600 ms/op
WorkloadResult  65: 1 op, 3128400.00 ns, 3.1284 ms/op
WorkloadResult  66: 1 op, 2883900.00 ns, 2.8839 ms/op
WorkloadResult  67: 1 op, 3308600.00 ns, 3.3086 ms/op
WorkloadResult  68: 1 op, 1287600.00 ns, 1.2876 ms/op
WorkloadResult  69: 1 op, 3300700.00 ns, 3.3007 ms/op
WorkloadResult  70: 1 op, 1574800.00 ns, 1.5748 ms/op
WorkloadResult  71: 1 op, 2335400.00 ns, 2.3354 ms/op
WorkloadResult  72: 1 op, 3261400.00 ns, 3.2614 ms/op
WorkloadResult  73: 1 op, 2697900.00 ns, 2.6979 ms/op
WorkloadResult  74: 1 op, 1988900.00 ns, 1.9889 ms/op
WorkloadResult  75: 1 op, 3989100.00 ns, 3.9891 ms/op
WorkloadResult  76: 1 op, 640900.00 ns, 640.9000 us/op
WorkloadResult  77: 1 op, 5296700.00 ns, 5.2967 ms/op
WorkloadResult  78: 1 op, 2177700.00 ns, 2.1777 ms/op
WorkloadResult  79: 1 op, 1979000.00 ns, 1.9790 ms/op
WorkloadResult  80: 1 op, 1468300.00 ns, 1.4683 ms/op
WorkloadResult  81: 1 op, 1285200.00 ns, 1.2852 ms/op
WorkloadResult  82: 1 op, 2680400.00 ns, 2.6804 ms/op
WorkloadResult  83: 1 op, 1920600.00 ns, 1.9206 ms/op
WorkloadResult  84: 1 op, 637000.00 ns, 637.0000 us/op
WorkloadResult  85: 1 op, 2055800.00 ns, 2.0558 ms/op
WorkloadResult  86: 1 op, 1275900.00 ns, 1.2759 ms/op
WorkloadResult  87: 1 op, 2093000.00 ns, 2.0930 ms/op
// GC:  0 0 0 720 1
// Threading:  0 0 1

// AfterAll
// Benchmark Process 381064 has exited with code 0.

Mean = 7.101 ms, StdErr = 0.644 ms (9.07%), N = 87, StdDev = 6.011 ms
Min = 0.637 ms, Q1 = 2.689 ms, Median = 4.825 ms, Q3 = 9.620 ms, Max = 24.315 ms
IQR = 6.931 ms, LowerFence = -7.707 ms, UpperFence = 20.017 ms
ConfidenceInterval = [4.906 ms; 9.297 ms] (CI 99.9%), Margin = 2.196 ms (30.92% of Mean)
Skewness = 1.32, Kurtosis = 3.89, MValue = 2.22

// ** Remained 0 (0.0%) benchmark(s) to run. Estimated finish 2026-05-08 17:04 (0h 0m from now) **
Successfully reverted power plan (GUID: 8c5e7fda-e8bf-4a96-9a85-a6e23a8c635c FriendlyName: High performance)
// ***** BenchmarkRunner: Finish  *****

// * Export *
  BenchmarkDotNet.Artifacts\results\GasSimulation.Benchmarks.Benchmarks.SimulationBenchmarks-report.csv
  BenchmarkDotNet.Artifacts\results\GasSimulation.Benchmarks.Benchmarks.SimulationBenchmarks-report-github.md
  BenchmarkDotNet.Artifacts\results\GasSimulation.Benchmarks.Benchmarks.SimulationBenchmarks-report.html

// * Detailed results *
SimulationBenchmarks.CalculateIteration: DefaultJob [NumAtoms=500]
Runtime = .NET 10.0.5 (10.0.5, 10.0.526.15411), X64 RyuJIT x86-64-v3; GC = Concurrent Workstation
Mean = 145.278 μs, StdErr = 0.248 μs (0.17%), N = 14, StdDev = 0.928 μs
Min = 143.908 μs, Q1 = 144.473 μs, Median = 145.386 μs, Q3 = 145.896 μs, Max = 146.874 μs
IQR = 1.423 μs, LowerFence = 142.339 μs, UpperFence = 148.031 μs
ConfidenceInterval = [144.231 μs; 146.324 μs] (CI 99.9%), Margin = 1.046 μs (0.72% of Mean)
Skewness = 0.17, Kurtosis = 1.64, MValue = 2
-------------------- Histogram --------------------
[143.403 μs ; 147.084 μs) | @@@@@@@@@@@@@@
---------------------------------------------------

SimulationBenchmarks.CalculateIteration: DefaultJob [NumAtoms=1000]
Runtime = .NET 10.0.5 (10.0.5, 10.0.526.15411), X64 RyuJIT x86-64-v3; GC = Concurrent Workstation
Mean = 7.101 ms, StdErr = 0.644 ms (9.07%), N = 87, StdDev = 6.011 ms
Min = 0.637 ms, Q1 = 2.689 ms, Median = 4.825 ms, Q3 = 9.620 ms, Max = 24.315 ms
IQR = 6.931 ms, LowerFence = -7.707 ms, UpperFence = 20.017 ms
ConfidenceInterval = [4.906 ms; 9.297 ms] (CI 99.9%), Margin = 2.196 ms (30.92% of Mean)
Skewness = 1.32, Kurtosis = 3.89, MValue = 2.22
-------------------- Histogram --------------------
[ 0.637 ms ;  1.270 ms) | @@
[ 1.270 ms ;  4.831 ms) | @@@@@@@@@@@@@@@@@@@@@@@@@@@@@@@@@@@@@@@@@@
[ 4.831 ms ;  8.766 ms) | @@@@@@@@@@@@@@@@@@@
[ 8.766 ms ; 12.663 ms) | @@@@@@@@@@@
[12.663 ms ; 15.296 ms) | @@@
[15.296 ms ; 17.424 ms) | 
[17.424 ms ; 20.985 ms) | @@@@@@
[20.985 ms ; 25.226 ms) | @@@@
---------------------------------------------------

// * Summary *

BenchmarkDotNet v0.15.8, Windows 11 (10.0.26200.8246/25H2/2025Update/HudsonValley2)
AMD Ryzen 5 7535HS with Radeon Graphics 3.30GHz, 1 CPU, 12 logical and 6 physical cores
.NET SDK 10.0.300-preview.0.26177.108
  [Host]     : .NET 10.0.5 (10.0.5, 10.0.526.15411), X64 RyuJIT x86-64-v3
  DefaultJob : .NET 10.0.5 (10.0.5, 10.0.526.15411), X64 RyuJIT x86-64-v3


| Method             | NumAtoms | Mean       | Error       | StdDev      | Median     | Rank | Allocated |
|------------------- |--------- |-----------:|------------:|------------:|-----------:|-----:|----------:|
| CalculateIteration | 500      |   145.3 μs |     1.05 μs |     0.93 μs |   145.4 μs |    1 |         - |
| CalculateIteration | 1000     | 7,101.3 μs | 2,195.78 μs | 6,010.91 μs | 4,825.4 μs |    2 |     720 B |

// * Warnings *
MinIterationTime
  SimulationBenchmarks.CalculateIteration: Default -> The minimum observed iteration time is 637μs which is very small. It's recommended to increase it to at least 100ms using more operations.

// * Hints *
Outliers
  SimulationBenchmarks.CalculateIteration: Default -> 1 outlier  was  removed (149.41 μs)
  SimulationBenchmarks.CalculateIteration: Default -> 13 outliers were removed (29.41 ms..80.63 ms)

// * Legends *
  NumAtoms  : Value of the 'NumAtoms' parameter
  Mean      : Arithmetic mean of all measurements
  Error     : Half of 99.9% confidence interval
  StdDev    : Standard deviation of all measurements
  Median    : Value separating the higher half of all measurements (50th percentile)
  Rank      : Relative position of current benchmark mean among all benchmarks (Arabic style)
  Allocated : Allocated memory per single operation (managed only, inclusive, 1KB = 1024B)
  1 μs      : 1 Microsecond (0.000001 sec)

// * Diagnostic Output - MemoryDiagnoser *


// ***** BenchmarkRunner: End *****
Run time: 00:00:28 (28.82 sec), executed benchmarks: 2

Global total time: 00:00:41 (41.44 sec), executed benchmarks: 2
// * Artifacts cleanup *
Artifacts cleanup is finished
